 PhysX3CommonCHECKED_x64

 Timestamp is 58ba636d (Fri Mar  3 23:49:17 2017)

 Preferred load address is 0000000180000000

 Start         Length     Name                   Class
 0001:00000000 000112d0H .text$di                CODE
 0001:000112d0 001e2b70H .text$mn                CODE
 0001:001f3e40 00001020H .text$mn$00             CODE
 0001:001f4e60 00001810H .text$x                 CODE
 0001:001f6670 00001012H .text$yd                CODE
 0002:00000000 00000110H .CRT$XCA                DATA
 0002:00000110 00001b00H .CRT$XCU                DATA
 0002:00001c10 00000110H .CRT$XCZ                DATA
 0002:00001d20 00000110H .CRT$XIA                DATA
 0002:00001e30 00000130H .CRT$XIC                DATA
 0002:00001f60 00000110H .CRT$XIZ                DATA
 0002:00002070 00000110H .CRT$XPA                DATA
 0002:00002180 00000120H .CRT$XPX                DATA
 0002:000022a0 00000110H .CRT$XPXA               DATA
 0002:000023b0 00000110H .CRT$XPZ                DATA
 0002:000024c0 00000110H .CRT$XTA                DATA
 0002:000025d0 00000110H .CRT$XTZ                DATA
 0002:000026e0 00013e68H .rdata                  DATA
 0002:00016548 000006b0H .rdata$r                DATA
 0002:00016bf8 000001a8H .rdata$zzzdbg           DATA
 0002:00016da0 00000110H .rtc$IAA                DATA
 0002:00016eb0 00000110H .rtc$IZZ                DATA
 0002:00016fc0 00000110H .rtc$TAA                DATA
 0002:000170d0 00000110H .rtc$TZZ                DATA
 0002:000171e0 00013fc8H .xdata                  DATA
 0002:0002b1a8 00000218H .xdata$x                DATA
 0002:0002b3c0 0001746dH .edata                  DATA
 0003:00000000 000023f0H .data                   DATA
 0003:000023f0 000005f0H .data$r                 DATA
 0003:000029e0 00004e59H .bss                    DATA
 0004:00000000 0000b3f4H .pdata                  DATA
 0005:00000000 00000588H .idata$5                DATA
 0005:00000588 00000028H .idata$2                DATA
 0005:000005b0 00000018H .idata$3                DATA
 0005:000005c8 00000588H .idata$4                DATA
 0005:00000b50 00000a20H .idata$6                DATA
 0006:00000000 00000220H .gfids$x                DATA
 0006:00000220 000001cdH .gfids$y                DATA
 0007:00000000 0000011bH .00cfg                  DATA
 0008:00000000 000001c0H .rsrc$01                DATA
 0008:000001c0 000006a9H .rsrc$02                DATA

  Address         Publics by Value              Rva+Base               Lib:Object

 0000:00000000       __guard_fids_table         0000000000000000     <absolute>
 0000:00000000       ___safe_se_handler_count   0000000000000000     <absolute>
 0000:00000000       __guard_iat_count          0000000000000000     <absolute>
 0000:00000000       __dynamic_value_reloc_table 0000000000000000     <absolute>
 0000:00000000       __guard_longjmp_table      0000000000000000     <absolute>
 0000:00000000       __guard_fids_count         0000000000000000     <absolute>
 0000:00000000       ___safe_se_handler_table   0000000000000000     <absolute>
 0000:00000000       __guard_longjmp_count      0000000000000000     <absolute>
 0000:00000000       __guard_iat_table          0000000000000000     <absolute>
 0000:00000100       __guard_flags              0000000000000100     <absolute>
 0000:00000000       __ImageBase                0000000180000000     <linker-defined>
 0001:000112d0       ?atomicExchange@shdfnd@physx@@YAHPECHH@Z 00000001800122d0 f   PsWindowsAtomic.obj
 0001:000112e0       ?atomicCompareExchange@shdfnd@physx@@YAHPECHHH@Z 00000001800122e0 f   PsWindowsAtomic.obj
 0001:000112f0       ?atomicCompareExchangePointer@shdfnd@physx@@YAPEAXPEAPECXPEAX1@Z 00000001800122f0 f   PsWindowsAtomic.obj
 0001:00011300       ?atomicIncrement@shdfnd@physx@@YAHPECH@Z 0000000180012300 f   PsWindowsAtomic.obj
 0001:00011320       ?atomicDecrement@shdfnd@physx@@YAHPECH@Z 0000000180012320 f   PsWindowsAtomic.obj
 0001:00011330       ?atomicAdd@shdfnd@physx@@YAHPECHH@Z 0000000180012330 f   PsWindowsAtomic.obj
 0001:00011350       ?atomicMax@shdfnd@physx@@YAHPECHH@Z 0000000180012350 f   PsWindowsAtomic.obj
 0001:000113a0       ?getCpuId@Cpu@shdfnd@physx@@SAEXZ 00000001800123a0 f   PsWindowsCpu.obj
 0001:000113d0       ??0FPUGuard@shdfnd@physx@@QEAA@XZ 00000001800123d0 f   PsWindowsFPU.obj
 0001:00011410       ??1FPUGuard@shdfnd@physx@@QEAA@XZ 0000000180012410 f   PsWindowsFPU.obj
 0001:00011440       ?enableFPExceptions@shdfnd@physx@@YAXXZ 0000000180012440 f   PsWindowsFPU.obj
 0001:00011470       ?disableFPExceptions@shdfnd@physx@@YAXXZ 0000000180012470 f   PsWindowsFPU.obj
 0001:000114b0       ??4FPUGuard@shdfnd@physx@@QEAAAEAV012@AEBV012@@Z 00000001800124b0 f i PsWindowsFPU.obj
 0001:000114d0       ??0MemoryMappedFile@shdfnd@physx@@QEAA@PEBDI@Z 00000001800124d0 f   PsWindowsMemoryMappedFile.obj
 0001:00011590       ??1MemoryMappedFile@shdfnd@physx@@QEAA@XZ 0000000180012590 f   PsWindowsMemoryMappedFile.obj
 0001:000115e0       ?getBaseAddress@MemoryMappedFile@shdfnd@physx@@QEAAPEAXXZ 00000001800125e0 f   PsWindowsMemoryMappedFile.obj
 0001:00011630       ??0Allocator@shdfnd@physx@@QEAA@PEBD@Z 0000000180012630 f i PsWindowsMemoryMappedFile.obj
 0001:00011640       ??0PxFoundation@physx@@QEAA@AEBV01@@Z 0000000180012640 f i PsWindowsMemoryMappedFile.obj
 0001:00011660       ??0PxFoundation@physx@@QEAA@XZ 0000000180012660 f i PsWindowsMemoryMappedFile.obj
 0001:00011680       ??1PxFoundation@physx@@MEAA@XZ 0000000180012680 f i PsWindowsMemoryMappedFile.obj
 0001:00011690       ??4Allocator@shdfnd@physx@@QEAAAEAV012@$$QEAV012@@Z 0000000180012690 f i PsWindowsMemoryMappedFile.obj
 0001:000116a0       ??4Allocator@shdfnd@physx@@QEAAAEAV012@AEBV012@@Z 00000001800126a0 f i PsWindowsMemoryMappedFile.obj
 0001:000116b0       ??4ErrorHandler@shdfnd@physx@@QEAAAEAV012@AEBV012@@Z 00000001800126b0 f i PsWindowsMemoryMappedFile.obj
 0001:000116d0       ??4MutexImpl@shdfnd@physx@@QEAAAEAV012@AEBV012@@Z 00000001800126d0 f i PsWindowsMemoryMappedFile.obj
 0001:000116e0       ??4PAUtils@shdfnd@physx@@QEAAAEAV012@AEBV012@@Z 00000001800126e0 f i PsWindowsMemoryMappedFile.obj
 0001:000116f0       ??4PxFoundation@physx@@QEAAAEAV01@AEBV01@@Z 00000001800126f0 f i PsWindowsMemoryMappedFile.obj
 0001:00011700       ??_EPxFoundation@physx@@MEAAPEAXI@Z 0000000180012700 f i PsWindowsMemoryMappedFile.obj
 0001:000117b0       ??_FAllocator@shdfnd@physx@@QEAAXXZ 00000001800127b0 f i PsWindowsMemoryMappedFile.obj
 0001:000117c0       ??_FNamedAllocator@shdfnd@physx@@QEAAXXZ 00000001800127c0 f i PsWindowsMemoryMappedFile.obj
 0001:000117d0       ??_GPxFoundation@physx@@MEAAPEAXI@Z 00000001800127d0 f i PsWindowsMemoryMappedFile.obj
 0001:00011810       ??_I@YAXPEAX_K1P6AX0@Z@Z   0000000180012810 f i PsWindowsMemoryMappedFile.obj
 0001:00011880       ?getAllocator@Foundation@shdfnd@physx@@UEBAAEAVPxBroadcastingAllocator@3@XZ 0000000180012880 f i PsWindowsMemoryMappedFile.obj
 0001:00011890       ?getCallbackCount@ErrorHandler@shdfnd@physx@@QEBAIXZ 0000000180012890 f i PsWindowsMemoryMappedFile.obj
 0001:000118a0       ?getCheckedAllocator@Foundation@shdfnd@physx@@QEAAAEAVPxAllocatorCallback@3@XZ 00000001800128a0 f i PsWindowsMemoryMappedFile.obj
 0001:000118b0       ?getErrorCallback@ErrorHandler@shdfnd@physx@@QEBAPEAVPxErrorCallback@3@H@Z 00000001800128b0 f i PsWindowsMemoryMappedFile.obj
 0001:000118c0       ?getErrorHandler@Foundation@shdfnd@physx@@QEAAAEAVErrorHandler@23@XZ 00000001800128c0 f i PsWindowsMemoryMappedFile.obj
 0001:000118d0       ?getErrorMutex@Foundation@shdfnd@physx@@QEAAAEAV?$MutexT@VAllocator@shdfnd@physx@@@23@XZ 00000001800128d0 f i PsWindowsMemoryMappedFile.obj
 0001:000118e0       ?getMaxCallbackNum@ErrorHandler@shdfnd@physx@@QEBAIXZ 00000001800128e0 f i PsWindowsMemoryMappedFile.obj
 0001:000118f0       ?getNamedAllocMap@Foundation@shdfnd@physx@@QEAAAEAV?$HashMap@PEBVNamedAllocator@shdfnd@physx@@PEBDU?$Hash@PEBVNamedAllocator@shdfnd@physx@@@23@VNonTrackingAllocator@23@@23@XZ 00000001800128f0 f i PsWindowsMemoryMappedFile.obj
 0001:00011900       ?getNamedAllocMutex@Foundation@shdfnd@physx@@QEAAAEAV?$MutexT@VAllocator@shdfnd@physx@@@23@XZ 0000000180012900 f i PsWindowsMemoryMappedFile.obj
 0001:00011910       ?getPAUtils@Foundation@shdfnd@physx@@QEAAAEAVPAUtils@23@XZ 0000000180012910 f i PsWindowsMemoryMappedFile.obj
 0001:00011920       ?getReportAllocationNames@Foundation@shdfnd@physx@@UEBA_NXZ 0000000180012920 f i PsWindowsMemoryMappedFile.obj
 0001:00011930       ?getTempAllocFreeTable@Foundation@shdfnd@physx@@QEAAAEAV?$Array@PEATTempAllocatorChunk@shdfnd@physx@@VAllocator@23@@23@XZ 0000000180012930 f i PsWindowsMemoryMappedFile.obj
 0001:00011940       ?getTempAllocMutex@Foundation@shdfnd@physx@@QEAAAEAV?$MutexT@VAllocator@shdfnd@physx@@@23@XZ 0000000180012940 f i PsWindowsMemoryMappedFile.obj
 0001:00011950       ?setReportAllocationNames@Foundation@shdfnd@physx@@UEAAX_N@Z 0000000180012950 f i PsWindowsMemoryMappedFile.obj
 0001:00011960       ??0PsModuleUpdateLoader@shdfnd@physx@@QEAA@PEBD@Z 0000000180012960 f   PsWindowsModuleUpdateLoader.obj
 0001:000119b0       ??1PsModuleUpdateLoader@shdfnd@physx@@QEAA@XZ 00000001800129b0 f   PsWindowsModuleUpdateLoader.obj
 0001:000119e0       ?LoadModule@PsModuleUpdateLoader@shdfnd@physx@@QEAAPEAUHINSTANCE__@@PEBD0@Z 00000001800129e0 f   PsWindowsModuleUpdateLoader.obj
 0001:00011a30       ??4PsModuleUpdateLoader@shdfnd@physx@@QEAAAEAV012@AEBV012@@Z 0000000180012a30 f i PsWindowsModuleUpdateLoader.obj
 0001:00011a40       ??0MutexImpl@shdfnd@physx@@QEAA@XZ 0000000180012a40 f   PsWindowsMutex.obj
 0001:00011a70       ??1MutexImpl@shdfnd@physx@@QEAA@XZ 0000000180012a70 f   PsWindowsMutex.obj
 0001:00011a80       ?lock@MutexImpl@shdfnd@physx@@QEAAXXZ 0000000180012a80 f   PsWindowsMutex.obj
 0001:00011a90       ?trylock@MutexImpl@shdfnd@physx@@QEAA_NXZ 0000000180012a90 f   PsWindowsMutex.obj
 0001:00011ab0       ?unlock@MutexImpl@shdfnd@physx@@QEAAXXZ 0000000180012ab0 f   PsWindowsMutex.obj
 0001:00011ac0       ?getSize@MutexImpl@shdfnd@physx@@SAAEBIXZ 0000000180012ac0 f   PsWindowsMutex.obj
 0001:00011ad0       ??0ReadWriteLock@shdfnd@physx@@QEAA@XZ 0000000180012ad0 f   PsWindowsMutex.obj
 0001:00011b20       ??1ReadWriteLock@shdfnd@physx@@QEAA@XZ 0000000180012b20 f   PsWindowsMutex.obj
 0001:00011b80       ?lockReader@ReadWriteLock@shdfnd@physx@@QEAAXXZ 0000000180012b80 f   PsWindowsMutex.obj
 0001:00011bc0       ?lockWriter@ReadWriteLock@shdfnd@physx@@QEAAXXZ 0000000180012bc0 f   PsWindowsMutex.obj
 0001:00011bf0       ?unlockReader@ReadWriteLock@shdfnd@physx@@QEAAXXZ 0000000180012bf0 f   PsWindowsMutex.obj
 0001:00011c00       ?unlockWriter@ReadWriteLock@shdfnd@physx@@QEAAXXZ 0000000180012c00 f   PsWindowsMutex.obj
 0001:00011c80       ??0ReadWriteLockImpl@shdfnd@physx@@QEAA@XZ 0000000180012c80 f i PsWindowsMutex.obj
 0001:00011d40       ??4ThreadImpl@shdfnd@physx@@QEAAAEAV012@AEBV012@@Z 0000000180012d40 f i PsWindowsMutex.obj
 0001:00011d50       ?__empty_global_delete@@YAXPEAX@Z 0000000180012d50 f i PsWindowsMutex.obj
 0001:00011d60       ?__empty_global_delete@@YAXPEAX_K@Z 0000000180012d60 f i PsWindowsMutex.obj
 0001:00011d70       ??0PAUtils@shdfnd@physx@@QEAA@XZ 0000000180012d70 f   PsWindowsPAEventSrc.obj
 0001:00011d90       ??1PAUtils@shdfnd@physx@@QEAA@XZ 0000000180012d90 f   PsWindowsPAEventSrc.obj
 0001:00011df0       ?isEnabled@PAUtils@shdfnd@physx@@QEAA_NXZ 0000000180012df0 f   PsWindowsPAEventSrc.obj
 0001:00011e10       ?isEventEnabled@PAUtils@shdfnd@physx@@QEAA_NG@Z 0000000180012e10 f   PsWindowsPAEventSrc.obj
 0001:00011e30       ?registerEvent@PAUtils@shdfnd@physx@@QEAAGPEBD@Z 0000000180012e30 f   PsWindowsPAEventSrc.obj
 0001:00011ef0       ?startEvent@PAUtils@shdfnd@physx@@QEAAXGG@Z 0000000180012ef0 f   PsWindowsPAEventSrc.obj
 0001:00011fe0       ?stopEvent@PAUtils@shdfnd@physx@@QEAAXGG@Z 0000000180012fe0 f   PsWindowsPAEventSrc.obj
 0001:000120d0       ?statEvent@PAUtils@shdfnd@physx@@QEAAXGI@Z 00000001800130d0 f   PsWindowsPAEventSrc.obj
 0001:00012130       ?statEvent@PAUtils@shdfnd@physx@@QEAAXGII@Z 0000000180013130 f   PsWindowsPAEventSrc.obj
 0001:00012160       ?debugEvent@PAUtils@shdfnd@physx@@QEAAXGII@Z 0000000180013160 f   PsWindowsPAEventSrc.obj
 0001:00012190       ?rawEvent@PAUtils@shdfnd@physx@@QEAAXGIIE@Z 0000000180013190 f   PsWindowsPAEventSrc.obj
 0001:000121c0       ?rawEventWithTimestamp@PAUtils@shdfnd@physx@@QEAA_NG_KIIE@Z 00000001800131c0 f   PsWindowsPAEventSrc.obj
 0001:000121f0       ?lock@PAUtils@shdfnd@physx@@QEAA_NXZ 00000001800131f0 f   PsWindowsPAEventSrc.obj
 0001:00012260       ?unlock@PAUtils@shdfnd@physx@@QEAA_NXZ 0000000180013260 f   PsWindowsPAEventSrc.obj
 0001:00012280       ??0ConnImpl@shdfnd@physx@@QEAA@XZ 0000000180013280 f   PsWindowsPAEventSrc.obj
 0001:00012460       ??1ConnImpl@shdfnd@physx@@QEAA@XZ 0000000180013460 f   PsWindowsPAEventSrc.obj
 0001:00012680       ?printFormatted@shdfnd@physx@@YAXPEBDZZ 0000000180013680 f   PsWindowsPrintString.obj
 0001:00012700       ?printString@shdfnd@physx@@YAXPEBD@Z 0000000180013700 f   PsWindowsPrintString.obj
 0001:00012760       ??$__vcrt_va_start_verify_argument_type@PEBD@@YAXXZ 0000000180013760 f i PsWindowsPrintString.obj
 0001:00012770       __local_stdio_printf_options 0000000180013770 f i PsWindowsPrintString.obj
 0001:00012780       ??0SListImpl@shdfnd@physx@@QEAA@XZ 0000000180013780 f   PsWindowsSList.obj
 0001:000127a0       ??1SListImpl@shdfnd@physx@@QEAA@XZ 00000001800137a0 f   PsWindowsSList.obj
 0001:000127b0       ?push@SListImpl@shdfnd@physx@@QEAAXPEAVSListEntry@23@@Z 00000001800137b0 f   PsWindowsSList.obj
 0001:000127c0       ?pop@SListImpl@shdfnd@physx@@QEAAPEAVSListEntry@23@XZ 00000001800137c0 f   PsWindowsSList.obj
 0001:000127d0       ?flush@SListImpl@shdfnd@physx@@QEAAPEAVSListEntry@23@XZ 00000001800137d0 f   PsWindowsSList.obj
 0001:000127e0       ?getSize@SListImpl@shdfnd@physx@@SAAEBIXZ 00000001800137e0 f   PsWindowsSList.obj
 0001:00012810       ??4SListImpl@shdfnd@physx@@QEAAAEAU012@AEBU012@@Z 0000000180013810 f i PsWindowsSList.obj
 0001:00012820       ??0Socket@shdfnd@physx@@QEAA@_N@Z 0000000180013820 f   PsWindowsSocket.obj
 0001:000128e0       ??1Socket@shdfnd@physx@@UEAA@XZ 00000001800138e0 f   PsWindowsSocket.obj
 0001:00012930       ?connect@Socket@shdfnd@physx@@QEAA_NPEBDGI@Z 0000000180013930 f   PsWindowsSocket.obj
 0001:00012940       ?listen@Socket@shdfnd@physx@@QEAA_NGPEAVConnection@123@@Z 0000000180013940 f   PsWindowsSocket.obj
 0001:00012950       ?disconnect@Socket@shdfnd@physx@@QEAAXXZ 0000000180013950 f   PsWindowsSocket.obj
 0001:00012960       ?isConnected@Socket@shdfnd@physx@@QEBA_NXZ 0000000180013960 f   PsWindowsSocket.obj
 0001:00012970       ?getHost@Socket@shdfnd@physx@@QEBAPEBDXZ 0000000180013970 f   PsWindowsSocket.obj
 0001:00012980       ?getPort@Socket@shdfnd@physx@@QEBAGXZ 0000000180013980 f   PsWindowsSocket.obj
 0001:00012990       ?flush@Socket@shdfnd@physx@@QEAA_NXZ 0000000180013990 f   PsWindowsSocket.obj
 0001:000129b0       ?write@Socket@shdfnd@physx@@QEAAIPEBEI@Z 00000001800139b0 f   PsWindowsSocket.obj
 0001:000129d0       ?read@Socket@shdfnd@physx@@QEAAIPEAEI@Z 00000001800139d0 f   PsWindowsSocket.obj
 0001:000129f0       ?setBlocking@Socket@shdfnd@physx@@QEAAX_N@Z 00000001800139f0 f   PsWindowsSocket.obj
 0001:00012a30       ?isBlocking@Socket@shdfnd@physx@@QEBA_NXZ 0000000180013a30 f   PsWindowsSocket.obj
 0001:00012a50       ??0SocketImpl@shdfnd@physx@@QEAA@XZ 0000000180013a50 f   PsWindowsSocket.obj
 0001:00012b70       ??1SocketImpl@shdfnd@physx@@UEAA@XZ 0000000180013b70 f   PsWindowsSocket.obj
 0001:00012be0       ?connect@SocketImpl@shdfnd@physx@@QEAA_NPEBDGI@Z 0000000180013be0 f   PsWindowsSocket.obj
 0001:00012e60       ?listen@SocketImpl@shdfnd@physx@@QEAA_NGPEAVConnection@Socket@23@@Z 0000000180013e60 f   PsWindowsSocket.obj
 0001:00012f60       ?disconnect@SocketImpl@shdfnd@physx@@QEAAXXZ 0000000180013f60 f   PsWindowsSocket.obj
 0001:00012fe0       ?setBlocking@SocketImpl@shdfnd@physx@@QEAAX_N@Z 0000000180013fe0 f   PsWindowsSocket.obj
 0001:00013020       ?write@SocketImpl@shdfnd@physx@@UEAAIPEBEI@Z 0000000180014020 f   PsWindowsSocket.obj
 0001:000130b0       ?flush@SocketImpl@shdfnd@physx@@UEAA_NXZ 00000001800140b0 f   PsWindowsSocket.obj
 0001:000130c0       ?read@SocketImpl@shdfnd@physx@@QEAAIPEAEI@Z 00000001800140c0 f   PsWindowsSocket.obj
 0001:000131b0       ?execute@SocketImpl@shdfnd@physx@@UEAAXXZ 00000001800141b0 f   PsWindowsSocket.obj
 0001:00013210       ??0BufferedSocketImpl@shdfnd@physx@@QEAA@XZ 0000000180014210 f   PsWindowsSocket.obj
 0001:00013240       ?flush@BufferedSocketImpl@shdfnd@physx@@UEAA_NXZ 0000000180014240 f   PsWindowsSocket.obj
 0001:000132f0       ?write@BufferedSocketImpl@shdfnd@physx@@UEAAIPEBEI@Z 00000001800142f0 f   PsWindowsSocket.obj
 0001:000136c0       ??0Socket@shdfnd@physx@@QEAA@AEBV012@@Z 00000001800146c0 f i PsWindowsSocket.obj
 0001:000136e0       ??1?$ThreadT@V?$ReflectionAllocator@VThreadImpl@shdfnd@physx@@@shdfnd@physx@@@shdfnd@physx@@UEAA@XZ 00000001800146e0 f i PsWindowsSocket.obj
 0001:00013750       ??1BufferedSocketImpl@shdfnd@physx@@UEAA@XZ 0000000180014750 f i PsWindowsSocket.obj
 0001:00013770       ??1Runnable@shdfnd@physx@@UEAA@XZ 0000000180014770 f i PsWindowsSocket.obj
 0001:00013780       ??4Socket@shdfnd@physx@@QEAAAEAV012@AEBV012@@Z 0000000180014780 f i PsWindowsSocket.obj
 0001:00013790       ??_ESocket@shdfnd@physx@@UEAAPEAXI@Z 0000000180014790 f i PsWindowsSocket.obj
 0001:000139c0       ??_FSocket@shdfnd@physx@@QEAAXXZ 00000001800149c0 f i PsWindowsSocket.obj
 0001:00013a60       ??_G?$ThreadT@V?$ReflectionAllocator@VThreadImpl@shdfnd@physx@@@shdfnd@physx@@@shdfnd@physx@@UEAAPEAXI@Z 0000000180014a60 f i PsWindowsSocket.obj
 0001:00013a60       ??_E?$ThreadT@V?$ReflectionAllocator@VThreadImpl@shdfnd@physx@@@shdfnd@physx@@@shdfnd@physx@@UEAAPEAXI@Z 0000000180014a60 f i PsWindowsSocket.obj
 0001:00013b20       ??_GBufferedSocketImpl@shdfnd@physx@@UEAAPEAXI@Z 0000000180014b20 f i PsWindowsSocket.obj
 0001:00013b20       ??_EBufferedSocketImpl@shdfnd@physx@@UEAAPEAXI@Z 0000000180014b20 f i PsWindowsSocket.obj
 0001:00013ba0       ??_GRunnable@shdfnd@physx@@UEAAPEAXI@Z 0000000180014ba0 f i PsWindowsSocket.obj
 0001:00013ba0       ??_ERunnable@shdfnd@physx@@UEAAPEAXI@Z 0000000180014ba0 f i PsWindowsSocket.obj
 0001:00013be0       ??_GSocket@shdfnd@physx@@UEAAPEAXI@Z 0000000180014be0 f i PsWindowsSocket.obj
 0001:00013c90       ??_GSocketImpl@shdfnd@physx@@UEAAPEAXI@Z 0000000180014c90 f i PsWindowsSocket.obj
 0001:00013c90       ??_ESocketImpl@shdfnd@physx@@UEAAPEAXI@Z 0000000180014c90 f i PsWindowsSocket.obj
 0001:00013d00       ?__global_array_delete@@YAXPEAX@Z 0000000180014d00 f i PsWindowsSocket.obj
 0001:00013d10       ?__global_array_delete@@YAXPEAX_K@Z 0000000180014d10 f i PsWindowsSocket.obj
 0001:00013d20       ?__global_delete@@YAXPEAX@Z 0000000180014d20 f i PsWindowsSocket.obj
 0001:00013d30       ?__global_delete@@YAXPEAX_K@Z 0000000180014d30 f i PsWindowsSocket.obj
 0001:00013d40       ?execute@?$ThreadT@V?$ReflectionAllocator@VThreadImpl@shdfnd@physx@@@shdfnd@physx@@@shdfnd@physx@@UEAAXXZ 0000000180014d40 f i PsWindowsSocket.obj
 0001:00013d50       ?execute@Runnable@shdfnd@physx@@UEAAXXZ 0000000180014d50 f i PsWindowsSocket.obj
 0001:00013d60       ??0SyncImpl@shdfnd@physx@@QEAA@XZ 0000000180014d60 f   PsWindowsSync.obj
 0001:00013d90       ??1SyncImpl@shdfnd@physx@@QEAA@XZ 0000000180014d90 f   PsWindowsSync.obj
 0001:00013da0       ?wait@SyncImpl@shdfnd@physx@@QEAA_NI@Z 0000000180014da0 f   PsWindowsSync.obj
 0001:00013dd0       ?set@SyncImpl@shdfnd@physx@@QEAAXXZ 0000000180014dd0 f   PsWindowsSync.obj
 0001:00013de0       ?reset@SyncImpl@shdfnd@physx@@QEAAXXZ 0000000180014de0 f   PsWindowsSync.obj
 0001:00013df0       ?getSize@SyncImpl@shdfnd@physx@@SAAEBIXZ 0000000180014df0 f   PsWindowsSync.obj
 0001:00013e20       ??4SyncImpl@shdfnd@physx@@QEAAAEAV012@AEBV012@@Z 0000000180014e20 f i PsWindowsSync.obj
 0001:00013e30       ?getDefaultStackSize@ThreadImpl@shdfnd@physx@@SAIXZ 0000000180014e30 f   PsWindowsThread.obj
 0001:00013e40       ?getId@ThreadImpl@shdfnd@physx@@SA_KXZ 0000000180014e40 f   PsWindowsThread.obj
 0001:00013e60       ??0ThreadImpl@shdfnd@physx@@QEAA@XZ 0000000180014e60 f   PsWindowsThread.obj
 0001:00013e80       ??0ThreadImpl@shdfnd@physx@@QEAA@P6APEAXPEAX@Z0@Z 0000000180014e80 f   PsWindowsThread.obj
 0001:00013f00       ??1ThreadImpl@shdfnd@physx@@QEAA@XZ 0000000180014f00 f   PsWindowsThread.obj
 0001:00013f40       ?start@ThreadImpl@shdfnd@physx@@QEAAXIPEAVRunnable@23@@Z 0000000180014f40 f   PsWindowsThread.obj
 0001:00013fd0       ?kill@ThreadImpl@shdfnd@physx@@QEAAXXZ 0000000180014fd0 f   PsWindowsThread.obj
 0001:00014010       ?signalQuit@ThreadImpl@shdfnd@physx@@QEAAXXZ 0000000180015010 f   PsWindowsThread.obj
 0001:00014020       ?waitForQuit@ThreadImpl@shdfnd@physx@@QEAA_NXZ 0000000180015020 f   PsWindowsThread.obj
 0001:00014050       ?quitIsSignalled@ThreadImpl@shdfnd@physx@@QEAA_NXZ 0000000180015050 f   PsWindowsThread.obj
 0001:00014070       ?quit@ThreadImpl@shdfnd@physx@@QEAAXXZ 0000000180015070 f   PsWindowsThread.obj
 0001:00014090       ?setAffinityMask@ThreadImpl@shdfnd@physx@@QEAAII@Z 0000000180015090 f   PsWindowsThread.obj
 0001:000140c0       ?getPriority@ThreadImpl@shdfnd@physx@@SA?AW4Enum@ThreadPriority@23@_K@Z 00000001800150c0 f   PsWindowsThread.obj
 0001:00014120       ?setPriority@ThreadImpl@shdfnd@physx@@QEAAXW4Enum@ThreadPriority@23@@Z 0000000180015120 f   PsWindowsThread.obj
 0001:00014190       ?setName@ThreadImpl@shdfnd@physx@@QEAAXPEBD@Z 0000000180015190 f   PsWindowsThread.obj
 0001:000141e0       ?sleep@ThreadImpl@shdfnd@physx@@SAXI@Z 00000001800151e0 f   PsWindowsThread.obj
 0001:000141f0       ?yield@ThreadImpl@shdfnd@physx@@SAXXZ 00000001800151f0 f   PsWindowsThread.obj
 0001:00014200       ?getNbPhysicalCores@ThreadImpl@shdfnd@physx@@SAIXZ 0000000180015200 f   PsWindowsThread.obj
 0001:00014350       ?getSize@ThreadImpl@shdfnd@physx@@SAAEBIXZ 0000000180015350 f   PsWindowsThread.obj
 0001:00014360       ?TlsAlloc@shdfnd@physx@@YAIXZ 0000000180015360 f   PsWindowsThread.obj
 0001:00014370       ?TlsFree@shdfnd@physx@@YAXI@Z 0000000180015370 f   PsWindowsThread.obj
 0001:00014380       ?TlsGet@shdfnd@physx@@YAPEAXI@Z 0000000180015380 f   PsWindowsThread.obj
 0001:00014390       ?TlsSet@shdfnd@physx@@YAIIPEAX@Z 0000000180015390 f   PsWindowsThread.obj
 0001:00014540       ?getBootCounterFrequency@Time@shdfnd@physx@@SAAEBUCounterFrequencyToTensOfNanos@23@XZ 0000000180015540 f   PsWindowsTime.obj
 0001:00014550       ?getCounterFrequency@Time@shdfnd@physx@@SA?AUCounterFrequencyToTensOfNanos@23@XZ 0000000180015550 f   PsWindowsTime.obj
 0001:00014590       ?getCurrentCounterValue@Time@shdfnd@physx@@SA_KXZ 0000000180015590 f   PsWindowsTime.obj
 0001:000145b0       ??0Time@shdfnd@physx@@QEAA@XZ 00000001800155b0 f   PsWindowsTime.obj
 0001:000145f0       ?getElapsedSeconds@Time@shdfnd@physx@@QEAANXZ 00000001800155f0 f   PsWindowsTime.obj
 0001:00014640       ?peekElapsedSeconds@Time@shdfnd@physx@@QEAANXZ 0000000180015640 f   PsWindowsTime.obj
 0001:00014680       ?getLastTime@Time@shdfnd@physx@@QEBANXZ 0000000180015680 f   PsWindowsTime.obj
 0001:000146f0       ??4Time@shdfnd@physx@@QEAAAEAV012@$$QEAV012@@Z 00000001800156f0 f i PsWindowsTime.obj
 0001:00014700       ??4Time@shdfnd@physx@@QEAAAEAV012@AEBV012@@Z 0000000180015700 f i PsWindowsTime.obj
 0001:00014710       ?getCurrentTimeInTensOfNanoSeconds@Time@shdfnd@physx@@SA_KXZ 0000000180015710 f i PsWindowsTime.obj
 0001:00014750       ?allocate@Allocator@shdfnd@physx@@QEAAPEAX_KPEBDH@Z 0000000180015750 f   PsAllocator.obj
 0001:000147c0       ?deallocate@Allocator@shdfnd@physx@@QEAAXPEAX@Z 00000001800157c0 f   PsAllocator.obj
 0001:000147f0       ??0NamedAllocator@shdfnd@physx@@QEAA@AEBW4PxEMPTY@2@@Z 00000001800157f0 f   PsAllocator.obj
 0001:00014870       ??0NamedAllocator@shdfnd@physx@@QEAA@PEBD@Z 0000000180015870 f   PsAllocator.obj
 0001:000148f0       ??0NamedAllocator@shdfnd@physx@@QEAA@AEBV012@@Z 00000001800158f0 f   PsAllocator.obj
 0001:00014a30       ??1NamedAllocator@shdfnd@physx@@QEAA@XZ 0000000180015a30 f   PsAllocator.obj
 0001:00014a90       ??4NamedAllocator@shdfnd@physx@@QEAAAEAV012@AEBV012@@Z 0000000180015a90 f   PsAllocator.obj
 0001:00014bd0       ?allocate@NamedAllocator@shdfnd@physx@@QEAAPEAX_KPEBDH@Z 0000000180015bd0 f   PsAllocator.obj
 0001:00014d20       ?deallocate@NamedAllocator@shdfnd@physx@@QEAAXPEAX@Z 0000000180015d20 f   PsAllocator.obj
 0001:00014ed0       ?create@?$HashBase@V?$Pair@QEBVNamedAllocator@shdfnd@physx@@PEBD@shdfnd@physx@@PEBVNamedAllocator@23@U?$Hash@PEBVNamedAllocator@shdfnd@physx@@@23@UGetKey@?$HashMapBase@PEBVNamedAllocator@shdfnd@physx@@PEBDU?$Hash@PEBVNamedAllocator@shdfnd@physx@@@23@VNonTrackingAllocator@23@@internal@23@VNonTrackingAllocator@23@$00@internal@shdfnd@physx@@QEAAPEAV?$Pair@QEBVNamedAllocator@shdfnd@physx@@PEBD@34@AEBQEBVNamedAllocator@34@AEA_N@Z 0000000180015ed0 f i PsAllocator.obj
 0001:000150d0       ?erase@?$HashBase@V?$Pair@QEBVNamedAllocator@shdfnd@physx@@PEBD@shdfnd@physx@@PEBVNamedAllocator@23@U?$Hash@PEBVNamedAllocator@shdfnd@physx@@@23@UGetKey@?$HashMapBase@PEBVNamedAllocator@shdfnd@physx@@PEBDU?$Hash@PEBVNamedAllocator@shdfnd@physx@@@23@VNonTrackingAllocator@23@@internal@23@VNonTrackingAllocator@23@$00@internal@shdfnd@physx@@QEAA_NAEBQEBVNamedAllocator@34@@Z 00000001800160d0 f i PsAllocator.obj
 0001:000151f0       ?replaceWithLast@?$HashBase@V?$Pair@QEBVNamedAllocator@shdfnd@physx@@PEBD@shdfnd@physx@@PEBVNamedAllocator@23@U?$Hash@PEBVNamedAllocator@shdfnd@physx@@@23@UGetKey@?$HashMapBase@PEBVNamedAllocator@shdfnd@physx@@PEBDU?$Hash@PEBVNamedAllocator@shdfnd@physx@@@23@VNonTrackingAllocator@23@@internal@23@VNonTrackingAllocator@23@$00@internal@shdfnd@physx@@AEAAXI@Z 00000001800161f0 f i PsAllocator.obj
 0001:00015320       ?reserveInternal@?$HashBase@V?$Pair@QEBVNamedAllocator@shdfnd@physx@@PEBD@shdfnd@physx@@PEBVNamedAllocator@23@U?$Hash@PEBVNamedAllocator@shdfnd@physx@@@23@UGetKey@?$HashMapBase@PEBVNamedAllocator@shdfnd@physx@@PEBDU?$Hash@PEBVNamedAllocator@shdfnd@physx@@@23@VNonTrackingAllocator@23@@internal@23@VNonTrackingAllocator@23@$00@internal@shdfnd@physx@@AEAAXI@Z 0000000180016320 f i PsAllocator.obj
 0001:00015590       ??_GPxAssertHandler@physx@@UEAAPEAXI@Z 0000000180016590 f i PsAssert.obj
 0001:00015590       ??_EPxAssertHandler@physx@@UEAAPEAXI@Z 0000000180016590 f i PsAssert.obj
 0001:00015610       ??_GDefaultAssertHandler@?A0xa3bd322c@@UEAAPEAXI@Z 0000000180016610 f i PsAssert.obj
 0001:00015610       ??_EDefaultAssertHandler@?A0xa3bd322c@@UEAAPEAXI@Z 0000000180016610 f i PsAssert.obj
 0001:00015650       ?PxGetAssertHandler@physx@@YAAEAVPxAssertHandler@1@XZ 0000000180016650 f   PsAssert.obj
 0001:00015660       ?PxSetAssertHandler@physx@@YAXAEAVPxAssertHandler@1@@Z 0000000180016660 f   PsAssert.obj
 0001:00015670       ??$__vcrt_va_start_verify_argument_type@QEBD@@YAXXZ 0000000180016670 f i PsAssert.obj
 0001:00015680       ??1PxAssertHandler@physx@@UEAA@XZ 0000000180016680 f i PsAssert.obj
 0001:00015690       sprintf                    0000000180016690 f i PsAssert.obj
 0001:00015700       ??0ErrorHandler@shdfnd@physx@@QEAA@XZ 0000000180016700 f   PsErrorHandler.obj
 0001:00015720       ??1ErrorHandler@shdfnd@physx@@QEAA@XZ 0000000180016720 f   PsErrorHandler.obj
 0001:00015770       ?reportError@ErrorHandler@shdfnd@physx@@QEAAXW4Enum@PxErrorCode@3@PEBD1H@Z 0000000180016770 f   PsErrorHandler.obj
 0001:00015810       ?registerErrorCallback@ErrorHandler@shdfnd@physx@@QEAAHAEAVPxErrorCallback@3@@Z 0000000180016810 f   PsErrorHandler.obj
 0001:00015890       ?unRegisterErrorCallback@ErrorHandler@shdfnd@physx@@QEAAXAEAVPxErrorCallback@3@@Z 0000000180016890 f   PsErrorHandler.obj
 0001:00015930       ?unRegisterErrorCallback@ErrorHandler@shdfnd@physx@@QEAAXH@Z 0000000180016930 f   PsErrorHandler.obj
 0001:00015a50       ?createFastIPC@shdfnd@physx@@YAPEAVPxIPC@12@AEAW4ErrorCode@312@W4ConnectionType@312@PEBDII_N3I@Z 0000000180016a50 f   PsFastIPC.obj
 0001:00015b90       ??0FastIPC@shdfnd@physx@@QEAA@AEAW4ErrorCode@PxIPC@12@W4ConnectionType@412@PEBDII_N3I@Z 0000000180016b90 f i PsFastIPC.obj
 0001:00016060       ??0MultiPartPacket@PxRingBuffer@shdfnd@physx@@QEAA@W4MessageType@123@PEBXIIPEAV123@@Z 0000000180017060 f i PsFastIPC.obj
 0001:00016120       ??1FastIPC@shdfnd@physx@@UEAA@XZ 0000000180017120 f i PsFastIPC.obj
 0001:00016280       ??1PxIPC@shdfnd@physx@@MEAA@XZ 0000000180017280 f i PsFastIPC.obj
 0001:00016290       ??_EFastIPC@shdfnd@physx@@UEAAPEAXI@Z 0000000180017290 f i PsFastIPC.obj
 0001:00016290       ??_GFastIPC@shdfnd@physx@@UEAAPEAXI@Z 0000000180017290 f i PsFastIPC.obj
 0001:00016300       ??_EPxIPC@shdfnd@physx@@MEAAPEAXI@Z 0000000180017300 f i PsFastIPC.obj
 0001:00016300       ??_GPxIPC@shdfnd@physx@@MEAAPEAXI@Z 0000000180017300 f i PsFastIPC.obj
 0001:00016340       ?canSend@FastIPC@shdfnd@physx@@UEAA_NI@Z 0000000180017340 f i PsFastIPC.obj
 0001:000163c0       ?canSend@PxRingBuffer@shdfnd@physx@@QEBA?AW4ErrorCode@123@I@Z 00000001800173c0 f i PsFastIPC.obj
 0001:00016490       ?haveConnection@FastIPC@shdfnd@physx@@UEBA_NXZ 0000000180017490 f i PsFastIPC.obj
 0001:000164b0       ?init@PxRingBuffer@shdfnd@physx@@QEAAXPEAXI_N1IPEAI2@Z 00000001800174b0 f i PsFastIPC.obj
 0001:00016580       ?isServer@FastIPC@shdfnd@physx@@UEBA_NXZ 0000000180017580 f i PsFastIPC.obj
 0001:00016590       ?process@MultiPartPacket@PxRingBuffer@shdfnd@physx@@QEAA?AW4ErrorCode@234@XZ 0000000180017590 f i PsFastIPC.obj
 0001:00016650       ?pumpPendingSends@FastIPC@shdfnd@physx@@UEAA_NXZ 0000000180017650 f i PsFastIPC.obj
 0001:00016670       ?pumpPendingSends@PxRingBuffer@shdfnd@physx@@QEAA_NXZ 0000000180017670 f i PsFastIPC.obj
 0001:00016700       ?receiveAcknowledge@FastIPC@shdfnd@physx@@UEAA?AW4ErrorCode@PxIPC@23@XZ 0000000180017700 f i PsFastIPC.obj
 0001:00016740       ?receiveAcknowledge@PxRingBuffer@shdfnd@physx@@QEAA?AW4ErrorCode@123@XZ 0000000180017740 f i PsFastIPC.obj
 0001:00016830       ?receiveData@FastIPC@shdfnd@physx@@UEAAPEBXAEAI@Z 0000000180017830 f i PsFastIPC.obj
 0001:00016870       ?receiveData@PxRingBuffer@shdfnd@physx@@QEAA?AW4MessageType@123@AEAPEBXAEAI@Z 0000000180017870 f i PsFastIPC.obj
 0001:00016b80       ?release@FastIPC@shdfnd@physx@@UEAAXXZ 0000000180017b80 f i PsFastIPC.obj
 0001:00016ba0       ?sendData@FastIPC@shdfnd@physx@@UEAA?AW4ErrorCode@PxIPC@23@PEBXI_N@Z 0000000180017ba0 f i PsFastIPC.obj
 0001:00016bf0       ?sendData@PxRingBuffer@shdfnd@physx@@QEAA?AW4ErrorCode@123@W4MessageType@123@PEBXI_N@Z 0000000180017bf0 f i PsFastIPC.obj
 0001:00016db0       ?sendDataInternal@PxRingBuffer@shdfnd@physx@@AEAA?AW4ErrorCode@123@W4MessageType@123@PEBXI@Z 0000000180017db0 f i PsFastIPC.obj
 0001:00016e30       ?sendHeader@MultiPartPacket@PxRingBuffer@shdfnd@physx@@QEAA?AW4ErrorCode@234@XZ 0000000180017e30 f i PsFastIPC.obj
 0001:00016ee0       ?writeData@PxRingBuffer@shdfnd@physx@@AEAAXW4MessageType@123@PEBXI@Z 0000000180017ee0 f i PsFastIPC.obj
 0001:00016ff0       ?createFastXml@shdfnd@physx@@YAPEAVFastXml@12@PEAVCallback@312@@Z 0000000180017ff0 f   PsFastXml.obj
 0001:00017170       ??1FastXml@shdfnd@physx@@MEAA@XZ 0000000180018170 f i PsFastXml.obj
 0001:000171c0       ??_GFastXml@shdfnd@physx@@MEAAPEAXI@Z 00000001800181c0 f i PsFastXml.obj
 0001:000171c0       ??_EFastXml@shdfnd@physx@@MEAAPEAXI@Z 00000001800181c0 f i PsFastXml.obj
 0001:00017200       ??_GMyFastXml@?A0xe72460ab@@EEAAPEAXI@Z 0000000180018200 f i PsFastXml.obj
 0001:00017200       ??_EMyFastXml@?A0xe72460ab@@EEAAPEAXI@Z 0000000180018200 f i PsFastXml.obj
 0001:00018630       PxCreateFoundation         0000000180019630 f   PsFoundation.obj
 0001:00018650       PxGetFoundation            0000000180019650 f   PsFoundation.obj
 0001:00018660       ?getAllocator@shdfnd@physx@@YAAEAVPxAllocatorCallback@2@XZ 0000000180019660 f   PsFoundation.obj
 0001:00018680       ??0Foundation@shdfnd@physx@@AEAA@AEAVPxErrorCallback@2@AEAVPxAllocatorCallback@2@@Z 0000000180019680 f   PsFoundation.obj
 0001:000187e0       ??1Foundation@shdfnd@physx@@EEAA@XZ 00000001800197e0 f   PsFoundation.obj
 0001:00018940       ?release@Foundation@shdfnd@physx@@UEAAXXZ 0000000180019940 f   PsFoundation.obj
 0001:00018950       ?createInstance@Foundation@shdfnd@physx@@SAPEAV123@IAEAVPxErrorCallback@3@AEAVPxAllocatorCallback@3@@Z 0000000180019950 f   PsFoundation.obj
 0001:00018ab0       ?destroyInstance@Foundation@shdfnd@physx@@SAXXZ 0000000180019ab0 f   PsFoundation.obj
 0001:00018b30       ?getInstance@Foundation@shdfnd@physx@@SAAEAV123@XZ 0000000180019b30 f   PsFoundation.obj
 0001:00018b40       ?incRefCount@Foundation@shdfnd@physx@@SAXXZ 0000000180019b40 f   PsFoundation.obj
 0001:00018b90       ?decRefCount@Foundation@shdfnd@physx@@SAXXZ 0000000180019b90 f   PsFoundation.obj
 0001:00018be0       ?getErrorCallback@Foundation@shdfnd@physx@@UEBAAEAVPxErrorCallback@3@XZ 0000000180019be0 f   PsFoundation.obj
 0001:00018bf0       ?setErrorLevel@Foundation@shdfnd@physx@@UEAAXW4Enum@PxErrorCode@3@@Z 0000000180019bf0 f   PsFoundation.obj
 0001:00018c00       ?getErrorLevel@Foundation@shdfnd@physx@@UEBA?AW4Enum@PxErrorCode@3@XZ 0000000180019c00 f   PsFoundation.obj
 0001:00018c10       ?getAllocatorCallback@Foundation@shdfnd@physx@@UEBAAEAVPxAllocatorCallback@3@XZ 0000000180019c10 f   PsFoundation.obj
 0001:00018c20       ?error@Foundation@shdfnd@physx@@QEAAXW4Enum@PxErrorCode@3@PEBDH1ZZ 0000000180019c20 f   PsFoundation.obj
 0001:00018c50       ?errorImpl@Foundation@shdfnd@physx@@QEAAXW4Enum@PxErrorCode@3@PEBDH1PEAD@Z 0000000180019c50 f   PsFoundation.obj
 0001:00018d00       ?getWarnOnceTimestamp@Foundation@shdfnd@physx@@SAIXZ 0000000180019d00 f   PsFoundation.obj
 0001:00018d10       ?allocate@AlignCheckAllocator@Foundation@shdfnd@physx@@UEAAPEAX_KPEBD1H@Z 0000000180019d10 f   PsFoundation.obj
 0001:00019000       ??0TempAllocator@shdfnd@physx@@QEAA@PEBD@Z 000000018001a000 f i PsFoundation.obj
 0001:00019010       ??1PxAllocatorCallback@physx@@UEAA@XZ 000000018001a010 f i PsFoundation.obj
 0001:00019020       ??1PxBroadcastingAllocator@physx@@MEAA@XZ 000000018001a020 f i PsFoundation.obj
 0001:00019030       ??4TempAllocator@shdfnd@physx@@QEAAAEAV012@$$QEAV012@@Z 000000018001a030 f i PsFoundation.obj
 0001:00019040       ??4TempAllocator@shdfnd@physx@@QEAAAEAV012@AEBV012@@Z 000000018001a040 f i PsFoundation.obj
 0001:00019050       ??_EFoundation@shdfnd@physx@@EEAAPEAXI@Z 000000018001a050 f i PsFoundation.obj
 0001:00019140       ??_FTempAllocator@shdfnd@physx@@QEAAXXZ 000000018001a140 f i PsFoundation.obj
 0001:00019150       ??_EAlignCheckAllocator@Foundation@shdfnd@physx@@UEAAPEAXI@Z 000000018001a150 f i PsFoundation.obj
 0001:00019150       ??_GAlignCheckAllocator@Foundation@shdfnd@physx@@UEAAPEAXI@Z 000000018001a150 f i PsFoundation.obj
 0001:00019190       ??_GFoundation@shdfnd@physx@@EEAAPEAXI@Z 000000018001a190 f i PsFoundation.obj
 0001:000191e0       ??_EPxAllocatorCallback@physx@@UEAAPEAXI@Z 000000018001a1e0 f i PsFoundation.obj
 0001:000191e0       ??_GPxAllocatorCallback@physx@@UEAAPEAXI@Z 000000018001a1e0 f i PsFoundation.obj
 0001:00019220       ??_GPxBroadcastingAllocator@physx@@MEAAPEAXI@Z 000000018001a220 f i PsFoundation.obj
 0001:00019220       ??_EPxBroadcastingAllocator@physx@@MEAAPEAXI@Z 000000018001a220 f i PsFoundation.obj
 0001:00019260       ?deallocate@AlignCheckAllocator@Foundation@shdfnd@physx@@UEAAXPEAX@Z 000000018001a260 f i PsFoundation.obj
 0001:000192f0       ?deregisterAllocationListener@AlignCheckAllocator@Foundation@shdfnd@physx@@UEAAXAEAVPxAllocationListener@4@@Z 000000018001a2f0 f i PsFoundation.obj
 0001:00019340       ?recreate@?$Array@PEATTempAllocatorChunk@shdfnd@physx@@VAllocator@23@@shdfnd@physx@@IEAAXI@Z 000000018001a340 f i PsFoundation.obj
 0001:00019420       ?registerAllocationListener@AlignCheckAllocator@Foundation@shdfnd@physx@@UEAAXAEAVPxAllocationListener@4@@Z 000000018001a420 f i PsFoundation.obj
 0001:00019440       ?resize@?$Array@PEATTempAllocatorChunk@shdfnd@physx@@VAllocator@23@@shdfnd@physx@@QEAAXIAEBQEATTempAllocatorChunk@23@@Z 000000018001a440 f i PsFoundation.obj
 0001:000194c0       ?sprintf_s@string@physx@@YAHPEAD_KPEBDZZ 000000018001a4c0 f i PsFoundation.obj
 0001:00019530       ?computeQuatFromNormal@shdfnd@physx@@YA?AVPxQuat@2@AEBVPxVec3@2@@Z 000000018001a530 f   PsMathUtils.obj
 0001:000196c0       ?optimizeBoundingBox@shdfnd@physx@@YA?AVPxVec3@2@AEAVPxMat33@2@@Z 000000018001a6c0 f   PsMathUtils.obj
 0001:00019a70       ?slerp@shdfnd@physx@@YA?AVPxQuat@2@MAEBV32@0@Z 000000018001aa70 f   PsMathUtils.obj
 0001:00019c90       ?integrateTransform@shdfnd@physx@@YAXAEBVPxTransform@2@AEBVPxVec3@2@1MAEAV32@@Z 000000018001ac90 f   PsMathUtils.obj
 0001:0001a0a0       ??DPxQuat@physx@@QEBA?AV01@AEBV01@@Z 000000018001b0a0 f i PsMathUtils.obj
 0001:0001a220       ?allocate@TempAllocator@shdfnd@physx@@QEAAPEAX_KPEBDH@Z 000000018001b220 f   PsTempAllocator.obj
 0001:0001a360       ?deallocate@TempAllocator@shdfnd@physx@@QEAAXPEAX@Z 000000018001b360 f   PsTempAllocator.obj
 0001:0001a4c0       ?checkValid@shdfnd@physx@@YA_NAEBM@Z 000000018001b4c0 f   PsUtilities.obj
 0001:0001a4f0       ?checkValid@shdfnd@physx@@YA_NAEBVPxVec3@2@@Z 000000018001b4f0 f   PsUtilities.obj
 0001:0001a550       ?checkValid@shdfnd@physx@@YA_NAEBVPxQuat@2@@Z 000000018001b550 f   PsUtilities.obj
 0001:0001a5c0       ?checkValid@shdfnd@physx@@YA_NAEBVPxMat33@2@@Z 000000018001b5c0 f   PsUtilities.obj
 0001:0001a6a0       ?checkValid@shdfnd@physx@@YA_NAEBVPxTransform@2@@Z 000000018001b6a0 f   PsUtilities.obj
 0001:0001a710       ?checkValid@shdfnd@physx@@YA_NPEBD@Z 000000018001b710 f   PsUtilities.obj
 0001:0001a7d0       ?PxCreateCollection@@YAPEAVPxCollection@physx@@XZ 000000018001b7d0 f   CmCollection.obj
 0001:0001a850       ?add@Collection@Cm@physx@@UEAAXAEAVPxBase@3@_K@Z 000000018001b850 f   CmCollection.obj
 0001:0001a950       ?remove@Collection@Cm@physx@@UEAAXAEAVPxBase@3@@Z 000000018001b950 f   CmCollection.obj
 0001:0001aab0       ?contains@Collection@Cm@physx@@UEBA_NAEAVPxBase@3@@Z 000000018001bab0 f   CmCollection.obj
 0001:0001ab70       ?addId@Collection@Cm@physx@@UEAAXAEAVPxBase@3@_K@Z 000000018001bb70 f   CmCollection.obj
 0001:0001ad60       ?removeId@Collection@Cm@physx@@UEAAX_K@Z 000000018001bd60 f   CmCollection.obj
 0001:0001ae50       ?find@Collection@Cm@physx@@UEBAPEAVPxBase@3@_K@Z 000000018001be50 f   CmCollection.obj
 0001:0001aec0       ?add@Collection@Cm@physx@@UEAAXAEAVPxCollection@3@@Z 000000018001bec0 f   CmCollection.obj
 0001:0001b100       ?remove@Collection@Cm@physx@@UEAAXAEAVPxCollection@3@@Z 000000018001c100 f   CmCollection.obj
 0001:0001b1d0       ?getNbObjects@Collection@Cm@physx@@UEBAIXZ 000000018001c1d0 f   CmCollection.obj
 0001:0001b1e0       ?getObject@Collection@Cm@physx@@UEBAAEAVPxBase@3@I@Z 000000018001c1e0 f   CmCollection.obj
 0001:0001b200       ?getObjects@Collection@Cm@physx@@UEBAIPEAPEAVPxBase@3@II@Z 000000018001c200 f   CmCollection.obj
 0001:0001b2a0       ?getNbIds@Collection@Cm@physx@@UEBAIXZ 000000018001c2a0 f   CmCollection.obj
 0001:0001b2b0       ?getId@Collection@Cm@physx@@UEBA_KAEBVPxBase@3@@Z 000000018001c2b0 f   CmCollection.obj
 0001:0001b370       ?getIds@Collection@Cm@physx@@UEBAIPEA_KII@Z 000000018001c370 f   CmCollection.obj
 0001:0001b7b0       ??0Collection@Cm@physx@@QEAA@XZ 000000018001c7b0 f i CmCollection.obj
 0001:0001b860       ??1PxCollection@physx@@MEAA@XZ 000000018001c860 f i CmCollection.obj
 0001:0001b870       ??_ECollection@Cm@physx@@UEAAPEAXI@Z 000000018001c870 f i CmCollection.obj
 0001:0001b870       ??_GCollection@Cm@physx@@UEAAPEAXI@Z 000000018001c870 f i CmCollection.obj
 0001:0001b910       ??_EPxCollection@physx@@MEAAPEAXI@Z 000000018001c910 f i CmCollection.obj
 0001:0001b910       ??_GPxCollection@physx@@MEAAPEAXI@Z 000000018001c910 f i CmCollection.obj
 0001:0001b950       ?create@?$HashBase@V?$Pair@$$CB_KPEAVPxBase@physx@@@shdfnd@physx@@_KU?$Hash@_K@23@UGetKey@?$HashMapBase@_KPEAVPxBase@physx@@U?$Hash@_K@shdfnd@2@VAllocator@42@@internal@23@VAllocator@23@$00@internal@shdfnd@physx@@QEAAPEAV?$Pair@$$CB_KPEAVPxBase@physx@@@34@AEB_KAEA_N@Z 000000018001c950 f i CmCollection.obj
 0001:0001bb50       ?create@?$HashBase@V?$Pair@QEAVPxBase@physx@@_K@shdfnd@physx@@PEAVPxBase@3@U?$Hash@PEAVPxBase@physx@@@23@UGetKey@?$HashMapBase@PEAVPxBase@physx@@_KU?$Hash@PEAVPxBase@physx@@@shdfnd@2@VAllocator@42@@internal@23@VAllocator@23@$00@internal@shdfnd@physx@@QEAAPEAV?$Pair@QEAVPxBase@physx@@_K@34@AEBQEAVPxBase@4@AEA_N@Z 000000018001cb50 f i CmCollection.obj
 0001:0001bd50       ?erase@?$HashBase@V?$Pair@$$CB_KPEAVPxBase@physx@@@shdfnd@physx@@_KU?$Hash@_K@23@UGetKey@?$HashMapBase@_KPEAVPxBase@physx@@U?$Hash@_K@shdfnd@2@VAllocator@42@@internal@23@VAllocator@23@$00@internal@shdfnd@physx@@QEAA_NAEB_K@Z 000000018001cd50 f i CmCollection.obj
 0001:0001be70       ?erase@?$HashBase@V?$Pair@QEAVPxBase@physx@@_K@shdfnd@physx@@PEAVPxBase@3@U?$Hash@PEAVPxBase@physx@@@23@UGetKey@?$HashMapBase@PEAVPxBase@physx@@_KU?$Hash@PEAVPxBase@physx@@@shdfnd@2@VAllocator@42@@internal@23@VAllocator@23@$00@internal@shdfnd@physx@@QEAA_NAEBQEAVPxBase@4@@Z 000000018001ce70 f i CmCollection.obj
 0001:0001bf90       ?find@?$HashBase@V?$Pair@$$CB_KPEAVPxBase@physx@@@shdfnd@physx@@_KU?$Hash@_K@23@UGetKey@?$HashMapBase@_KPEAVPxBase@physx@@U?$Hash@_K@shdfnd@2@VAllocator@42@@internal@23@VAllocator@23@$00@internal@shdfnd@physx@@QEBAPEBV?$Pair@$$CB_KPEAVPxBase@physx@@@34@AEB_K@Z 000000018001cf90 f i CmCollection.obj
 0001:0001c070       ?find@?$HashBase@V?$Pair@QEAVPxBase@physx@@_K@shdfnd@physx@@PEAVPxBase@3@U?$Hash@PEAVPxBase@physx@@@23@UGetKey@?$HashMapBase@PEAVPxBase@physx@@_KU?$Hash@PEAVPxBase@physx@@@shdfnd@2@VAllocator@42@@internal@23@VAllocator@23@$00@internal@shdfnd@physx@@QEBAPEBV?$Pair@QEAVPxBase@physx@@_K@34@AEBQEAVPxBase@4@@Z 000000018001d070 f i CmCollection.obj
 0001:0001c150       ?insert@?$HashMapBase@_KPEAVPxBase@physx@@U?$Hash@_K@shdfnd@2@VAllocator@42@@internal@shdfnd@physx@@QEAA_N_KQEAVPxBase@4@@Z 000000018001d150 f i CmCollection.obj
 0001:0001c1b0       ?release@Collection@Cm@physx@@UEAAXXZ 000000018001d1b0 f i CmCollection.obj
 0001:0001c1d0       ?replaceWithLast@?$HashBase@V?$Pair@$$CB_KPEAVPxBase@physx@@@shdfnd@physx@@_KU?$Hash@_K@23@UGetKey@?$HashMapBase@_KPEAVPxBase@physx@@U?$Hash@_K@shdfnd@2@VAllocator@42@@internal@23@VAllocator@23@$00@internal@shdfnd@physx@@AEAAXI@Z 000000018001d1d0 f i CmCollection.obj
 0001:0001c300       ?replaceWithLast@?$HashBase@V?$Pair@QEAVPxBase@physx@@_K@shdfnd@physx@@PEAVPxBase@3@U?$Hash@PEAVPxBase@physx@@@23@UGetKey@?$HashMapBase@PEAVPxBase@physx@@_KU?$Hash@PEAVPxBase@physx@@@shdfnd@2@VAllocator@42@@internal@23@VAllocator@23@$00@internal@shdfnd@physx@@AEAAXI@Z 000000018001d300 f i CmCollection.obj
 0001:0001c430       ?reserveInternal@?$HashBase@V?$Pair@$$CB_KPEAVPxBase@physx@@@shdfnd@physx@@_KU?$Hash@_K@23@UGetKey@?$HashMapBase@_KPEAVPxBase@physx@@U?$Hash@_K@shdfnd@2@VAllocator@42@@internal@23@VAllocator@23@$00@internal@shdfnd@physx@@AEAAXI@Z 000000018001d430 f i CmCollection.obj
 0001:0001c660       ?reserveInternal@?$HashBase@V?$Pair@QEAVPxBase@physx@@_K@shdfnd@physx@@PEAVPxBase@3@U?$Hash@PEAVPxBase@physx@@@23@UGetKey@?$HashMapBase@PEAVPxBase@physx@@_KU?$Hash@PEAVPxBase@physx@@@shdfnd@2@VAllocator@42@@internal@23@VAllocator@23@$00@internal@shdfnd@physx@@AEAAXI@Z 000000018001d660 f i CmCollection.obj
 0001:0001c890       ?getProfileNames@CmEventNameProvider@Cm@physx@@UEBA?AUPxProfileNames@3@XZ 000000018001d890 f   CmEventProfiler.obj
 0001:0001c8b0       ?getStringFromId@EventProfiler@Cm@physx@@QEAAPEBDG@Z 000000018001d8b0 f   CmEventProfiler.obj
 0001:0001c8d0       ?enableNVTXSupport@Cm@physx@@YAX_N@Z 000000018001d8d0 f   CmEventProfiler.obj
 0001:0001c8e0       ?isNVTXSupportEnabled@Cm@physx@@YA_NXZ 000000018001d8e0 f   CmEventProfiler.obj
 0001:0001c900       ?GetMBPPostUpdate@BroadPhase@ProfileEventId@Cm@physx@@SAAEBUPxProfileEventId@4@XZ 000000018001d900 f i CmEventProfiler.obj
 0001:0001c910       ?GetMBPPostUpdateSPU@BroadPhase@ProfileEventId@Cm@physx@@SAAEBUPxProfileEventId@4@XZ 000000018001d910 f i CmEventProfiler.obj
 0001:0001c920       ?GetMBPUpdate@BroadPhase@ProfileEventId@Cm@physx@@SAAEBUPxProfileEventId@4@XZ 000000018001d920 f i CmEventProfiler.obj
 0001:0001c930       ?GetMBPUpdateSPU@BroadPhase@ProfileEventId@Cm@physx@@SAAEBUPxProfileEventId@4@XZ 000000018001d930 f i CmEventProfiler.obj
 0001:0001c940       ?GetSapPostUpdate@BroadPhase@ProfileEventId@Cm@physx@@SAAEBUPxProfileEventId@4@XZ 000000018001d940 f i CmEventProfiler.obj
 0001:0001c950       ?GetSapPostUpdateSPU@BroadPhase@ProfileEventId@Cm@physx@@SAAEBUPxProfileEventId@4@XZ 000000018001d950 f i CmEventProfiler.obj
 0001:0001c960       ?GetSapUpdate@BroadPhase@ProfileEventId@Cm@physx@@SAAEBUPxProfileEventId@4@XZ 000000018001d960 f i CmEventProfiler.obj
 0001:0001c970       ?GetSapUpdateSPU@BroadPhase@ProfileEventId@Cm@physx@@SAAEBUPxProfileEventId@4@XZ 000000018001d970 f i CmEventProfiler.obj
 0001:0001c980       ?GetaddActor@API@ProfileEventId@Cm@physx@@SAAEBUPxProfileEventId@4@XZ 000000018001d980 f i CmEventProfiler.obj
 0001:0001c990       ?GetaddActorToSim@API@ProfileEventId@Cm@physx@@SAAEBUPxProfileEventId@4@XZ 000000018001d990 f i CmEventProfiler.obj
 0001:0001c9a0       ?GetaddActors@API@ProfileEventId@Cm@physx@@SAAEBUPxProfileEventId@4@XZ 000000018001d9a0 f i CmEventProfiler.obj
 0001:0001c9b0       ?GetaddAggregate@API@ProfileEventId@Cm@physx@@SAAEBUPxProfileEventId@4@XZ 000000018001d9b0 f i CmEventProfiler.obj
 0001:0001c9c0       ?GetaddArticulation@API@ProfileEventId@Cm@physx@@SAAEBUPxProfileEventId@4@XZ 000000018001d9c0 f i CmEventProfiler.obj
 0001:0001c9d0       ?GetaddCloth@API@ProfileEventId@Cm@physx@@SAAEBUPxProfileEventId@4@XZ 000000018001d9d0 f i CmEventProfiler.obj
 0001:0001c9e0       ?GetaddCollection@API@ProfileEventId@Cm@physx@@SAAEBUPxProfileEventId@4@XZ 000000018001d9e0 f i CmEventProfiler.obj
 0001:0001c9f0       ?GetaddParticleFluid@API@ProfileEventId@Cm@physx@@SAAEBUPxProfileEventId@4@XZ 000000018001d9f0 f i CmEventProfiler.obj
 0001:0001ca00       ?GetaddParticleSystem@API@ProfileEventId@Cm@physx@@SAAEBUPxProfileEventId@4@XZ 000000018001da00 f i CmEventProfiler.obj
 0001:0001ca10       ?GetaddShapesToSQ@API@ProfileEventId@Cm@physx@@SAAEBUPxProfileEventId@4@XZ 000000018001da10 f i CmEventProfiler.obj
 0001:0001ca20       ?GetaddShapesToSim@API@ProfileEventId@Cm@physx@@SAAEBUPxProfileEventId@4@XZ 000000018001da20 f i CmEventProfiler.obj
 0001:0001ca30       ?GetapplyExternalImpulses@Articulations@ProfileEventId@Cm@physx@@SAAEBUPxProfileEventId@4@XZ 000000018001da30 f i CmEventProfiler.obj
 0001:0001ca40       ?GetapplyJointDrives@Articulations@ProfileEventId@Cm@physx@@SAAEBUPxProfileEventId@4@XZ 000000018001da40 f i CmEventProfiler.obj
 0001:0001ca50       ?GetbroadPhase@Basic@ProfileEventId@Cm@physx@@SAAEBUPxProfileEventId@4@XZ 000000018001da50 f i CmEventProfiler.obj
 0001:0001ca60       ?GetbrokenEdgeIslands@IslandGen@ProfileEventId@Cm@physx@@SAAEBUPxProfileEventId@4@XZ 000000018001da60 f i CmEventProfiler.obj
 0001:0001ca70       ?GetbuildActiveTransforms@Sim@ProfileEventId@Cm@physx@@SAAEBUPxProfileEventId@4@XZ 000000018001da70 f i CmEventProfiler.obj
 0001:0001ca80       ?GetccdBroadPhase@Sim@ProfileEventId@Cm@physx@@SAAEBUPxProfileEventId@4@XZ 000000018001da80 f i CmEventProfiler.obj
 0001:0001ca90       ?GetccdBroadPhaseComplete@Sim@ProfileEventId@Cm@physx@@SAAEBUPxProfileEventId@4@XZ 000000018001da90 f i CmEventProfiler.obj
 0001:0001caa0       ?GetccdIsland@Sim@ProfileEventId@Cm@physx@@SAAEBUPxProfileEventId@4@XZ 000000018001daa0 f i CmEventProfiler.obj
 0001:0001cab0       ?GetccdPair@Sim@ProfileEventId@Cm@physx@@SAAEBUPxProfileEventId@4@XZ 000000018001dab0 f i CmEventProfiler.obj
 0001:0001cac0       ?GetccdSweep@Sim@ProfileEventId@Cm@physx@@SAAEBUPxProfileEventId@4@XZ 000000018001dac0 f i CmEventProfiler.obj
 0001:0001cad0       ?GetccdSweepMerge@Sim@ProfileEventId@Cm@physx@@SAAEBUPxProfileEventId@4@XZ 000000018001dad0 f i CmEventProfiler.obj
 0001:0001cae0       ?GetcheckCollision@Basic@ProfileEventId@Cm@physx@@SAAEBUPxProfileEventId@4@XZ 000000018001dae0 f i CmEventProfiler.obj
 0001:0001caf0       ?GetcheckConstraintBreakage@Sim@ProfileEventId@Cm@physx@@SAAEBUPxProfileEventId@4@XZ 000000018001daf0 f i CmEventProfiler.obj
 0001:0001cb00       ?GetcheckResults@Basic@ProfileEventId@Cm@physx@@SAAEBUPxProfileEventId@4@XZ 000000018001db00 f i CmEventProfiler.obj
 0001:0001cb10       ?GetcleanupEdgeEvents@IslandGen@ProfileEventId@Cm@physx@@SAAEBUPxProfileEventId@4@XZ 000000018001db10 f i CmEventProfiler.obj
 0001:0001cb20       ?GetcollideQueueTasks@Sim@ProfileEventId@Cm@physx@@SAAEBUPxProfileEventId@4@XZ 000000018001db20 f i CmEventProfiler.obj
 0001:0001cb30       ?Getcollision@Basic@ProfileEventId@Cm@physx@@SAAEBUPxProfileEventId@4@XZ 000000018001db30 f i CmEventProfiler.obj
 0001:0001cb40       ?GetcomputeAABBUpdateLists@BroadPhase@ProfileEventId@Cm@physx@@SAAEBUPxProfileEventId@4@XZ 000000018001db40 f i CmEventProfiler.obj
 0001:0001cb50       ?GetcomputeAggAggShapePairs@BroadPhase@ProfileEventId@Cm@physx@@SAAEBUPxProfileEventId@4@XZ 000000018001db50 f i CmEventProfiler.obj
 0001:0001cb60       ?GetcomputeJointDrives@Articulations@ProfileEventId@Cm@physx@@SAAEBUPxProfileEventId@4@XZ 000000018001db60 f i CmEventProfiler.obj
 0001:0001cb70       ?GetcorrelatePatches@Dynamics@ProfileEventId@Cm@physx@@SAAEBUPxProfileEventId@4@XZ 000000018001db70 f i CmEventProfiler.obj
 0001:0001cb80       ?GetcreateBatchQuery@API@ProfileEventId@Cm@physx@@SAAEBUPxProfileEventId@4@XZ 000000018001db80 f i CmEventProfiler.obj
 0001:0001cb90       ?GetcreateContactPatches@Dynamics@ProfileEventId@Cm@physx@@SAAEBUPxProfileEventId@4@XZ 000000018001db90 f i CmEventProfiler.obj
 0001:0001cba0       ?GetcreateFinalize@Dynamics@ProfileEventId@Cm@physx@@SAAEBUPxProfileEventId@4@XZ 000000018001dba0 f i CmEventProfiler.obj
 0001:0001cbb0       ?GetcreatePVDInstance@PVD@ProfileEventId@Cm@physx@@SAAEBUPxProfileEventId@4@XZ 000000018001dbb0 f i CmEventProfiler.obj
 0001:0001cbc0       ?GetcreatedNodes@IslandGen@ProfileEventId@Cm@physx@@SAAEBUPxProfileEventId@4@XZ 000000018001dbc0 f i CmEventProfiler.obj
 0001:0001cbd0       ?GetdeletedNodesEdges@IslandGen@ProfileEventId@Cm@physx@@SAAEBUPxProfileEventId@4@XZ 000000018001dbd0 f i CmEventProfiler.obj
 0001:0001cbe0       ?GetduplicateKinematicNodes@IslandGen@ProfileEventId@Cm@physx@@SAAEBUPxProfileEventId@4@XZ 000000018001dbe0 f i CmEventProfiler.obj
 0001:0001cbf0       ?Getdynamics@Basic@ProfileEventId@Cm@physx@@SAAEBUPxProfileEventId@4@XZ 000000018001dbf0 f i CmEventProfiler.obj
 0001:0001cc00       ?GetemptyIslands@IslandGen@ProfileEventId@Cm@physx@@SAAEBUPxProfileEventId@4@XZ 000000018001dc00 f i CmEventProfiler.obj
 0001:0001cc10       ?GetendStep@ParticleSim@ProfileEventId@Cm@physx@@SAAEBUPxProfileEventId@4@XZ 000000018001dc10 f i CmEventProfiler.obj
 0001:0001cc20       ?Getexecute@BatchedSceneQuery@ProfileEventId@Cm@physx@@SAAEBUPxProfileEventId@4@XZ 000000018001dc20 f i CmEventProfiler.obj
 0001:0001cc30       ?GetfetchResults@Basic@ProfileEventId@Cm@physx@@SAAEBUPxProfileEventId@4@XZ 000000018001dc30 f i CmEventProfiler.obj
 0001:0001cc40       ?GetfetchResults@Sim@ProfileEventId@Cm@physx@@SAAEBUPxProfileEventId@4@XZ 000000018001dc40 f i CmEventProfiler.obj
 0001:0001cc50       ?GetfindAndReplaceWithLast@API@ProfileEventId@Cm@physx@@SAAEBUPxProfileEventId@4@XZ 000000018001dc50 f i CmEventProfiler.obj
 0001:0001cc60       ?Getfinish@BroadPhase@ProfileEventId@Cm@physx@@SAAEBUPxProfileEventId@4@XZ 000000018001dc60 f i CmEventProfiler.obj
 0001:0001cc70       ?GetfinishModifiablePairs@Sim@ProfileEventId@Cm@physx@@SAAEBUPxProfileEventId@4@XZ 000000018001dc70 f i CmEventProfiler.obj
 0001:0001cc80       ?GetfireCallBacksPostSync@Sim@ProfileEventId@Cm@physx@@SAAEBUPxProfileEventId@4@XZ 000000018001dc80 f i CmEventProfiler.obj
 0001:0001cc90       ?GetfireCallBacksPreSync@Sim@ProfileEventId@Cm@physx@@SAAEBUPxProfileEventId@4@XZ 000000018001dc90 f i CmEventProfiler.obj
 0001:0001cca0       ?GetfireCustomFilteringCallbacks@Sim@ProfileEventId@Cm@physx@@SAAEBUPxProfileEventId@4@XZ 000000018001dca0 f i CmEventProfiler.obj
 0001:0001ccb0       ?GetflushQueryUpdates@API@ProfileEventId@Cm@physx@@SAAEBUPxProfileEventId@4@XZ 000000018001dcb0 f i CmEventProfiler.obj
 0001:0001ccc0       ?GetflushSimulation@API@ProfileEventId@Cm@physx@@SAAEBUPxProfileEventId@4@XZ 000000018001dcc0 f i CmEventProfiler.obj
 0001:0001ccd0       ?GetflushUpdates@SceneQuery@ProfileEventId@Cm@physx@@SAAEBUPxProfileEventId@4@XZ 000000018001dcd0 f i CmEventProfiler.obj
 0001:0001cce0       ?GetforceDynamicTreeRebuild@API@ProfileEventId@Cm@physx@@SAAEBUPxProfileEventId@4@XZ 000000018001dce0 f i CmEventProfiler.obj
 0001:0001ccf0       ?GetfreeBuffers@IslandGen@ProfileEventId@Cm@physx@@SAAEBUPxProfileEventId@4@XZ 000000018001dcf0 f i CmEventProfiler.obj
 0001:0001cd00       ?GetgetFrictionPatch@Dynamics@ProfileEventId@Cm@physx@@SAAEBUPxProfileEventId@4@XZ 000000018001dd00 f i CmEventProfiler.obj
 0001:0001cd10       ?GetgetSimEvents@Sim@ProfileEventId@Cm@physx@@SAAEBUPxProfileEventId@4@XZ 000000018001dd10 f i CmEventProfiler.obj
 0001:0001cd20       ?GetgrowPatches@Dynamics@ProfileEventId@Cm@physx@@SAAEBUPxProfileEventId@4@XZ 000000018001dd20 f i CmEventProfiler.obj
 0001:0001cd30       ?Getintegrate@Articulations@ProfileEventId@Cm@physx@@SAAEBUPxProfileEventId@4@XZ 000000018001dd30 f i CmEventProfiler.obj
 0001:0001cd40       ?GetislandGen@Basic@ProfileEventId@Cm@physx@@SAAEBUPxProfileEventId@4@XZ 000000018001dd40 f i CmEventProfiler.obj
 0001:0001cd50       ?GetjoinedEdges@IslandGen@ProfileEventId@Cm@physx@@SAAEBUPxProfileEventId@4@XZ 000000018001dd50 f i CmEventProfiler.obj
 0001:0001cd60       ?GetjointLoads@Articulations@ProfileEventId@Cm@physx@@SAAEBUPxProfileEventId@4@XZ 000000018001dd60 f i CmEventProfiler.obj
 0001:0001cd70       ?GetnarrowPhase@Basic@ProfileEventId@Cm@physx@@SAAEBUPxProfileEventId@4@XZ 000000018001dd70 f i CmEventProfiler.obj
 0001:0001cd80       ?GetnarrowPhase@Sim@ProfileEventId@Cm@physx@@SAAEBUPxProfileEventId@4@XZ 000000018001dd80 f i CmEventProfiler.obj
 0001:0001cd90       ?GetnarrowPhaseMerge@Sim@ProfileEventId@Cm@physx@@SAAEBUPxProfileEventId@4@XZ 000000018001dd90 f i CmEventProfiler.obj
 0001:0001cda0       ?GetoriginShift@PVD@ProfileEventId@Cm@physx@@SAAEBUPxProfileEventId@4@XZ 000000018001dda0 f i CmEventProfiler.obj
 0001:0001cdb0       ?GetoverlapMultiple@BatchedSceneQuery@ProfileEventId@Cm@physx@@SAAEBUPxProfileEventId@4@XZ 000000018001ddb0 f i CmEventProfiler.obj
 0001:0001cdc0       ?GetoverlapMultiple@SceneQuery@ProfileEventId@Cm@physx@@SAAEBUPxProfileEventId@4@XZ 000000018001ddc0 f i CmEventProfiler.obj
 0001:0001cdd0       ?GetparallelSolve@Dynamics@ProfileEventId@Cm@physx@@SAAEBUPxProfileEventId@4@XZ 000000018001ddd0 f i CmEventProfiler.obj
 0001:0001cde0       ?GetpostIslandGenSecondPass@Sim@ProfileEventId@Cm@physx@@SAAEBUPxProfileEventId@4@XZ 000000018001dde0 f i CmEventProfiler.obj
 0001:0001cdf0       ?GetpreIslandGen@Sim@ProfileEventId@Cm@physx@@SAAEBUPxProfileEventId@4@XZ 000000018001ddf0 f i CmEventProfiler.obj
 0001:0001ce00       ?GetpreIslandGenSecondPass@Sim@ProfileEventId@Cm@physx@@SAAEBUPxProfileEventId@4@XZ 000000018001de00 f i CmEventProfiler.obj
 0001:0001ce10       ?GetprepareDataBlock@Articulations@ProfileEventId@Cm@physx@@SAAEBUPxProfileEventId@4@XZ 000000018001de10 f i CmEventProfiler.obj
 0001:0001ce20       ?GetprepareFsData@Articulations@ProfileEventId@Cm@physx@@SAAEBUPxProfileEventId@4@XZ 000000018001de20 f i CmEventProfiler.obj
 0001:0001ce30       ?GetprocessBPResults@BroadPhase@ProfileEventId@Cm@physx@@SAAEBUPxProfileEventId@4@XZ 000000018001de30 f i CmEventProfiler.obj
 0001:0001ce40       ?GetprocessLostOverlaps@Sim@ProfileEventId@Cm@physx@@SAAEBUPxProfileEventId@4@XZ 000000018001de40 f i CmEventProfiler.obj
 0001:0001ce50       ?GetprocessNewOverlaps@Sim@ProfileEventId@Cm@physx@@SAAEBUPxProfileEventId@4@XZ 000000018001de50 f i CmEventProfiler.obj
 0001:0001ce60       ?GetprocessSleepingIslands@IslandGen@ProfileEventId@Cm@physx@@SAAEBUPxProfileEventId@4@XZ 000000018001de60 f i CmEventProfiler.obj
 0001:0001ce70       ?GetprocessTriggers@Sim@ProfileEventId@Cm@physx@@SAAEBUPxProfileEventId@4@XZ 000000018001de70 f i CmEventProfiler.obj
 0001:0001ce80       ?GetprojectConstraints@Sim@ProfileEventId@Cm@physx@@SAAEBUPxProfileEventId@4@XZ 000000018001de80 f i CmEventProfiler.obj
 0001:0001ce90       ?GetprojectContacts@Sim@ProfileEventId@Cm@physx@@SAAEBUPxProfileEventId@4@XZ 000000018001de90 f i CmEventProfiler.obj
 0001:0001cea0       ?GetprojectionTreeUpdates@Sim@ProfileEventId@Cm@physx@@SAAEBUPxProfileEventId@4@XZ 000000018001dea0 f i CmEventProfiler.obj
 0001:0001ceb0       ?GetpropagateDrivenInertia@Articulations@ProfileEventId@Cm@physx@@SAAEBUPxProfileEventId@4@XZ 000000018001deb0 f i CmEventProfiler.obj
 0001:0001cec0       ?GetpvdFrameStart@Basic@ProfileEventId@Cm@physx@@SAAEBUPxProfileEventId@4@XZ 000000018001dec0 f i CmEventProfiler.obj
 0001:0001ced0       ?GetqueueNarrowPhase@Sim@ProfileEventId@Cm@physx@@SAAEBUPxProfileEventId@4@XZ 000000018001ded0 f i CmEventProfiler.obj
 0001:0001cee0       ?GetraycastAny@BatchedSceneQuery@ProfileEventId@Cm@physx@@SAAEBUPxProfileEventId@4@XZ 000000018001dee0 f i CmEventProfiler.obj
 0001:0001cef0       ?GetraycastAny@SceneQuery@ProfileEventId@Cm@physx@@SAAEBUPxProfileEventId@4@XZ 000000018001def0 f i CmEventProfiler.obj
 0001:0001cf00       ?GetraycastMultiple@BatchedSceneQuery@ProfileEventId@Cm@physx@@SAAEBUPxProfileEventId@4@XZ 000000018001df00 f i CmEventProfiler.obj
 0001:0001cf10       ?GetraycastMultiple@SceneQuery@ProfileEventId@Cm@physx@@SAAEBUPxProfileEventId@4@XZ 000000018001df10 f i CmEventProfiler.obj
 0001:0001cf20       ?GetraycastSingle@BatchedSceneQuery@ProfileEventId@Cm@physx@@SAAEBUPxProfileEventId@4@XZ 000000018001df20 f i CmEventProfiler.obj
 0001:0001cf30       ?GetraycastSingle@SceneQuery@ProfileEventId@Cm@physx@@SAAEBUPxProfileEventId@4@XZ 000000018001df30 f i CmEventProfiler.obj
 0001:0001cf40       ?GetreleaseBatchQuery@API@ProfileEventId@Cm@physx@@SAAEBUPxProfileEventId@4@XZ 000000018001df40 f i CmEventProfiler.obj
 0001:0001cf50       ?GetreleasePVDInstance@PVD@ProfileEventId@Cm@physx@@SAAEBUPxProfileEventId@4@XZ 000000018001df50 f i CmEventProfiler.obj
 0001:0001cf60       ?GetremoveActor@API@ProfileEventId@Cm@physx@@SAAEBUPxProfileEventId@4@XZ 000000018001df60 f i CmEventProfiler.obj
 0001:0001cf70       ?GetremoveActorFromSim@API@ProfileEventId@Cm@physx@@SAAEBUPxProfileEventId@4@XZ 000000018001df70 f i CmEventProfiler.obj
 0001:0001cf80       ?GetremoveActors@API@ProfileEventId@Cm@physx@@SAAEBUPxProfileEventId@4@XZ 000000018001df80 f i CmEventProfiler.obj
 0001:0001cf90       ?GetremoveAggregate@API@ProfileEventId@Cm@physx@@SAAEBUPxProfileEventId@4@XZ 000000018001df90 f i CmEventProfiler.obj
 0001:0001cfa0       ?GetremoveArticulation@API@ProfileEventId@Cm@physx@@SAAEBUPxProfileEventId@4@XZ 000000018001dfa0 f i CmEventProfiler.obj
 0001:0001cfb0       ?GetremoveCloth@API@ProfileEventId@Cm@physx@@SAAEBUPxProfileEventId@4@XZ 000000018001dfb0 f i CmEventProfiler.obj
 0001:0001cfc0       ?GetremoveParticleFluid@API@ProfileEventId@Cm@physx@@SAAEBUPxProfileEventId@4@XZ 000000018001dfc0 f i CmEventProfiler.obj
 0001:0001cfd0       ?GetremoveParticleSystem@API@ProfileEventId@Cm@physx@@SAAEBUPxProfileEventId@4@XZ 000000018001dfd0 f i CmEventProfiler.obj
 0001:0001cfe0       ?GetremoveShapesFromSQ@API@ProfileEventId@Cm@physx@@SAAEBUPxProfileEventId@4@XZ 000000018001dfe0 f i CmEventProfiler.obj
 0001:0001cff0       ?GetremoveShapesFromSim@API@ProfileEventId@Cm@physx@@SAAEBUPxProfileEventId@4@XZ 000000018001dff0 f i CmEventProfiler.obj
 0001:0001d000       ?GetresetDependencies@Sim@ProfileEventId@Cm@physx@@SAAEBUPxProfileEventId@4@XZ 000000018001e000 f i CmEventProfiler.obj
 0001:0001d010       ?GetresizeArrays@IslandGen@ProfileEventId@Cm@physx@@SAAEBUPxProfileEventId@4@XZ 000000018001e010 f i CmEventProfiler.obj
 0001:0001d020       ?GetresizeForKinematics@IslandGen@ProfileEventId@Cm@physx@@SAAEBUPxProfileEventId@4@XZ 000000018001e020 f i CmEventProfiler.obj
 0001:0001d030       ?GetrigidBodySolver@Basic@ProfileEventId@Cm@physx@@SAAEBUPxProfileEventId@4@XZ 000000018001e030 f i CmEventProfiler.obj
 0001:0001d040       ?GetsceneFinalization@Sim@ProfileEventId@Cm@physx@@SAAEBUPxProfileEventId@4@XZ 000000018001e040 f i CmEventProfiler.obj
 0001:0001d050       ?GetsceneUpdate@PVD@ProfileEventId@Cm@physx@@SAAEBUPxProfileEventId@4@XZ 000000018001e050 f i CmEventProfiler.obj
 0001:0001d060       ?GetsendPVDArrays@PVD@ProfileEventId@Cm@physx@@SAAEBUPxProfileEventId@4@XZ 000000018001e060 f i CmEventProfiler.obj
 0001:0001d070       ?GetsetupConstraints@Articulations@ProfileEventId@Cm@physx@@SAAEBUPxProfileEventId@4@XZ 000000018001e070 f i CmEventProfiler.obj
 0001:0001d080       ?GetsetupDrives@Articulations@ProfileEventId@Cm@physx@@SAAEBUPxProfileEventId@4@XZ 000000018001e080 f i CmEventProfiler.obj
 0001:0001d090       ?GetsetupFinalize@Dynamics@ProfileEventId@Cm@physx@@SAAEBUPxProfileEventId@4@XZ 000000018001e090 f i CmEventProfiler.obj
 0001:0001d0a0       ?GetsetupProject@Articulations@ProfileEventId@Cm@physx@@SAAEBUPxProfileEventId@4@XZ 000000018001e0a0 f i CmEventProfiler.obj
 0001:0001d0b0       ?GetshapesUpdateProcessing@ParticleSim@ProfileEventId@Cm@physx@@SAAEBUPxProfileEventId@4@XZ 000000018001e0b0 f i CmEventProfiler.obj
 0001:0001d0c0       ?GetshiftOrigin@API@ProfileEventId@Cm@physx@@SAAEBUPxProfileEventId@4@XZ 000000018001e0c0 f i CmEventProfiler.obj
 0001:0001d0d0       ?GetsimAddShapeToBroadPhase@API@ProfileEventId@Cm@physx@@SAAEBUPxProfileEventId@4@XZ 000000018001e0d0 f i CmEventProfiler.obj
 0001:0001d0e0       ?Getsimulate@Basic@ProfileEventId@Cm@physx@@SAAEBUPxProfileEventId@4@XZ 000000018001e0e0 f i CmEventProfiler.obj
 0001:0001d0f0       ?GetsolveGroup@Dynamics@ProfileEventId@Cm@physx@@SAAEBUPxProfileEventId@4@XZ 000000018001e0f0 f i CmEventProfiler.obj
 0001:0001d100       ?GetsolveQueueTasks@Sim@ProfileEventId@Cm@physx@@SAAEBUPxProfileEventId@4@XZ 000000018001e100 f i CmEventProfiler.obj
 0001:0001d110       ?Getsolver@Dynamics@ProfileEventId@Cm@physx@@SAAEBUPxProfileEventId@4@XZ 000000018001e110 f i CmEventProfiler.obj
 0001:0001d120       ?GetsolverMergeResults@Dynamics@ProfileEventId@Cm@physx@@SAAEBUPxProfileEventId@4@XZ 000000018001e120 f i CmEventProfiler.obj
 0001:0001d130       ?GetsolverQueueTasks@Dynamics@ProfileEventId@Cm@physx@@SAAEBUPxProfileEventId@4@XZ 000000018001e130 f i CmEventProfiler.obj
 0001:0001d140       ?GetstartStep@ParticleSim@ProfileEventId@Cm@physx@@SAAEBUPxProfileEventId@4@XZ 000000018001e140 f i CmEventProfiler.obj
 0001:0001d150       ?GetstepSetupCollide@Sim@ProfileEventId@Cm@physx@@SAAEBUPxProfileEventId@4@XZ 000000018001e150 f i CmEventProfiler.obj
 0001:0001d160       ?GetstepSetupSimulate@Sim@ProfileEventId@Cm@physx@@SAAEBUPxProfileEventId@4@XZ 000000018001e160 f i CmEventProfiler.obj
 0001:0001d170       ?GetstepSetupSolve@Sim@ProfileEventId@Cm@physx@@SAAEBUPxProfileEventId@4@XZ 000000018001e170 f i CmEventProfiler.obj
 0001:0001d180       ?GetsweepAny@SceneQuery@ProfileEventId@Cm@physx@@SAAEBUPxProfileEventId@4@XZ 000000018001e180 f i CmEventProfiler.obj
 0001:0001d190       ?GetsweepAnyList@SceneQuery@ProfileEventId@Cm@physx@@SAAEBUPxProfileEventId@4@XZ 000000018001e190 f i CmEventProfiler.obj
 0001:0001d1a0       ?GetsweepMultiple@BatchedSceneQuery@ProfileEventId@Cm@physx@@SAAEBUPxProfileEventId@4@XZ 000000018001e1a0 f i CmEventProfiler.obj
 0001:0001d1b0       ?GetsweepMultiple@SceneQuery@ProfileEventId@Cm@physx@@SAAEBUPxProfileEventId@4@XZ 000000018001e1b0 f i CmEventProfiler.obj
 0001:0001d1c0       ?GetsweepMultipleList@SceneQuery@ProfileEventId@Cm@physx@@SAAEBUPxProfileEventId@4@XZ 000000018001e1c0 f i CmEventProfiler.obj
 0001:0001d1d0       ?GetsweepSingle@BatchedSceneQuery@ProfileEventId@Cm@physx@@SAAEBUPxProfileEventId@4@XZ 000000018001e1d0 f i CmEventProfiler.obj
 0001:0001d1e0       ?GetsweepSingle@SceneQuery@ProfileEventId@Cm@physx@@SAAEBUPxProfileEventId@4@XZ 000000018001e1e0 f i CmEventProfiler.obj
 0001:0001d1f0       ?GetsweepSingleList@SceneQuery@ProfileEventId@Cm@physx@@SAAEBUPxProfileEventId@4@XZ 000000018001e1f0 f i CmEventProfiler.obj
 0001:0001d200       ?GetsyncBodiesAfterIntegration@Sim@ProfileEventId@Cm@physx@@SAAEBUPxProfileEventId@4@XZ 000000018001e200 f i CmEventProfiler.obj
 0001:0001d210       ?GetsyncBodiesAfterSolver@Sim@ProfileEventId@Cm@physx@@SAAEBUPxProfileEventId@4@XZ 000000018001e210 f i CmEventProfiler.obj
 0001:0001d220       ?GetsyncState@Sim@ProfileEventId@Cm@physx@@SAAEBUPxProfileEventId@4@XZ 000000018001e220 f i CmEventProfiler.obj
 0001:0001d230       ?GettaskFrameworkSetup@Sim@ProfileEventId@Cm@physx@@SAAEBUPxProfileEventId@4@XZ 000000018001e230 f i CmEventProfiler.obj
 0001:0001d240       ?GetupdateAggAABBs@BroadPhase@ProfileEventId@Cm@physx@@SAAEBUPxProfileEventId@4@XZ 000000018001e240 f i CmEventProfiler.obj
 0001:0001d250       ?GetupdateAggLocalSpaceBounds@BroadPhase@ProfileEventId@Cm@physx@@SAAEBUPxProfileEventId@4@XZ 000000018001e250 f i CmEventProfiler.obj
 0001:0001d260       ?GetupdateBroadphase@BroadPhase@ProfileEventId@Cm@physx@@SAAEBUPxProfileEventId@4@XZ 000000018001e260 f i CmEventProfiler.obj
 0001:0001d270       ?GetupdateCCDMultiPass@Sim@ProfileEventId@Cm@physx@@SAAEBUPxProfileEventId@4@XZ 000000018001e270 f i CmEventProfiler.obj
 0001:0001d280       ?GetupdateCCDSinglePass@Sim@ProfileEventId@Cm@physx@@SAAEBUPxProfileEventId@4@XZ 000000018001e280 f i CmEventProfiler.obj
 0001:0001d290       ?GetupdateCloths@PVD@ProfileEventId@Cm@physx@@SAAEBUPxProfileEventId@4@XZ 000000018001e290 f i CmEventProfiler.obj
 0001:0001d2a0       ?GetupdateCollision@ParticleSim@ProfileEventId@Cm@physx@@SAAEBUPxProfileEventId@4@XZ 000000018001e2a0 f i CmEventProfiler.obj
 0001:0001d2b0       ?GetupdateContacts@PVD@ProfileEventId@Cm@physx@@SAAEBUPxProfileEventId@4@XZ 000000018001e2b0 f i CmEventProfiler.obj
 0001:0001d2c0       ?GetupdateDirtyShaders@Sim@ProfileEventId@Cm@physx@@SAAEBUPxProfileEventId@4@XZ 000000018001e2c0 f i CmEventProfiler.obj
 0001:0001d2d0       ?GetupdateDynamicBodies@PVD@ProfileEventId@Cm@physx@@SAAEBUPxProfileEventId@4@XZ 000000018001e2d0 f i CmEventProfiler.obj
 0001:0001d2e0       ?GetupdateForces@Sim@ProfileEventId@Cm@physx@@SAAEBUPxProfileEventId@4@XZ 000000018001e2e0 f i CmEventProfiler.obj
 0001:0001d2f0       ?GetupdateIslands@Sim@ProfileEventId@Cm@physx@@SAAEBUPxProfileEventId@4@XZ 000000018001e2f0 f i CmEventProfiler.obj
 0001:0001d300       ?GetupdateIslandsSecondPass@Sim@ProfileEventId@Cm@physx@@SAAEBUPxProfileEventId@4@XZ 000000018001e300 f i CmEventProfiler.obj
 0001:0001d310       ?GetupdateJoints@PVD@ProfileEventId@Cm@physx@@SAAEBUPxProfileEventId@4@XZ 000000018001e310 f i CmEventProfiler.obj
 0001:0001d320       ?GetupdateKinematics@Dynamics@ProfileEventId@Cm@physx@@SAAEBUPxProfileEventId@4@XZ 000000018001e320 f i CmEventProfiler.obj
 0001:0001d330       ?GetupdateLazyAggShapeAABBs@BroadPhase@ProfileEventId@Cm@physx@@SAAEBUPxProfileEventId@4@XZ 000000018001e330 f i CmEventProfiler.obj
 0001:0001d340       ?GetupdatePVDProperties@PVD@ProfileEventId@Cm@physx@@SAAEBUPxProfileEventId@4@XZ 000000018001e340 f i CmEventProfiler.obj
 0001:0001d350       ?GetupdatePariclesAndFluids@PVD@ProfileEventId@Cm@physx@@SAAEBUPxProfileEventId@4@XZ 000000018001e350 f i CmEventProfiler.obj
 0001:0001d360       ?GetupdatePositions@Dynamics@ProfileEventId@Cm@physx@@SAAEBUPxProfileEventId@4@XZ 000000018001e360 f i CmEventProfiler.obj
 0001:0001d370       ?GetupdatePruningTrees@Sim@ProfileEventId@Cm@physx@@SAAEBUPxProfileEventId@4@XZ 000000018001e370 f i CmEventProfiler.obj
 0001:0001d380       ?GetupdateShapeAABBs@BroadPhase@ProfileEventId@Cm@physx@@SAAEBUPxProfileEventId@4@XZ 000000018001e380 f i CmEventProfiler.obj
 0001:0001d390       ?GetupdateSleeping@PVD@ProfileEventId@Cm@physx@@SAAEBUPxProfileEventId@4@XZ 000000018001e390 f i CmEventProfiler.obj
 0001:0001d3a0       ?GetupdateVelocities@Dynamics@ProfileEventId@Cm@physx@@SAAEBUPxProfileEventId@4@XZ 000000018001e3a0 f i CmEventProfiler.obj
 0001:0001d3b0       ?GetvisualizeEndStep@Sim@ProfileEventId@Cm@physx@@SAAEBUPxProfileEventId@4@XZ 000000018001e3b0 f i CmEventProfiler.obj
 0001:0001d3c0       ?GetvisualizeStartStep@Sim@ProfileEventId@Cm@physx@@SAAEBUPxProfileEventId@4@XZ 000000018001e3c0 f i CmEventProfiler.obj
 0001:0001d3d0       ?create@?$HashBase@V?$Pair@$$CBUEventIdContextPair@nvtx@@_K@shdfnd@physx@@UEventIdContextPair@nvtx@@U?$Hash@UEventIdContextPair@nvtx@@@5@UGetKey@?$HashMapBase@UEventIdContextPair@nvtx@@_KU?$Hash@UEventIdContextPair@nvtx@@@2@VAllocator@shdfnd@physx@@@internal@23@VAllocator@23@$00@internal@shdfnd@physx@@QEAAPEAV?$Pair@$$CBUEventIdContextPair@nvtx@@_K@34@AEBUEventIdContextPair@nvtx@@AEA_N@Z 000000018001e3d0 f i CmEventProfiler.obj
 0001:0001d610       ?reserveInternal@?$HashBase@V?$Pair@$$CBUEventIdContextPair@nvtx@@_K@shdfnd@physx@@UEventIdContextPair@nvtx@@U?$Hash@UEventIdContextPair@nvtx@@@5@UGetKey@?$HashMapBase@UEventIdContextPair@nvtx@@_KU?$Hash@UEventIdContextPair@nvtx@@@2@VAllocator@shdfnd@physx@@@internal@23@VAllocator@23@$00@internal@shdfnd@physx@@AEAAXI@Z 000000018001e610 f i CmEventProfiler.obj
 0001:0001d850       ?storeCrossEvent@EventProfiler@Cm@physx@@QEAAXG_K0@Z 000000018001e850 f i CmEventProfiler.obj
 0001:0001d900       ?dumpFreeListAllocatorState@Cm@physx@@YAXAEAVFreeListAllocator@12@@Z 000000018001e900 f   CmFreeListAllocator.obj
 0001:0001da30       ??0FreeListAllocator@Cm@physx@@QEAA@AEAVPxAllocatorCallback@2@@Z 000000018001ea30 f   CmFreeListAllocator.obj
 0001:0001db10       ??1FreeListAllocator@Cm@physx@@UEAA@XZ 000000018001eb10 f   CmFreeListAllocator.obj
 0001:0001dbc0       ?getQWSize@FreeListAllocator@Cm@physx@@SAI_K@Z 000000018001ebc0 f   CmFreeListAllocator.obj
 0001:0001dbe0       ?allocate@FreeListAllocator@Cm@physx@@UEAAPEAX_KPEBD1H@Z 000000018001ebe0 f   CmFreeListAllocator.obj
 0001:0001dca0       ?deallocate@FreeListAllocator@Cm@physx@@UEAAXPEAX@Z 000000018001eca0 f   CmFreeListAllocator.obj
 0001:0001dd10       ?findBestFit@FreeListAllocator@Cm@physx@@AEAAPEAVChunk@23@IAEAI@Z 000000018001ed10 f   CmFreeListAllocator.obj
 0001:0001dd90       ?pushOnFreeList@FreeListAllocator@Cm@physx@@AEAAXPEAVChunk@23@I@Z 000000018001ed90 f   CmFreeListAllocator.obj
 0001:0001de00       ?popFromFreeList@FreeListAllocator@Cm@physx@@AEAAPEAVChunk@23@I@Z 000000018001ee00 f   CmFreeListAllocator.obj
 0001:0001dea0       ?unlinkFromFreeList@FreeListAllocator@Cm@physx@@AEAAXPEAVChunk@23@@Z 000000018001eea0 f   CmFreeListAllocator.obj
 0001:0001df30       ?allocChunk@FreeListAllocator@Cm@physx@@AEAAPEAXI@Z 000000018001ef30 f   CmFreeListAllocator.obj
 0001:0001e0a0       ?freeChunk@FreeListAllocator@Cm@physx@@AEAAXPEAVChunk@23@@Z 000000018001f0a0 f   CmFreeListAllocator.obj
 0001:0001e290       ?directAlloc@FreeListAllocator@Cm@physx@@AEAAPEAX_K@Z 000000018001f290 f   CmFreeListAllocator.obj
 0001:0001e2e0       ?directFree@FreeListAllocator@Cm@physx@@AEAAXPEAX@Z 000000018001f2e0 f   CmFreeListAllocator.obj
 0001:0001e300       ?createFreeListAllocator@Cm@physx@@YAPEAVFreeListAllocator@12@AEAVPxAllocatorCallback@2@@Z 000000018001f300 f   CmFreeListAllocator.obj
 0001:0001e350       ?destroyFreeListAllocator@Cm@physx@@YAXAEAVFreeListAllocator@12@@Z 000000018001f350 f   CmFreeListAllocator.obj
 0001:0001e620       ??$addAddr@VBlock@Cm@physx@@@Cm@physx@@YAPEAVBlock@01@PEAV201@H@Z 000000018001f620 f i CmFreeListAllocator.obj
 0001:0001e630       ??$addAddr@VChunk@Cm@physx@@@Cm@physx@@YAPEAVChunk@01@PEAV201@H@Z 000000018001f630 f i CmFreeListAllocator.obj
 0001:0001e640       ??$addAddr@X@Cm@physx@@YAPEAXPEAXH@Z 000000018001f640 f i CmFreeListAllocator.obj
 0001:0001e650       ??_EFreeListAllocator@Cm@physx@@UEAAPEAXI@Z 000000018001f650 f i CmFreeListAllocator.obj
 0001:0001e650       ??_GFreeListAllocator@Cm@physx@@UEAAPEAXI@Z 000000018001f650 f i CmFreeListAllocator.obj
 0001:0001e6a0       ?split@Chunk@Cm@physx@@QEAAPEAV123@I@Z 000000018001f6a0 f i CmFreeListAllocator.obj
 0001:0001e720       printf                     000000018001f720 f i CmFreeListAllocator.obj
 0001:0001e790       ?PxShortestRotation@physx@@YA?AVPxQuat@1@AEBVPxVec3@1@0@Z 000000018001f790 f   CmMathUtils.obj
 0001:0001e940       ?PxTransformFromPlaneEquation@physx@@YA?AVPxTransform@1@AEBVPxPlane@1@@Z 000000018001f940 f   CmMathUtils.obj
 0001:0001eb10       ?PxTransformFromSegment@physx@@YA?AVPxTransform@1@AEBVPxVec3@1@0PEAM@Z 000000018001fb10 f   CmMathUtils.obj
 0001:0001ec80       ?PxDiagonalize@physx@@YA?AVPxVec3@1@AEBVPxMat33@1@AEAVPxQuat@1@@Z 000000018001fc80 f   CmMathUtils.obj
 0001:0001f820       ??0PtrTable@Cm@physx@@QEAA@XZ 0000000180020820 f   CmPtrTable.obj
 0001:0001f840       ??1PtrTable@Cm@physx@@QEAA@XZ 0000000180020840 f   CmPtrTable.obj
 0001:0001f850       ?add@PtrTable@Cm@physx@@QEAAXPEAXAEAVPtrTableStorageManager@23@@Z 0000000180020850 f   CmPtrTable.obj
 0001:0001f930       ?replaceWithLast@PtrTable@Cm@physx@@QEAAXIAEAVPtrTableStorageManager@23@@Z 0000000180020930 f   CmPtrTable.obj
 0001:0001fa30       ?clear@PtrTable@Cm@physx@@QEAAXAEAVPtrTableStorageManager@23@@Z 0000000180020a30 f   CmPtrTable.obj
 0001:0001fab0       ?find@PtrTable@Cm@physx@@QEBAIPEBX@Z 0000000180020ab0 f   CmPtrTable.obj
 0001:0001fae0       ?exportExtraData@PtrTable@Cm@physx@@QEAAXAEAVPxSerializationContext@3@@Z 0000000180020ae0 f   CmPtrTable.obj
 0001:0001fb30       ?importExtraData@PtrTable@Cm@physx@@QEAAXAEAVPxDeserializationContext@3@@Z 0000000180020b30 f   CmPtrTable.obj
 0001:0001fb60       ?getBinaryMetaData@PtrTable@Cm@physx@@SAXAEAVPxOutputStream@3@@Z 0000000180020b60 f   CmPtrTable.obj
 0001:0001fd20       ?realloc@PtrTable@Cm@physx@@AEAAXIIAEAVPtrTableStorageManager@23@@Z 0000000180020d20 f   CmPtrTable.obj
 0001:0001ff20       ??0PtrTable@Cm@physx@@QEAA@AEBW4PxEMPTY@2@@Z 0000000180020f20 f i CmPtrTable.obj
 0001:0001ff50       ??4PtrTable@Cm@physx@@QEAAAEAU012@AEBU012@@Z 0000000180020f50 f i CmPtrTable.obj
 0001:0001ff60       ?getCount@PtrTable@Cm@physx@@QEBAIXZ 0000000180020f60 f i CmPtrTable.obj
 0001:0001ff70       ?getPtrs@PtrTable@Cm@physx@@QEAAPEAPEAXXZ 0000000180020f70 f i CmPtrTable.obj
 0001:0001ff90       ?getPtrs@PtrTable@Cm@physx@@QEBAPEBQEAXXZ 0000000180020f90 f i CmPtrTable.obj
 0001:0001ffb0       ??6RenderOutput@Cm@physx@@QEAAAEAV012@W4Primitive@012@@Z 0000000180020fb0 f   CmRenderOutput.obj
 0001:0001ffd0       ??6RenderOutput@Cm@physx@@QEAAAEAV012@I@Z 0000000180020fd0 f   CmRenderOutput.obj
 0001:0001ffe0       ??6RenderOutput@Cm@physx@@QEAAAEAV012@AEBVPxMat44@2@@Z 0000000180020fe0 f   CmRenderOutput.obj
 0001:00020050       ??6RenderOutput@Cm@physx@@QEAAAEAV012@AEBVPxTransform@2@@Z 0000000180021050 f   CmRenderOutput.obj
 0001:000200e0       ??6RenderOutput@Cm@physx@@QEAAAEAV012@VPxVec3@2@@Z 00000001800210e0 f   CmRenderOutput.obj
 0001:000205b0       ??6RenderOutput@Cm@physx@@QEAAAEAV012@AEBUDebugText@12@@Z 00000001800215b0 f   CmRenderOutput.obj
 0001:00020780       ?outputCapsule@RenderOutput@Cm@physx@@QEAAAEAV123@MMAEBVMatrix34@23@@Z 0000000180021780 f   CmRenderOutput.obj
 0001:000213f0       ??0DebugText@Cm@physx@@QEAA@AEBVPxVec3@2@MPEBDZZ 00000001800223f0 f   CmRenderOutput.obj
 0001:00021480       ??6Cm@physx@@YAAEAVRenderOutput@01@AEAV201@AEBUDebugBox@01@@Z 0000000180022480 f   CmRenderOutput.obj
 0001:00021980       ??6Cm@physx@@YAAEAVRenderOutput@01@AEAV201@AEBUDebugArrow@01@@Z 0000000180022980 f   CmRenderOutput.obj
 0001:00021d70       ??6Cm@physx@@YAAEAVRenderOutput@01@AEAV201@AEBUDebugBasis@01@@Z 0000000180022d70 f   CmRenderOutput.obj
 0001:00021e70       ??6Cm@physx@@YAAEAVRenderOutput@01@AEAV201@AEBUDebugCircle@01@@Z 0000000180022e70 f   CmRenderOutput.obj
 0001:00021f60       ??6Cm@physx@@YAAEAVRenderOutput@01@AEAV201@AEBUDebugArc@01@@Z 0000000180022f60 f   CmRenderOutput.obj
 0001:00022890       ??0DebugText@Cm@physx@@QEAA@$$QEAU012@@Z 0000000180023890 f i CmRenderOutput.obj
 0001:000229b0       ??0DebugText@Cm@physx@@QEAA@AEBU012@@Z 00000001800239b0 f i CmRenderOutput.obj
 0001:00022ad0       ??0PxMat44@physx@@QEAA@AEBVPxTransform@1@@Z 0000000180023ad0 f i CmRenderOutput.obj
 0001:00022ce0       ??0RenderOutput@Cm@physx@@QEAA@AEAVRenderBuffer@12@@Z 0000000180023ce0 f i CmRenderOutput.obj
 0001:00022d50       ??0RenderOutput@Cm@physx@@QEAA@AEBV012@@Z 0000000180023d50 f i CmRenderOutput.obj
 0001:00022e20       ??4DebugText@Cm@physx@@QEAAAEAU012@$$QEAU012@@Z 0000000180023e20 f i CmRenderOutput.obj
 0001:00022eb0       ??4DebugText@Cm@physx@@QEAAAEAU012@AEBU012@@Z 0000000180023eb0 f i CmRenderOutput.obj
 0001:00022f40       ?copy@?$Array@UPxDebugLine@physx@@VNamedAllocator@shdfnd@2@@shdfnd@physx@@KAXPEAUPxDebugLine@3@0PEBU43@@Z 0000000180023f40 f i CmRenderOutput.obj
 0001:00023150       ?copy@?$Array@UPxDebugPoint@physx@@VNamedAllocator@shdfnd@2@@shdfnd@physx@@KAXPEAUPxDebugPoint@3@0PEBU43@@Z 0000000180024150 f i CmRenderOutput.obj
 0001:000232c0       ?copy@?$Array@UPxDebugText@physx@@VNamedAllocator@shdfnd@2@@shdfnd@physx@@KAXPEAUPxDebugText@3@0PEBU43@@Z 00000001800242c0 f i CmRenderOutput.obj
 0001:00023490       ?copy@?$Array@UPxDebugTriangle@physx@@VNamedAllocator@shdfnd@2@@shdfnd@physx@@KAXPEAUPxDebugTriangle@3@0PEBU43@@Z 0000000180024490 f i CmRenderOutput.obj
 0001:00023760       ?growAndPushBack@?$Array@DVNamedAllocator@shdfnd@physx@@@shdfnd@physx@@IEAAAEADAEBD@Z 0000000180024760 f i CmRenderOutput.obj
 0001:00023870       ?growAndPushBack@?$Array@UPxDebugLine@physx@@VNamedAllocator@shdfnd@2@@shdfnd@physx@@IEAAAEAUPxDebugLine@3@AEBU43@@Z 0000000180024870 f i CmRenderOutput.obj
 0001:000239b0       ?growAndPushBack@?$Array@UPxDebugPoint@physx@@VNamedAllocator@shdfnd@2@@shdfnd@physx@@IEAAAEAUPxDebugPoint@3@AEBU43@@Z 00000001800249b0 f i CmRenderOutput.obj
 0001:00023ad0       ?growAndPushBack@?$Array@UPxDebugText@physx@@VNamedAllocator@shdfnd@2@@shdfnd@physx@@IEAAAEAUPxDebugText@3@AEBU43@@Z 0000000180024ad0 f i CmRenderOutput.obj
 0001:00023c00       ?growAndPushBack@?$Array@UPxDebugTriangle@physx@@VNamedAllocator@shdfnd@2@@shdfnd@physx@@IEAAAEAUPxDebugTriangle@3@AEBU43@@Z 0000000180024c00 f i CmRenderOutput.obj
 0001:00023d70       ?outputSegment@RenderOutput@Cm@physx@@QEAAXAEBVPxVec3@3@0@Z 0000000180024d70 f i CmRenderOutput.obj
 0001:00023e50       ?recreate@?$Array@DVNamedAllocator@shdfnd@physx@@@shdfnd@physx@@IEAAXI@Z 0000000180024e50 f i CmRenderOutput.obj
 0001:00023f30       ?recreate@?$Array@UPxDebugLine@physx@@VNamedAllocator@shdfnd@2@@shdfnd@physx@@IEAAXI@Z 0000000180024f30 f i CmRenderOutput.obj
 0001:00023ff0       ?reserveSegments@RenderOutput@Cm@physx@@QEAAPEAUPxDebugLine@3@I@Z 0000000180024ff0 f i CmRenderOutput.obj
 0001:00024040       ?resizeUninitialized@?$Array@UPxDebugLine@physx@@VNamedAllocator@shdfnd@2@@shdfnd@physx@@QEAAXI@Z 0000000180025040 f i CmRenderOutput.obj
 0001:00024090       ?transform@PxMat44@physx@@QEBA?AVPxVec4@2@AEBV32@@Z 0000000180025090 f i CmRenderOutput.obj
 0001:00024250       ?visualizeJointFrames@Cm@physx@@YAXAEAVRenderOutput@12@MAEBVPxTransform@2@1@Z 0000000180025250 f   CmVisualization.obj
 0001:00024310       ?visualizeLinearLimit@Cm@physx@@YAXAEAVRenderOutput@12@MAEBVPxTransform@2@1M_N@Z 0000000180025310 f   CmVisualization.obj
 0001:00024550       ?visualizeAngularLimit@Cm@physx@@YAXAEAVRenderOutput@12@MAEBVPxTransform@2@MM_N@Z 0000000180025550 f   CmVisualization.obj
 0001:00024720       ?visualizeLimitCone@Cm@physx@@YAXAEAVRenderOutput@12@MAEBVPxTransform@2@MM_N@Z 0000000180025720 f   CmVisualization.obj
 0001:00024a10       ?visualizeDoubleCone@Cm@physx@@YAXAEAVRenderOutput@12@MAEBVPxTransform@2@M_N@Z 0000000180025a10 f   CmVisualization.obj
 0001:00024ef0       ?contactCapsuleMesh@Gu@physx@@YA_NAEBVGeometryUnion@12@0AEBVPxTransform@2@1AEBMAEAUCache@12@AEAVContactBuffer@12@@Z 0000000180025ef0 f   GuContactCapsuleMesh.obj
[...]
 0003:00003178       ?simAddShapeToBroadPhase@API@ProfileEventId@Cm@physx@@2UPxProfileEventId@4@B 000000018023f178     CmEventProfiler.obj
 0003:0000317c       ?createdNodes@IslandGen@ProfileEventId@Cm@physx@@2UPxProfileEventId@4@B 000000018023f17c     CmEventProfiler.obj
 0003:00003180       ?MBPPostUpdate@BroadPhase@ProfileEventId@Cm@physx@@2UPxProfileEventId@4@B 000000018023f180     CmEventProfiler.obj
 0003:00003184       ?collision@Basic@ProfileEventId@Cm@physx@@2UPxProfileEventId@4@B 000000018023f184     CmEventProfiler.obj
 0003:00003188       ?sweepMultiple@SceneQuery@ProfileEventId@Cm@physx@@2UPxProfileEventId@4@B 000000018023f188     CmEventProfiler.obj
 0003:0000318c       ?processBPResults@BroadPhase@ProfileEventId@Cm@physx@@2UPxProfileEventId@4@B 000000018023f18c     CmEventProfiler.obj
 0003:00003190       ?updateForces@Sim@ProfileEventId@Cm@physx@@2UPxProfileEventId@4@B 000000018023f190     CmEventProfiler.obj
 0003:00003194       ?applyJointDrives@Articulations@ProfileEventId@Cm@physx@@2UPxProfileEventId@4@B 000000018023f194     CmEventProfiler.obj
 0003:00003198       ?resizeForKinematics@IslandGen@ProfileEventId@Cm@physx@@2UPxProfileEventId@4@B 000000018023f198     CmEventProfiler.obj
 0003:0000319c       ?addShapesToSQ@API@ProfileEventId@Cm@physx@@2UPxProfileEventId@4@B 000000018023f19c     CmEventProfiler.obj
 0003:000031a0       ?queueNarrowPhase@Sim@ProfileEventId@Cm@physx@@2UPxProfileEventId@4@B 000000018023f1a0     CmEventProfiler.obj
 0003:000031a4       ?updateVelocities@Dynamics@ProfileEventId@Cm@physx@@2UPxProfileEventId@4@B 000000018023f1a4     CmEventProfiler.obj
 0003:000031a8       ?SapPostUpdateSPU@BroadPhase@ProfileEventId@Cm@physx@@2UPxProfileEventId@4@B 000000018023f1a8     CmEventProfiler.obj
 0003:000031ac       ?addShapesToSim@API@ProfileEventId@Cm@physx@@2UPxProfileEventId@4@B 000000018023f1ac     CmEventProfiler.obj
 0003:000031b0       ?raycastMultiple@SceneQuery@ProfileEventId@Cm@physx@@2UPxProfileEventId@4@B 000000018023f1b0     CmEventProfiler.obj
 0003:000035a0       ?boxVertexTable@physx@@3QBT__m128@@B 000000018023f5a0     GuConvexSupportTable.obj
 0003:00004548       ?sFirstPoolPage@RTree@Gu@physx@@1PEAURTreePage@23@EA 0000000180240548     GuRTree.obj
 0003:00005840       ?__type_info_root_node@@3U__type_info_node@@A 0000000180241840     LIBCMT:tncleanup.obj
 0003:00005858       __scrt_current_native_startup_state 0000000180241858     LIBCMT:utility.obj
 0003:00005860       __scrt_native_startup_lock 0000000180241860     LIBCMT:utility.obj
 0003:000058ac       __favor                    00000001802418ac     LIBCMT:_cpu_disp_.obj
 0003:000058b0       __scrt_debugger_hook_flag  00000001802418b0     LIBCMT:utility_desktop.obj
 0003:000058b8       ?_OptionsStorage@?1??__local_stdio_scanf_options@@9@4_KA 00000001802418b8     LIBCMT:default_local_stdio_options.obj
 0003:000058c8       __pPurecall                00000001802418c8     libvcruntime:purevirt_data.obj
 0003:000058d8       ?pArgList@UnDecorator@@0PEAVReplicator@@EA 00000001802418d8     libvcruntime:undname.obj
 0003:000058e0       ?pZNameList@UnDecorator@@0PEAVReplicator@@EA 00000001802418e0     libvcruntime:undname.obj
 0003:000058e8       ?pTemplateArgList@UnDecorator@@0PEAVReplicator@@EA 00000001802418e8     libvcruntime:undname.obj
 0003:000058f0       ?gName@UnDecorator@@0PEBDEB 00000001802418f0     libvcruntime:undname.obj
 0003:000058f8       ?name@UnDecorator@@0PEBDEB 00000001802418f8     libvcruntime:undname.obj
 0003:00005900       ?outputString@UnDecorator@@0PEADEA 0000000180241900     libvcruntime:undname.obj
 0003:00005908       ?maxStringLength@UnDecorator@@0HA 0000000180241908     libvcruntime:undname.obj
 0003:0000590c       ?disableFlags@UnDecorator@@0KA 000000018024190c     libvcruntime:undname.obj
 0003:00005910       ?fExplicitTemplateParams@UnDecorator@@0_NA 0000000180241910     libvcruntime:undname.obj
 0003:00005911       ?fGetTemplateArgumentList@UnDecorator@@0_NA 0000000180241911     libvcruntime:undname.obj
 0003:00005918       ?m_pGetParameter@UnDecorator@@0P6APEADJ@ZEA 0000000180241918     libvcruntime:undname.obj
 0003:00005960       ?nodes@?1??make@DNameStatusNode@@SAPEAV2@W4DNameStatus@@@Z@4PAV2@A 0000000180241960     libvcruntime:undname.obj
 0003:000059ac       ??_B?1??make@DNameStatusNode@@SAPEAV1@W4DNameStatus@@@Z@51 00000001802419ac     libvcruntime:undname.obj
 0003:00005b00       _nstream                   0000000180241b00     libucrt:_file.obj
 0003:00005b08       __piob                     0000000180241b08     libucrt:_file.obj
 0003:00005b14       _cflush                    0000000180241b14     libucrt:_file.obj
 0003:00005ee8       _environ_table             0000000180241ee8     libucrt:environment_initialization.obj
 0003:00005ef0       _wenviron_table            0000000180241ef0     libucrt:environment_initialization.obj
 0003:00005f00       __dcrt_initial_wide_environment 0000000180241f00     libucrt:environment_initialization.obj
 0003:00005f10       __dcrt_initial_narrow_environment 0000000180241f10     libucrt:environment_initialization.obj
 0003:00005f20       __acrt_atexit_table        0000000180241f20     libucrt:onexit.obj
 0003:00005f40       __acrt_at_quick_exit_table 0000000180241f40     libucrt:onexit.obj
 0003:00005f80       __acrt_stdout_buffer       0000000180241f80     libucrt:_sftbuf.obj
 0003:00005f90       __acrt_stderr_buffer       0000000180241f90     libucrt:_sftbuf.obj
 0003:00005fa0       __pioinfo                  0000000180241fa0     libucrt:ioinit.obj
 0003:0000646c       _nhandle                   000000018024246c     libucrt:ioinit.obj
 0003:0000647c       __acrt_locale_changed_data 000000018024247c     libucrt:wsetlocale.obj
 0003:00006480       __acrt_current_locale_data 0000000180242480     libucrt:nlsdata.obj
 0003:0000648c       __fma3_is_available        000000018024248c     libucrt:fma3_available.obj
 0003:00006490       __use_fma3_lib             0000000180242490     libucrt:fma3_available.obj
 0003:00006924       __mbcodepage               0000000180242924     libucrt:mbctype.obj
 0003:00006928       __ismbcodepage             0000000180242928     libucrt:mbctype.obj
 0003:00006930       __mbulinfo                 0000000180242930     libucrt:mbctype.obj
 0003:00006948       __mblocalename             0000000180242948     libucrt:mbctype.obj
 0003:00006954       __argc                     0000000180242954     libucrt:argv_data.obj
 0003:00006958       __argv                     0000000180242958     libucrt:argv_data.obj
 0003:00006968       __wargv                    0000000180242968     libucrt:argv_data.obj
 0003:00006978       _acmdln                    0000000180242978     libucrt:argv_data.obj
 0003:00006988       _wcmdln                    0000000180242988     libucrt:argv_data.obj
 0003:00006998       _pgmptr                    0000000180242998     libucrt:argv_data.obj
 0003:000069a8       _wpgmptr                   00000001802429a8     libucrt:argv_data.obj
 0003:000069b8       __acrt_heap                00000001802429b8     libucrt:heap_handle.obj
 0003:00006a00       __acrt_lconv_static_null   0000000180242a00     libucrt:localeconv.obj
 0003:00006a04       __acrt_lconv_static_W_null 0000000180242a04     libucrt:localeconv.obj
 0003:00007808       __dyn_tls_init_callback    0000000180243808     <common>
 0003:0000781c       __scrt_ucrt_dll_is_in_use  000000018024381c     <common>
 0003:00007828       _pDestructExceptionObject  0000000180243828     <common>
 0005:00000000       __imp_CloseHandle          0000000180250000     kernel32:KERNEL32.dll
 0005:00000008       __imp_MapViewOfFile        0000000180250008     kernel32:KERNEL32.dll
 0005:00000010       __imp_UnmapViewOfFile      0000000180250010     kernel32:KERNEL32.dll
 0005:00000018       __imp_CreateFileMappingA   0000000180250018     kernel32:KERNEL32.dll
 0005:00000020       __imp_OpenFileMappingA     0000000180250020     kernel32:KERNEL32.dll
 0005:00000028       __imp_FreeLibrary          0000000180250028     kernel32:KERNEL32.dll
 0005:00000030       __imp_GetProcAddress       0000000180250030     kernel32:KERNEL32.dll
 0005:00000038       __imp_LoadLibraryA         0000000180250038     kernel32:KERNEL32.dll
 0005:00000040       __imp_InitializeCriticalSection 0000000180250040     kernel32:KERNEL32.dll
 0005:00000048       __imp_EnterCriticalSection 0000000180250048     kernel32:KERNEL32.dll
 0005:00000050       __imp_LeaveCriticalSection 0000000180250050     kernel32:KERNEL32.dll
 0005:00000058       __imp_TryEnterCriticalSection 0000000180250058     kernel32:KERNEL32.dll
 0005:00000060       __imp_DeleteCriticalSection 0000000180250060     kernel32:KERNEL32.dll
 0005:00000068       __imp_GetCurrentThread     0000000180250068     kernel32:KERNEL32.dll
 0005:00000070       __imp_GetCurrentThreadId   0000000180250070     kernel32:KERNEL32.dll
 0005:00000078       __imp_OutputDebugStringA   0000000180250078     kernel32:KERNEL32.dll
 0005:00000080       __imp_InitializeSListHead  0000000180250080     kernel32:KERNEL32.dll
 0005:00000088       __imp_InterlockedPopEntrySList 0000000180250088     kernel32:KERNEL32.dll
 0005:00000090       __imp_InterlockedPushEntrySList 0000000180250090     kernel32:KERNEL32.dll
 0005:00000098       __imp_InterlockedFlushSList 0000000180250098     kernel32:KERNEL32.dll
 0005:000000a0       __imp_SetEvent             00000001802500a0     kernel32:KERNEL32.dll
 0005:000000a8       __imp_ResetEvent           00000001802500a8     kernel32:KERNEL32.dll
 0005:000000b0       __imp_WaitForSingleObject  00000001802500b0     kernel32:KERNEL32.dll
 0005:000000b8       __imp_CreateEventA         00000001802500b8     kernel32:KERNEL32.dll
 0005:000000c0       __imp_RaiseException       00000001802500c0     kernel32:KERNEL32.dll
 0005:000000c8       __imp_GetLastError         00000001802500c8     kernel32:KERNEL32.dll
 0005:000000d0       __imp_Sleep                00000001802500d0     kernel32:KERNEL32.dll
 0005:000000d8       __imp_SwitchToThread       00000001802500d8     kernel32:KERNEL32.dll
 0005:000000e0       __imp_CreateThread         00000001802500e0     kernel32:KERNEL32.dll
 0005:000000e8       __imp_SetThreadPriority    00000001802500e8     kernel32:KERNEL32.dll
 0005:000000f0       __imp_GetThreadPriority    00000001802500f0     kernel32:KERNEL32.dll
 0005:000000f8       __imp_ExitThread           00000001802500f8     kernel32:KERNEL32.dll
 0005:00000100       __imp_TerminateThread      0000000180250100     kernel32:KERNEL32.dll
 0005:00000108       __imp_ResumeThread         0000000180250108     kernel32:KERNEL32.dll
 0005:00000110       __imp_TlsAlloc             0000000180250110     kernel32:KERNEL32.dll
 0005:00000118       __imp_TlsGetValue          0000000180250118     kernel32:KERNEL32.dll
 0005:00000120       __imp_TlsSetValue          0000000180250120     kernel32:KERNEL32.dll
 0005:00000128       __imp_TlsFree              0000000180250128     kernel32:KERNEL32.dll
 0005:00000130       __imp_GetModuleHandleA     0000000180250130     kernel32:KERNEL32.dll
 0005:00000138       __imp_SetThreadAffinityMask 0000000180250138     kernel32:KERNEL32.dll
 0005:00000140       __imp_QueryPerformanceCounter 0000000180250140     kernel32:KERNEL32.dll
 0005:00000148       __imp_QueryPerformanceFrequency 0000000180250148     kernel32:KERNEL32.dll
 0005:00000150       __imp_OutputDebugStringW   0000000180250150     kernel32:KERNEL32.dll
 0005:00000158       __imp_CreateFileW          0000000180250158     kernel32:KERNEL32.dll
 0005:00000160       __imp_WriteConsoleW        0000000180250160     kernel32:KERNEL32.dll
 0005:00000168       __imp_SetFilePointerEx     0000000180250168     kernel32:KERNEL32.dll
 0005:00000170       __imp_HeapReAlloc          0000000180250170     kernel32:KERNEL32.dll
 0005:00000178       __imp_HeapSize             0000000180250178     kernel32:KERNEL32.dll
 0005:00000180       __imp_FlushFileBuffers     0000000180250180     kernel32:KERNEL32.dll
 0005:00000188       __imp_SetStdHandle         0000000180250188     kernel32:KERNEL32.dll
 0005:00000190       __imp_GetConsoleMode       0000000180250190     kernel32:KERNEL32.dll
 0005:00000198       __imp_GetConsoleCP         0000000180250198     kernel32:KERNEL32.dll
 0005:000001a0       __imp_WriteFile            00000001802501a0     kernel32:KERNEL32.dll
 0005:000001a8       __imp_GetStringTypeW       00000001802501a8     kernel32:KERNEL32.dll
 0005:000001b0       __imp_SetConsoleCtrlHandler 00000001802501b0     kernel32:KERNEL32.dll
 0005:000001b8       __imp_GetProcessHeap       00000001802501b8     kernel32:KERNEL32.dll
 0005:000001c0       __imp_SetEnvironmentVariableW 00000001802501c0     kernel32:KERNEL32.dll
 0005:000001c8       __imp_SetEnvironmentVariableA 00000001802501c8     kernel32:KERNEL32.dll
 0005:000001d0       __imp_FreeEnvironmentStringsW 00000001802501d0     kernel32:KERNEL32.dll
 0005:000001d8       __imp_GetEnvironmentStringsW 00000001802501d8     kernel32:KERNEL32.dll
 0005:000001e0       __imp_GetCommandLineW      00000001802501e0     kernel32:KERNEL32.dll
 0005:000001e8       __imp_GetCommandLineA      00000001802501e8     kernel32:KERNEL32.dll
 0005:000001f0       __imp_GetCPInfo            00000001802501f0     kernel32:KERNEL32.dll
 0005:000001f8       __imp_GetOEMCP             00000001802501f8     kernel32:KERNEL32.dll
 0005:00000200       __imp_IsValidCodePage      0000000180250200     kernel32:KERNEL32.dll
 0005:00000208       __imp_RtlCaptureContext    0000000180250208     kernel32:KERNEL32.dll
 0005:00000210       __imp_RtlLookupFunctionEntry 0000000180250210     kernel32:KERNEL32.dll
 0005:00000218       __imp_RtlVirtualUnwind     0000000180250218     kernel32:KERNEL32.dll
 0005:00000220       __imp_IsDebuggerPresent    0000000180250220     kernel32:KERNEL32.dll
 0005:00000228       __imp_UnhandledExceptionFilter 0000000180250228     kernel32:KERNEL32.dll
 0005:00000230       __imp_SetUnhandledExceptionFilter 0000000180250230     kernel32:KERNEL32.dll
 0005:00000238       __imp_GetStartupInfoW      0000000180250238     kernel32:KERNEL32.dll
 0005:00000240       __imp_IsProcessorFeaturePresent 0000000180250240     kernel32:KERNEL32.dll
 0005:00000248       __imp_GetModuleHandleW     0000000180250248     kernel32:KERNEL32.dll
 0005:00000250       __imp_GetCurrentProcessId  0000000180250250     kernel32:KERNEL32.dll
 0005:00000258       __imp_GetSystemTimeAsFileTime 0000000180250258     kernel32:KERNEL32.dll
 0005:00000260       __imp_RtlUnwindEx          0000000180250260     kernel32:KERNEL32.dll
 0005:00000268       __imp_RtlPcToFileHeader    0000000180250268     kernel32:KERNEL32.dll
 0005:00000270       __imp_SetLastError         0000000180250270     kernel32:KERNEL32.dll
 0005:00000278       __imp_InitializeCriticalSectionAndSpinCount 0000000180250278     kernel32:KERNEL32.dll
 0005:00000280       __imp_LoadLibraryExW       0000000180250280     kernel32:KERNEL32.dll
 0005:00000288       __imp_GetCurrentProcess    0000000180250288     kernel32:KERNEL32.dll
 0005:00000290       __imp_ExitProcess          0000000180250290     kernel32:KERNEL32.dll
 0005:00000298       __imp_TerminateProcess     0000000180250298     kernel32:KERNEL32.dll
 0005:000002a0       __imp_GetModuleHandleExW   00000001802502a0     kernel32:KERNEL32.dll
 0005:000002a8       __imp_GetModuleFileNameA   00000001802502a8     kernel32:KERNEL32.dll
 0005:000002b0       __imp_GetModuleFileNameW   00000001802502b0     kernel32:KERNEL32.dll
 0005:000002b8       __imp_MultiByteToWideChar  00000001802502b8     kernel32:KERNEL32.dll
 0005:000002c0       __imp_WideCharToMultiByte  00000001802502c0     kernel32:KERNEL32.dll
 0005:000002c8       __imp_HeapFree             00000001802502c8     kernel32:KERNEL32.dll
 0005:000002d0       __imp_HeapAlloc            00000001802502d0     kernel32:KERNEL32.dll
 0005:000002d8       __imp_GetStdHandle         00000001802502d8     kernel32:KERNEL32.dll
 0005:000002e0       __imp_GetFileType          00000001802502e0     kernel32:KERNEL32.dll
 0005:000002e8       __imp_GetACP               00000001802502e8     kernel32:KERNEL32.dll
 0005:000002f0       __imp_GetDateFormatW       00000001802502f0     kernel32:KERNEL32.dll
 0005:000002f8       __imp_GetTimeFormatW       00000001802502f8     kernel32:KERNEL32.dll
 0005:00000300       __imp_CompareStringW       0000000180250300     kernel32:KERNEL32.dll
 0005:00000308       __imp_LCMapStringW         0000000180250308     kernel32:KERNEL32.dll
 0005:00000310       __imp_GetLocaleInfoW       0000000180250310     kernel32:KERNEL32.dll
 0005:00000318       __imp_IsValidLocale        0000000180250318     kernel32:KERNEL32.dll
 0005:00000320       __imp_GetUserDefaultLCID   0000000180250320     kernel32:KERNEL32.dll
 0005:00000328       __imp_EnumSystemLocalesW   0000000180250328     kernel32:KERNEL32.dll
 0005:00000330       __imp_FindClose            0000000180250330     kernel32:KERNEL32.dll
 0005:00000338       __imp_FindFirstFileExA     0000000180250338     kernel32:KERNEL32.dll
 0005:00000340       __imp_FindFirstFileExW     0000000180250340     kernel32:KERNEL32.dll
 0005:00000348       __imp_FindNextFileA        0000000180250348     kernel32:KERNEL32.dll
 0005:00000350       __imp_FindNextFileW        0000000180250350     kernel32:KERNEL32.dll
 0005:00000358       __imp_WaitForSingleObjectEx 0000000180250358     kernel32:KERNEL32.dll
 0005:00000360       \177KERNEL32_NULL_THUNK_DATA 0000000180250360     kernel32:KERNEL32.dll
 0005:00000460       __imp_WSASendDisconnect    0000000180250460     Ws2_32:WS2_32.dll
 0005:00000468       __imp_WSAGetLastError      0000000180250468     Ws2_32:WS2_32.dll
 0005:00000470       __imp_WSACleanup           0000000180250470     Ws2_32:WS2_32.dll
 0005:00000478       __imp_WSAStartup           0000000180250478     Ws2_32:WS2_32.dll
 0005:00000480       __imp_gethostbyname        0000000180250480     Ws2_32:WS2_32.dll
 0005:00000488       __imp_gethostbyaddr        0000000180250488     Ws2_32:WS2_32.dll
 0005:00000490       __imp_socket               0000000180250490     Ws2_32:WS2_32.dll
 0005:00000498       __imp_setsockopt           0000000180250498     Ws2_32:WS2_32.dll
 0005:000004a0       __imp_send                 00000001802504a0     Ws2_32:WS2_32.dll
 0005:000004a8       __imp_select               00000001802504a8     Ws2_32:WS2_32.dll
 0005:000004b0       __imp_recv                 00000001802504b0     Ws2_32:WS2_32.dll
 0005:000004b8       __imp_listen               00000001802504b8     Ws2_32:WS2_32.dll
 0005:000004c0       __imp_inet_addr            00000001802504c0     Ws2_32:WS2_32.dll
 0005:000004c8       __imp_htons                00000001802504c8     Ws2_32:WS2_32.dll
 0005:000004d0       __imp_htonl                00000001802504d0     Ws2_32:WS2_32.dll
 0005:000004d8       __imp_getsockopt           00000001802504d8     Ws2_32:WS2_32.dll
 0005:000004e0       __imp_ioctlsocket          00000001802504e0     Ws2_32:WS2_32.dll
 0005:000004e8       __imp_connect              00000001802504e8     Ws2_32:WS2_32.dll
 0005:000004f0       __imp_closesocket          00000001802504f0     Ws2_32:WS2_32.dll
 0005:000004f8       __imp_bind                 00000001802504f8     Ws2_32:WS2_32.dll
 0005:00000500       __imp_accept               0000000180250500     Ws2_32:WS2_32.dll
 0005:00000508       __imp___WSAFDIsSet         0000000180250508     Ws2_32:WS2_32.dll
 0005:00000510       \177WS2_32_NULL_THUNK_DATA 0000000180250510     Ws2_32:WS2_32.dll
 0005:00000588       __IMPORT_DESCRIPTOR_KERNEL32 0000000180250588     kernel32:KERNEL32.dll
 0005:0000059c       __IMPORT_DESCRIPTOR_WS2_32 000000018025059c     Ws2_32:WS2_32.dll
 0005:000005b0       __NULL_IMPORT_DESCRIPTOR   00000001802505b0     kernel32:KERNEL32.dll
 0007:00000000       __guard_check_icall_fptr   0000000180253000     LIBCMT:guard_support.obj
 0007:00000010       __guard_dispatch_icall_fptr 0000000180253010     LIBCMT:guard_support.obj
