 PhysX3CharacterKinematicCHECKED_x64

 Timestamp is 58ba6381 (Fri Mar  3 23:49:37 2017)

 Preferred load address is 0000000180000000

 Start         Length     Name                   Class
 0001:00000000 000064d0H .text$di                CODE
 0001:000064d0 00077dd0H .text$mn                CODE
 0001:0007e2a0 00001020H .text$mn$00             CODE
 0001:0007f2c0 000017ceH .text$x                 CODE
 0002:00000000 00000110H .CRT$XCA                DATA
 0002:00000110 00000180H .CRT$XCU                DATA
 0002:00000290 00000110H .CRT$XCZ                DATA
 0002:000003a0 00000110H .CRT$XIA                DATA
 0002:000004b0 00000130H .CRT$XIC                DATA
 0002:000005e0 00000110H .CRT$XIZ                DATA
 0002:000006f0 00000110H .CRT$XPA                DATA
 0002:00000800 00000120H .CRT$XPX                DATA
 0002:00000920 00000110H .CRT$XPXA               DATA
 0002:00000a30 00000110H .CRT$XPZ                DATA
 0002:00000b40 00000110H .CRT$XTA                DATA
 0002:00000c50 00000110H .CRT$XTZ                DATA
 0002:00000d60 0000d4c0H .rdata                  DATA
 0002:0000e220 000004ecH .rdata$r                DATA
 0002:0000e70c 000001b4H .rdata$zzzdbg           DATA
 0002:0000e8c0 00000110H .rtc$IAA                DATA
 0002:0000e9d0 00000110H .rtc$IZZ                DATA
 0002:0000eae0 00000110H .rtc$TAA                DATA
 0002:0000ebf0 00000110H .rtc$TZZ                DATA
 0002:0000ed00 00007c50H .xdata                  DATA
 0002:00016950 00000360H .edata                  DATA
 0003:00000000 00000cd0H .data                   DATA
 0003:00000cd0 000003a0H .data$r                 DATA
 0003:00001070 00002101H .bss                    DATA
 0004:00000000 00005964H .pdata                  DATA
 0005:00000000 00000560H .idata$5                DATA
 0005:00000560 00000028H .idata$2                DATA
 0005:00000588 00000018H .idata$3                DATA
 0005:000005a0 00000560H .idata$4                DATA
 0005:00000b00 000014a7H .idata$6                DATA
 0006:00000000 00000220H .gfids$x                DATA
 0006:00000220 000001a5H .gfids$y                DATA
 0007:00000000 0000011bH .00cfg                  DATA
 0008:00000000 000001c0H .rsrc$01                DATA
 0008:000001c0 00000700H .rsrc$02                DATA

  Address         Publics by Value              Rva+Base               Lib:Object

 0000:00000000       __guard_iat_table          0000000000000000     <absolute>
 0000:00000000       __guard_fids_table         0000000000000000     <absolute>
 0000:00000000       ___safe_se_handler_count   0000000000000000     <absolute>
 0000:00000000       __dynamic_value_reloc_table 0000000000000000     <absolute>
 0000:00000000       ___safe_se_handler_table   0000000000000000     <absolute>
 0000:00000000       __guard_longjmp_table      0000000000000000     <absolute>
 0000:00000000       __guard_fids_count         0000000000000000     <absolute>
 0000:00000000       __guard_longjmp_count      0000000000000000     <absolute>
 0000:00000000       __guard_iat_count          0000000000000000     <absolute>
 0000:00000100       __guard_flags              0000000000000100     <absolute>
 0000:00000000       __ImageBase                0000000180000000     <linker-defined>
 0001:000064d0       ??0BoxController@Cct@physx@@QEAA@AEBVPxControllerDesc@2@AEAVPxPhysics@2@PEAVPxScene@2@@Z 00000001800074d0 f   CctBoxController.obj
 0001:000065c0       ??1BoxController@Cct@physx@@UEAA@XZ 00000001800075c0 f   CctBoxController.obj
 0001:00006600       ?getWorldBox@BoxController@Cct@physx@@UEBA_NAEAUPxExtendedBounds3@3@@Z 0000000180007600 f   CctBoxController.obj
 0001:000066b0       ?setFootPosition@BoxController@Cct@physx@@UEAA_NAEBUPxExtendedVec3@3@@Z 00000001800076b0 f   CctBoxController.obj
 0001:00006730       ?getFootPosition@BoxController@Cct@physx@@UEBA?AUPxExtendedVec3@3@XZ 0000000180007730 f   CctBoxController.obj
 0001:000067b0       ?invalidateCache@BoxController@Cct@physx@@UEAAXXZ 00000001800077b0 f   CctBoxController.obj
 0001:00006810       ?resize@BoxController@Cct@physx@@UEAAXM@Z 0000000180007810 f   CctBoxController.obj
 0001:000068e0       ?getHalfHeight@BoxController@Cct@physx@@UEBAMXZ 00000001800078e0 f   CctBoxController.obj
 0001:000068f0       ?getHalfSideExtent@BoxController@Cct@physx@@UEBAMXZ 00000001800078f0 f   CctBoxController.obj
 0001:00006900       ?getHalfForwardExtent@BoxController@Cct@physx@@UEBAMXZ 0000000180007900 f   CctBoxController.obj
 0001:00006910       ?setHalfHeight@BoxController@Cct@physx@@UEAA_NM@Z 0000000180007910 f   CctBoxController.obj
 0001:00006930       ?setHalfSideExtent@BoxController@Cct@physx@@UEAA_NM@Z 0000000180007930 f   CctBoxController.obj
 0001:00006950       ?setHalfForwardExtent@BoxController@Cct@physx@@UEAA_NM@Z 0000000180007950 f   CctBoxController.obj
 0001:00006970       ?updateKinematicProxy@BoxController@Cct@physx@@QEAA_NXZ 0000000180007970 f   CctBoxController.obj
 0001:00006a10       ?getOBB@BoxController@Cct@physx@@QEBAXAEAVPxExtendedBox@3@@Z 0000000180007a10 f   CctBoxController.obj
 0001:00006cb0       ??0PxControllerManager@physx@@IEAA@XZ 0000000180007cb0 f i CctBoxController.obj
 0001:00006cd0       ??0PxControllerManager@physx@@QEAA@AEBV01@@Z 0000000180007cd0 f i CctBoxController.obj
 0001:00006cf0       ??1PxBoxController@physx@@MEAA@XZ 0000000180007cf0 f i CctBoxController.obj
 0001:00006d00       ??1PxController@physx@@MEAA@XZ 0000000180007d00 f i CctBoxController.obj
 0001:00006d10       ??1PxControllerManager@physx@@MEAA@XZ 0000000180007d10 f i CctBoxController.obj
 0001:00006d20       ??4PxControllerManager@physx@@QEAAAEAV01@AEBV01@@Z 0000000180007d20 f i CctBoxController.obj
 0001:00006d24       ??_EBoxController@Cct@physx@@W7EAAPEAXI@Z 0000000180007d24 f i CctBoxController.obj
 0001:00006d30       ??_EPxControllerManager@physx@@MEAAPEAXI@Z 0000000180007d30 f i CctBoxController.obj
 0001:00006de0       ??_EBoxController@Cct@physx@@UEAAPEAXI@Z 0000000180007de0 f i CctBoxController.obj
 0001:00006de0       ??_GBoxController@Cct@physx@@UEAAPEAXI@Z 0000000180007de0 f i CctBoxController.obj
 0001:00006e80       ??_EPxBoxController@physx@@MEAAPEAXI@Z 0000000180007e80 f i CctBoxController.obj
 0001:00006e80       ??_GPxBoxController@physx@@MEAAPEAXI@Z 0000000180007e80 f i CctBoxController.obj
 0001:00006ec0       ??_GPxController@physx@@MEAAPEAXI@Z 0000000180007ec0 f i CctBoxController.obj
 0001:00006ec0       ??_EPxController@physx@@MEAAPEAXI@Z 0000000180007ec0 f i CctBoxController.obj
 0001:00006f00       ??_GPxControllerManager@physx@@MEAAPEAXI@Z 0000000180007f00 f i CctBoxController.obj
 0001:00006f40       ??_H@YAXPEAX_K1P6APEAX0@Z@Z 0000000180007f40 f i CctBoxController.obj
 0001:00006fa0       ??_I@YAXPEAX_K1P6AX0@Z@Z   0000000180007fa0 f i CctBoxController.obj
 0001:00007010       ?__empty_global_delete@@YAXPEAX@Z 0000000180008010 f i CctBoxController.obj
 0001:00007020       ?__global_delete@@YAXPEAX_K@Z 0000000180008020 f i CctBoxController.obj
 0001:00007020       ?__empty_global_delete@@YAXPEAX_K@Z 0000000180008020 f i CctBoxController.obj
 0001:00007030       ?createController@PxControllerManager@physx@@UEAAPEAVPxController@2@AEAVPxPhysics@2@PEAVPxScene@2@AEBVPxControllerDesc@2@@Z 0000000180008030 f i CctBoxController.obj
 0001:000070b0       ?getActor@BoxController@Cct@physx@@UEBAPEAVPxRigidDynamic@3@XZ 00000001800080b0 f i CctBoxController.obj
 0001:000070c0       ?getContactOffset@BoxController@Cct@physx@@UEBAMXZ 00000001800080c0 f i CctBoxController.obj
 0001:000070d0       ?getHalfHeightInternal@BoxController@Cct@physx@@UEBAMXZ 00000001800080d0 f i CctBoxController.obj
 0001:000070e0       ?getNonWalkableMode@BoxController@Cct@physx@@UEBA?AW4Enum@PxControllerNonWalkableMode@3@XZ 00000001800080e0 f i CctBoxController.obj
 0001:000070f0       ?getPosition@BoxController@Cct@physx@@UEBAAEBUPxExtendedVec3@3@XZ 00000001800080f0 f i CctBoxController.obj
 0001:00007100       ?getPxController@BoxController@Cct@physx@@UEAAPEAVPxController@3@XZ 0000000180008100 f i CctBoxController.obj
 0001:00007110       ?getScene@BoxController@Cct@physx@@UEAAPEAVPxScene@3@XZ 0000000180008110 f i CctBoxController.obj
 0001:00007120       ?getSlopeLimit@BoxController@Cct@physx@@UEBAMXZ 0000000180008120 f i CctBoxController.obj
 0001:00007130       ?getState@BoxController@Cct@physx@@UEBAXAEAUPxControllerState@3@@Z 0000000180008130 f i CctBoxController.obj
 0001:00007140       ?getStats@BoxController@Cct@physx@@UEBAXAEAUPxControllerStats@3@@Z 0000000180008140 f i CctBoxController.obj
 0001:00007150       ?getStepOffset@BoxController@Cct@physx@@UEBAMXZ 0000000180008150 f i CctBoxController.obj
 0001:00007160       ?getType@BoxController@Cct@physx@@UEBA?AW4Enum@PxControllerShapeType@3@XZ 0000000180008160 f i CctBoxController.obj
 0001:00007170       ?getUpDirection@BoxController@Cct@physx@@UEBA?AVPxVec3@3@XZ 0000000180008170 f i CctBoxController.obj
 0001:00007190       ?getUserData@BoxController@Cct@physx@@UEBAPEAXXZ 0000000180008190 f i CctBoxController.obj
 0001:000071a0       ?release@BoxController@Cct@physx@@UEAAXXZ 00000001800081a0 f i CctBoxController.obj
 0001:000071b0       ?setContactOffset@BoxController@Cct@physx@@UEAAXM@Z 00000001800081b0 f i CctBoxController.obj
 0001:000071d0       ?setNonWalkableMode@BoxController@Cct@physx@@UEAAXW4Enum@PxControllerNonWalkableMode@3@@Z 00000001800081d0 f i CctBoxController.obj
 0001:000071e0       ?setPosition@BoxController@Cct@physx@@UEAA_NAEBUPxExtendedVec3@3@@Z 00000001800081e0 f i CctBoxController.obj
 0001:000071f0       ?setSlopeLimit@BoxController@Cct@physx@@UEAAXM@Z 00000001800081f0 f i CctBoxController.obj
 0001:00007210       ?setStepOffset@BoxController@Cct@physx@@UEAAXM@Z 0000000180008210 f i CctBoxController.obj
 0001:00007230       ?setUpDirection@BoxController@Cct@physx@@UEAAXAEBVPxVec3@3@@Z 0000000180008230 f i CctBoxController.obj
 0001:00007240       ?setUserData@BoxController@Cct@physx@@UEAAXPEAX@Z 0000000180008240 f i CctBoxController.obj
 0001:00007250       ??0CapsuleController@Cct@physx@@QEAA@AEBVPxControllerDesc@2@AEAVPxPhysics@2@PEAVPxScene@2@@Z 0000000180008250 f   CctCapsuleController.obj
 0001:00007340       ??1CapsuleController@Cct@physx@@UEAA@XZ 0000000180008340 f   CctCapsuleController.obj
 0001:00007380       ?getWorldBox@CapsuleController@Cct@physx@@UEBA_NAEAUPxExtendedBounds3@3@@Z 0000000180008380 f   CctCapsuleController.obj
 0001:00007430       ?setFootPosition@CapsuleController@Cct@physx@@UEAA_NAEBUPxExtendedVec3@3@@Z 0000000180008430 f   CctCapsuleController.obj
 0001:000074d0       ?getFootPosition@CapsuleController@Cct@physx@@UEBA?AUPxExtendedVec3@3@XZ 00000001800084d0 f   CctCapsuleController.obj
 0001:00007560       ?invalidateCache@CapsuleController@Cct@physx@@UEAAXXZ 0000000180008560 f   CctCapsuleController.obj
 0001:000075c0       ?resize@CapsuleController@Cct@physx@@UEAAXM@Z 00000001800085c0 f   CctCapsuleController.obj
 0001:000076a0       ?getClimbingMode@CapsuleController@Cct@physx@@UEBA?AW4Enum@PxCapsuleClimbingMode@3@XZ 00000001800086a0 f   CctCapsuleController.obj
 0001:000076b0       ?setRadius@CapsuleController@Cct@physx@@UEAA_NM@Z 00000001800086b0 f   CctCapsuleController.obj
 0001:00007740       ?setHeight@CapsuleController@Cct@physx@@UEAA_NM@Z 0000000180008740 f   CctCapsuleController.obj
 0001:000077e0       ?setClimbingMode@CapsuleController@Cct@physx@@UEAA_NW4Enum@PxCapsuleClimbingMode@3@@Z 00000001800087e0 f   CctCapsuleController.obj
 0001:00007800       ?getCapsule@CapsuleController@Cct@physx@@QEBAXAEAUPxExtendedCapsule@3@@Z 0000000180008800 f   CctCapsuleController.obj
 0001:00007ae0       ??1PxCapsuleController@physx@@MEAA@XZ 0000000180008ae0 f i CctCapsuleController.obj
 0001:00007af0       ??_ECapsuleController@Cct@physx@@W7EAAPEAXI@Z 0000000180008af0 f i CctCapsuleController.obj
 0001:00007b00       ??_ECapsuleController@Cct@physx@@UEAAPEAXI@Z 0000000180008b00 f i CctCapsuleController.obj
 0001:00007b00       ??_GCapsuleController@Cct@physx@@UEAAPEAXI@Z 0000000180008b00 f i CctCapsuleController.obj
 0001:00007ba0       ??_EPxCapsuleController@physx@@MEAAPEAXI@Z 0000000180008ba0 f i CctCapsuleController.obj
 0001:00007ba0       ??_GPxCapsuleController@physx@@MEAAPEAXI@Z 0000000180008ba0 f i CctCapsuleController.obj
 0001:00007be0       ?getActor@CapsuleController@Cct@physx@@UEBAPEAVPxRigidDynamic@3@XZ 0000000180008be0 f i CctCapsuleController.obj
 0001:00007bf0       ?getContactOffset@CapsuleController@Cct@physx@@UEBAMXZ 0000000180008bf0 f i CctCapsuleController.obj
 0001:00007c00       ?getHalfHeightInternal@CapsuleController@Cct@physx@@UEBAMXZ 0000000180008c00 f i CctCapsuleController.obj
 0001:00007c20       ?getHeight@CapsuleController@Cct@physx@@UEBAMXZ 0000000180008c20 f i CctCapsuleController.obj
 0001:00007c30       ?getNonWalkableMode@CapsuleController@Cct@physx@@UEBA?AW4Enum@PxControllerNonWalkableMode@3@XZ 0000000180008c30 f i CctCapsuleController.obj
 0001:00007c40       ?getPosition@CapsuleController@Cct@physx@@UEBAAEBUPxExtendedVec3@3@XZ 0000000180008c40 f i CctCapsuleController.obj
 0001:00007c50       ?getPxController@CapsuleController@Cct@physx@@UEAAPEAVPxController@3@XZ 0000000180008c50 f i CctCapsuleController.obj
 0001:00007c60       ?getRadius@CapsuleController@Cct@physx@@UEBAMXZ 0000000180008c60 f i CctCapsuleController.obj
 0001:00007c70       ?getScene@CapsuleController@Cct@physx@@UEAAPEAVPxScene@3@XZ 0000000180008c70 f i CctCapsuleController.obj
 0001:00007c80       ?getSlopeLimit@CapsuleController@Cct@physx@@UEBAMXZ 0000000180008c80 f i CctCapsuleController.obj
 0001:00007c90       ?getState@CapsuleController@Cct@physx@@UEBAXAEAUPxControllerState@3@@Z 0000000180008c90 f i CctCapsuleController.obj
 0001:00007ca0       ?getStats@CapsuleController@Cct@physx@@UEBAXAEAUPxControllerStats@3@@Z 0000000180008ca0 f i CctCapsuleController.obj
 0001:00007cb0       ?getStepOffset@CapsuleController@Cct@physx@@UEBAMXZ 0000000180008cb0 f i CctCapsuleController.obj
 0001:00007cc0       ?getType@CapsuleController@Cct@physx@@UEBA?AW4Enum@PxControllerShapeType@3@XZ 0000000180008cc0 f i CctCapsuleController.obj
 0001:00007cd0       ?getUpDirection@CapsuleController@Cct@physx@@UEBA?AVPxVec3@3@XZ 0000000180008cd0 f i CctCapsuleController.obj
 0001:00007cf0       ?getUserData@CapsuleController@Cct@physx@@UEBAPEAXXZ 0000000180008cf0 f i CctCapsuleController.obj
 0001:00007d00       ?release@CapsuleController@Cct@physx@@UEAAXXZ 0000000180008d00 f i CctCapsuleController.obj
 0001:00007d10       ?setContactOffset@CapsuleController@Cct@physx@@UEAAXM@Z 0000000180008d10 f i CctCapsuleController.obj
 0001:00007d30       ?setNonWalkableMode@CapsuleController@Cct@physx@@UEAAXW4Enum@PxControllerNonWalkableMode@3@@Z 0000000180008d30 f i CctCapsuleController.obj
 0001:00007d40       ?setPosition@CapsuleController@Cct@physx@@UEAA_NAEBUPxExtendedVec3@3@@Z 0000000180008d40 f i CctCapsuleController.obj
 0001:00007d50       ?setSlopeLimit@CapsuleController@Cct@physx@@UEAAXM@Z 0000000180008d50 f i CctCapsuleController.obj
 0001:00007d70       ?setStepOffset@CapsuleController@Cct@physx@@UEAAXM@Z 0000000180008d70 f i CctCapsuleController.obj
 0001:00007d90       ?setUpDirection@CapsuleController@Cct@physx@@UEAAXAEBVPxVec3@3@@Z 0000000180008d90 f i CctCapsuleController.obj
 0001:00007da0       ?setUserData@CapsuleController@Cct@physx@@UEAAXPEAX@Z 0000000180008da0 f i CctCapsuleController.obj
 0001:00007db0       ??0CCTParams@Cct@physx@@QEAA@XZ 0000000180008db0 f   CctCharacterController.obj
 0001:00007df0       ??0SweepTest@Cct@physx@@QEAA@XZ 0000000180008df0 f   CctCharacterController.obj
 0001:00007fc0       ??1SweepTest@Cct@physx@@QEAA@XZ 0000000180008fc0 f   CctCharacterController.obj
 0001:00008050       ?moveCharacter@SweepTest@Cct@physx@@QEAA?AV?$PxFlags@W4Enum@PxControllerCollisionFlag@physx@@E@3@PEBUInternalCBData_FindTouchedGeom@23@PEBUInternalCBData_OnHit@23@AEAVSweptVolume@23@AEBVPxVec3@3@AEBUUserObstacles@23@MAEBVPxControllerFilters@3@_N6@Z 0000000180009050 f   CctCharacterController.obj
 0001:00008ab0       ?doSweepTest@SweepTest@Cct@physx@@QEAA_NPEBUInternalCBData_FindTouchedGeom@23@PEBUInternalCBData_OnHit@23@AEBUUserObstacles@23@AEAVSweptVolume@23@AEBVPxVec3@3@4IPEAIMAEBVPxControllerFilters@3@W4SweepPass@23@@Z 0000000180009ab0 f   CctCharacterController.obj
 0001:00009760       ?findTouchedObstacles@SweepTest@Cct@physx@@QEAAXAEBUUserObstacles@23@AEBUPxExtendedBounds3@3@@Z 000000018000a760 f   CctCharacterController.obj
 0001:00009e90       ?voidTestCache@SweepTest@Cct@physx@@QEAAXXZ 000000018000ae90 f   CctCharacterController.obj
 0001:00009ee0       ?onRelease@SweepTest@Cct@physx@@QEAAXAEBVPxBase@3@@Z 000000018000aee0 f   CctCharacterController.obj
 0001:00009f90       ?onObstacleRemoved@SweepTest@Cct@physx@@QEAAXI@Z 000000018000af90 f   CctCharacterController.obj
 0001:00009fb0       ?onObstacleUpdated@SweepTest@Cct@physx@@QEAAXIPEBVPxObstacleContext@3@AEBVPxVec3@3@1M@Z 000000018000afb0 f   CctCharacterController.obj
 0001:0000a0e0       ?onObstacleAdded@SweepTest@Cct@physx@@QEAAXIPEBVPxObstacleContext@3@AEBVPxVec3@3@1M@Z 000000018000b0e0 f   CctCharacterController.obj
 0001:0000a290       ?onOriginShift@SweepTest@Cct@physx@@QEAAXAEBVPxVec3@3@@Z 000000018000b290 f   CctCharacterController.obj
 0001:0000a430       ?updateTouchedGeoms@SweepTest@Cct@physx@@AEAAXPEBUInternalCBData_FindTouchedGeom@23@AEBUUserObstacles@23@AEBUPxExtendedBounds3@3@AEBVPxControllerFilters@3@AEBVPxVec3@3@@Z 000000018000b430 f   CctCharacterController.obj
 0001:0000aad0       ?findTouchedObject@Controller@Cct@physx@@IEAAXAEBVPxControllerFilters@3@PEBVPxObstacleContext@3@AEBVPxVec3@3@@Z 000000018000bad0 f   CctCharacterController.obj
 0001:0000b080       ?rideOnTouchedObject@Controller@Cct@physx@@IEAA_NAEAVSweptVolume@23@AEBVPxVec3@3@AEAV53@PEBVPxObstacleContext@3@@Z 000000018000c080 f   CctCharacterController.obj
 0001:0000b520       ?move@Controller@Cct@physx@@IEAA?AV?$PxFlags@W4Enum@PxControllerCollisionFlag@physx@@E@3@AEAVSweptVolume@23@AEBVPxVec3@3@MMAEBVPxControllerFilters@3@PEBVPxObstacleContext@3@_N@Z 000000018000c520 f   CctCharacterController.obj
 0001:0000c490       ?filterTouchedShape@Controller@Cct@physx@@IEAA_NAEBVPxControllerFilters@3@@Z 000000018000d490 f   CctCharacterController.obj
 0001:0000dd60       ?move@BoxController@Cct@physx@@UEAA?AV?$PxFlags@W4Enum@PxControllerCollisionFlag@physx@@E@3@AEBVPxVec3@3@MMAEBVPxControllerFilters@3@PEBVPxObstacleContext@3@@Z 000000018000ed60 f   CctCharacterController.obj
 0001:0000de90       ?move@CapsuleController@Cct@physx@@UEAA?AV?$PxFlags@W4Enum@PxControllerCollisionFlag@physx@@E@3@AEBVPxVec3@3@MMAEBVPxControllerFilters@3@PEBVPxObstacleContext@3@@Z 000000018000ee90 f   CctCharacterController.obj
 0001:0000f830       ??0PxMat33@physx@@QEAA@AEBV01@@Z 0000000180010830 f i CctCharacterController.obj
 0001:0000f880       ??0PxVec3@physx@@QEAA@XZ   0000000180010880 f i CctCharacterController.obj
 0001:0000f890       ??1?$PxHitBuffer@UPxRaycastHit@physx@@@physx@@UEAA@XZ 0000000180010890 f i CctCharacterController.obj
 0001:0000f8a0       ??1?$PxHitCallback@UPxRaycastHit@physx@@@physx@@UEAA@XZ 00000001800108a0 f i CctCharacterController.obj
 0001:0000f8b0       ??1PxQueryFilterCallback@physx@@UEAA@XZ 00000001800108b0 f i CctCharacterController.obj
 0001:0000f8c0       ??DPxQuat@physx@@QEBA?AV01@AEBV01@@Z 00000001800108c0 f i CctCharacterController.obj
 0001:0000fa40       ??_E?$PxHitBuffer@UPxRaycastHit@physx@@@physx@@UEAAPEAXI@Z 0000000180010a40 f i CctCharacterController.obj
 0001:0000fa40       ??_G?$PxHitBuffer@UPxRaycastHit@physx@@@physx@@UEAAPEAXI@Z 0000000180010a40 f i CctCharacterController.obj
 0001:0000fa80       ??_E?$PxHitCallback@UPxRaycastHit@physx@@@physx@@UEAAPEAXI@Z 0000000180010a80 f i CctCharacterController.obj
 0001:0000fa80       ??_G?$PxHitCallback@UPxRaycastHit@physx@@@physx@@UEAAPEAXI@Z 0000000180010a80 f i CctCharacterController.obj
 0001:0000fac0       ??_EControllerFilter@@UEAAPEAXI@Z 0000000180010ac0 f i CctCharacterController.obj
 0001:0000fac0       ??_GControllerFilter@@UEAAPEAXI@Z 0000000180010ac0 f i CctCharacterController.obj
 0001:0000fb00       ??_GPxQueryFilterCallback@physx@@UEAAPEAXI@Z 0000000180010b00 f i CctCharacterController.obj
 0001:0000fb00       ??_EPxQueryFilterCallback@physx@@UEAAPEAXI@Z 0000000180010b00 f i CctCharacterController.obj
 0001:0000fdb0       ?add@physx@@YAXAEAUPxExtendedBounds3@1@AEBU21@@Z 0000000180010db0 f i CctCharacterController.obj
 0001:00010480       ?copy@?$Array@VPxExtendedBox@physx@@VNamedAllocator@shdfnd@2@@shdfnd@physx@@KAXPEAVPxExtendedBox@3@0PEBV43@@Z 0000000180011480 f i CctCharacterController.obj
 0001:000106f0       ?finalizeQuery@?$PxHitCallback@UPxRaycastHit@physx@@@physx@@UEAAXXZ 00000001800116f0 f i CctCharacterController.obj
 0001:00010700       ?getGlobalPose@PxShapeExt@physx@@SA?AVPxTransform@2@AEBVPxShape@2@AEBVPxRigidActor@2@@Z 0000000180011700 f i CctCharacterController.obj
 0001:00010950       ?growAndPushBack@?$Array@PEBXVNamedAllocator@shdfnd@physx@@@shdfnd@physx@@IEAAAEAPEBXAEBQEBX@Z 0000000180011950 f i CctCharacterController.obj
 0001:00010a70       ?growAndPushBack@?$Array@UPxExtendedCapsule@physx@@VNamedAllocator@shdfnd@2@@shdfnd@physx@@IEAAAEAUPxExtendedCapsule@3@AEBU43@@Z 0000000180011a70 f i CctCharacterController.obj
 0001:00010bd0       ?growAndPushBack@?$Array@VPxExtendedBox@physx@@VNamedAllocator@shdfnd@2@@shdfnd@physx@@IEAAAEAVPxExtendedBox@3@AEBV43@@Z 0000000180011bd0 f i CctCharacterController.obj
 0001:00010f40       ?postFilter@ControllerFilter@@UEAA?AW4Enum@PxQueryHitType@physx@@AEBUPxFilterData@4@AEBUPxQueryHit@4@@Z 0000000180011f40 f i CctCharacterController.obj
 0001:00010f60       ?preFilter@ControllerFilter@@UEAA?AW4Enum@PxQueryHitType@physx@@AEBUPxFilterData@4@PEBVPxShape@4@PEBVPxRigidActor@4@AEAV?$PxFlags@W4Enum@PxHitFlag@physx@@G@4@@Z 0000000180011f60 f i CctCharacterController.obj
 0001:000110e0       ?processTouches@?$PxHitBuffer@UPxRaycastHit@physx@@@physx@@MEAA_NPEBUPxRaycastHit@2@I@Z 00000001800120e0 f i CctCharacterController.obj
 0001:000110f0       ?recreate@?$Array@IVNamedAllocator@shdfnd@physx@@@shdfnd@physx@@IEAAXI@Z 00000001800120f0 f i CctCharacterController.obj
 0001:000111d0       ?resizeUninitialized@?$Array@IVNamedAllocator@shdfnd@physx@@@shdfnd@physx@@QEAAXI@Z 00000001800121d0 f i CctCharacterController.obj
 0001:000117b0       ?getSceneTimestamp@Cct@physx@@YAIPEBUInternalCBData_FindTouchedGeom@12@@Z 00000001800127b0 f   CctCharacterControllerCallbacks.obj
 0001:000117d0       ?findTouchedGeometry@Cct@physx@@YAXPEBUInternalCBData_FindTouchedGeom@12@AEBUPxExtendedBounds3@2@AEAV?$Array@VPxTriangle@physx@@VNamedAllocator@shdfnd@2@@shdfnd@2@AEAV?$Array@IVNamedAllocator@shdfnd@physx@@@62@3AEBVCCTFilter@12@AEBUCCTParams@12@AEAG@Z 00000001800127d0 f   CctCharacterControllerCallbacks.obj
 0001:00011e80       ?shapeHitCallback@Cct@physx@@YAIPEBUInternalCBData_OnHit@12@AEBUSweptContact@12@AEBVPxVec3@2@M@Z 0000000180012e80 f   CctCharacterControllerCallbacks.obj
 0001:00011f90       ?userHitCallback@Cct@physx@@YAIPEBUInternalCBData_OnHit@12@AEBUSweptContact@12@AEBVPxVec3@2@M@Z 0000000180012f90 f   CctCharacterControllerCallbacks.obj
 0001:000124a0       ??0PxOverlapHit@physx@@QEAA@XZ 00000001800134a0 f i CctCharacterControllerCallbacks.obj
 0001:000124c0       ??1?$PxHitBuffer@UPxOverlapHit@physx@@@physx@@UEAA@XZ 00000001800134c0 f i CctCharacterControllerCallbacks.obj
 0001:000124d0       ??1?$PxHitCallback@UPxOverlapHit@physx@@@physx@@UEAA@XZ 00000001800134d0 f i CctCharacterControllerCallbacks.obj
 0001:000124e0       ??_G?$PxHitBuffer@UPxOverlapHit@physx@@@physx@@UEAAPEAXI@Z 00000001800134e0 f i CctCharacterControllerCallbacks.obj
 0001:000124e0       ??_E?$PxHitBuffer@UPxOverlapHit@physx@@@physx@@UEAAPEAXI@Z 00000001800134e0 f i CctCharacterControllerCallbacks.obj
 0001:00012520       ??_E?$PxHitCallback@UPxOverlapHit@physx@@@physx@@UEAAPEAXI@Z 0000000180013520 f i CctCharacterControllerCallbacks.obj
 0001:00012520       ??_G?$PxHitCallback@UPxOverlapHit@physx@@@physx@@UEAAPEAXI@Z 0000000180013520 f i CctCharacterControllerCallbacks.obj
 0001:00012560       ?PxPlaneEquationFromTransform@physx@@YA?AVPxPlane@1@AEBVPxTransform@1@@Z 0000000180013560 f i CctCharacterControllerCallbacks.obj
 0001:00012700       ?copy@?$Array@VPxTriangle@physx@@VNamedAllocator@shdfnd@2@@shdfnd@physx@@KAXPEAVPxTriangle@3@0PEBV43@@Z 0000000180013700 f i CctCharacterControllerCallbacks.obj
 0001:00012fd0       ?finalizeQuery@?$PxHitCallback@UPxOverlapHit@physx@@@physx@@UEAAXXZ 0000000180013fd0 f i CctCharacterControllerCallbacks.obj
 0001:00012fe0       ?growAndPushBack@?$Array@IVNamedAllocator@shdfnd@physx@@@shdfnd@physx@@IEAAAEAIAEBI@Z 0000000180013fe0 f i CctCharacterControllerCallbacks.obj
 0001:00013100       ?growAndPushBack@?$Array@VPxTriangle@physx@@VNamedAllocator@shdfnd@2@@shdfnd@physx@@IEAAAEAVPxTriangle@3@AEBV43@@Z 0000000180014100 f i CctCharacterControllerCallbacks.obj
 0001:000179b0       ?processTouches@?$PxHitBuffer@UPxOverlapHit@physx@@@physx@@MEAA_NPEBUPxOverlapHit@2@I@Z 00000001800189b0 f i CctCharacterControllerCallbacks.obj
 0001:000179c0       ?recreate@?$Array@VPxTriangle@physx@@VNamedAllocator@shdfnd@2@@shdfnd@physx@@IEAAXI@Z 00000001800189c0 f i CctCharacterControllerCallbacks.obj
 0001:00017a90       ?resizeUninitialized@?$Array@VPxTriangle@physx@@VNamedAllocator@shdfnd@2@@shdfnd@physx@@QEAAXI@Z 0000000180018a90 f i CctCharacterControllerCallbacks.obj
 0001:000184c0       PxCreateControllerManager  00000001800194c0 f   CctCharacterControllerManager.obj
 0001:00018570       ??0CharacterControllerManager@Cct@physx@@QEAA@AEAVPxScene@2@_N@Z 0000000180019570 f   CctCharacterControllerManager.obj
 0001:00018730       ??1CharacterControllerManager@Cct@physx@@UEAA@XZ 0000000180019730 f   CctCharacterControllerManager.obj
 0001:00018880       ?release@CharacterControllerManager@Cct@physx@@UEAAXXZ 0000000180019880 f   CctCharacterControllerManager.obj
 0001:00018ab0       ?getScene@CharacterControllerManager@Cct@physx@@UEBAAEAVPxScene@3@XZ 0000000180019ab0 f   CctCharacterControllerManager.obj
 0001:00018ac0       ?getNbControllers@CharacterControllerManager@Cct@physx@@UEBAIXZ 0000000180019ac0 f   CctCharacterControllerManager.obj
 0001:00018ad0       ?getController@CharacterControllerManager@Cct@physx@@UEAAPEAVPxController@3@I@Z 0000000180019ad0 f   CctCharacterControllerManager.obj
 0001:00018b30       ?createController@CharacterControllerManager@Cct@physx@@UEAAPEAVPxController@3@AEBVPxControllerDesc@3@@Z 0000000180019b30 f   CctCharacterControllerManager.obj
 0001:00018d50       ?purgeControllers@CharacterControllerManager@Cct@physx@@UEAAXXZ 0000000180019d50 f   CctCharacterControllerManager.obj
 0001:00018f30       ?getRenderBuffer@CharacterControllerManager@Cct@physx@@UEAAAEAVPxRenderBuffer@3@XZ 0000000180019f30 f   CctCharacterControllerManager.obj
 0001:00018fe0       ?setDebugRenderingFlags@CharacterControllerManager@Cct@physx@@UEAAXV?$PxFlags@W4Enum@PxControllerDebugRenderFlag@physx@@I@3@@Z 0000000180019fe0 f   CctCharacterControllerManager.obj
 0001:00019020       ?getNbObstacleContexts@CharacterControllerManager@Cct@physx@@UEBAIXZ 000000018001a020 f   CctCharacterControllerManager.obj
 0001:00019030       ?getObstacleContext@CharacterControllerManager@Cct@physx@@UEAAPEAVPxObstacleContext@3@I@Z 000000018001a030 f   CctCharacterControllerManager.obj
 0001:00019090       ?createObstacleContext@CharacterControllerManager@Cct@physx@@UEAAPEAVPxObstacleContext@3@XZ 000000018001a090 f   CctCharacterControllerManager.obj
 0001:00019170       ?computeInteractions@CharacterControllerManager@Cct@physx@@UEAAXMPEAVPxControllerFilterCallback@3@@Z 000000018001a170 f   CctCharacterControllerManager.obj
 0001:000193d0       ?setTessellation@CharacterControllerManager@Cct@physx@@UEAAX_NM@Z 000000018001a3d0 f   CctCharacterControllerManager.obj
 0001:000193f0       ?setOverlapRecoveryModule@CharacterControllerManager@Cct@physx@@UEAAX_N@Z 000000018001a3f0 f   CctCharacterControllerManager.obj
 0001:00019400       ?setPreciseSweeps@CharacterControllerManager@Cct@physx@@UEAAX_N@Z 000000018001a400 f   CctCharacterControllerManager.obj
 0001:00019410       ?setPreventVerticalSlidingAgainstCeiling@CharacterControllerManager@Cct@physx@@UEAAX_N@Z 000000018001a410 f   CctCharacterControllerManager.obj
 0001:00019420       ?shiftOrigin@CharacterControllerManager@Cct@physx@@UEAAXAEBVPxVec3@3@@Z 000000018001a420 f   CctCharacterControllerManager.obj
 0001:000194f0       ?onObstacleRemoved@CharacterControllerManager@Cct@physx@@QEBAXI@Z 000000018001a4f0 f   CctCharacterControllerManager.obj
 0001:00019540       ?onObstacleUpdated@CharacterControllerManager@Cct@physx@@QEBAXIPEBVPxObstacleContext@3@@Z 000000018001a540 f   CctCharacterControllerManager.obj
 0001:00019660       ?onObstacleAdded@CharacterControllerManager@Cct@physx@@QEBAXIPEBVPxObstacleContext@3@@Z 000000018001a660 f   CctCharacterControllerManager.obj
 0001:00019780       ?releaseController@CharacterControllerManager@Cct@physx@@QEAAXAEAVPxController@3@@Z 000000018001a780 f   CctCharacterControllerManager.obj
 0001:00019920       ?getControllers@CharacterControllerManager@Cct@physx@@QEAAPEAPEAVController@23@XZ 000000018001a920 f   CctCharacterControllerManager.obj
 0001:00019930       ?releaseObstacleContext@CharacterControllerManager@Cct@physx@@QEAAXAEAVObstacleContext@23@@Z 000000018001a930 f   CctCharacterControllerManager.obj
 0001:000199a0       ?resetObstaclesBuffers@CharacterControllerManager@Cct@physx@@QEAAXXZ 000000018001a9a0 f   CctCharacterControllerManager.obj
 0001:00019fe0       ??$append@UPxDebugLine@physx@@@RenderBuffer@Cm@physx@@AEAAXAEAV?$Array@UPxDebugLine@physx@@VNamedAllocator@shdfnd@2@@shdfnd@2@PEBUPxDebugLine@2@I@Z 000000018001afe0 f i CctCharacterControllerManager.obj
 0001:0001a0d0       ??$append@UPxDebugPoint@physx@@@RenderBuffer@Cm@physx@@AEAAXAEAV?$Array@UPxDebugPoint@physx@@VNamedAllocator@shdfnd@2@@shdfnd@2@PEBUPxDebugPoint@2@I@Z 000000018001b0d0 f i CctCharacterControllerManager.obj
 0001:0001a190       ??$append@UPxDebugText@physx@@@RenderBuffer@Cm@physx@@AEAAXAEAV?$Array@UPxDebugText@physx@@VNamedAllocator@shdfnd@2@@shdfnd@2@PEBUPxDebugText@2@I@Z 000000018001b190 f i CctCharacterControllerManager.obj
 0001:0001a270       ??$append@UPxDebugTriangle@physx@@@RenderBuffer@Cm@physx@@AEAAXAEAV?$Array@UPxDebugTriangle@physx@@VNamedAllocator@shdfnd@2@@shdfnd@2@PEBUPxDebugTriangle@2@I@Z 000000018001b270 f i CctCharacterControllerManager.obj
 0001:0001a390       ??$resetOrClear@V?$Array@PEBXVNamedAllocator@shdfnd@physx@@@shdfnd@physx@@@@YAXAEAV?$Array@PEBXVNamedAllocator@shdfnd@physx@@@shdfnd@physx@@@Z 000000018001b390 f i CctCharacterControllerManager.obj
 0001:0001a400       ??$resetOrClear@V?$Array@UPxExtendedCapsule@physx@@VNamedAllocator@shdfnd@2@@shdfnd@physx@@@@YAXAEAV?$Array@UPxExtendedCapsule@physx@@VNamedAllocator@shdfnd@2@@shdfnd@physx@@@Z 000000018001b400 f i CctCharacterControllerManager.obj
 0001:0001a490       ??$resetOrClear@V?$Array@VPxExtendedBox@physx@@VNamedAllocator@shdfnd@2@@shdfnd@physx@@@@YAXAEAV?$Array@VPxExtendedBox@physx@@VNamedAllocator@shdfnd@2@@shdfnd@physx@@@Z 000000018001b490 f i CctCharacterControllerManager.obj
 0001:0001a4f0       ??0RenderBuffer@Cm@physx@@QEAA@XZ 000000018001b4f0 f i CctCharacterControllerManager.obj
 0001:0001a650       ??1PxRenderBuffer@physx@@UEAA@XZ 000000018001b650 f i CctCharacterControllerManager.obj
 0001:0001a660       ??1RenderBuffer@Cm@physx@@UEAA@XZ 000000018001b660 f i CctCharacterControllerManager.obj
 0001:0001a780       ??_GCharacterControllerManager@Cct@physx@@UEAAPEAXI@Z 000000018001b780 f i CctCharacterControllerManager.obj
 0001:0001a780       ??_ECharacterControllerManager@Cct@physx@@UEAAPEAXI@Z 000000018001b780 f i CctCharacterControllerManager.obj
 0001:0001a7f0       ??_GPxRenderBuffer@physx@@UEAAPEAXI@Z 000000018001b7f0 f i CctCharacterControllerManager.obj
 0001:0001a7f0       ??_EPxRenderBuffer@physx@@UEAAPEAXI@Z 000000018001b7f0 f i CctCharacterControllerManager.obj
 0001:0001a830       ??_GRenderBuffer@Cm@physx@@UEAAPEAXI@Z 000000018001b830 f i CctCharacterControllerManager.obj
 0001:0001a830       ??_ERenderBuffer@Cm@physx@@UEAAPEAXI@Z 000000018001b830 f i CctCharacterControllerManager.obj
 0001:0001b5c0       ?append@RenderBuffer@Cm@physx@@UEAAXAEBVPxRenderBuffer@3@@Z 000000018001c5c0 f i CctCharacterControllerManager.obj
 0001:0001b6b0       ?clear@RenderBuffer@Cm@physx@@UEAAXXZ 000000018001c6b0 f i CctCharacterControllerManager.obj
 0001:0001bcd0       ?copy@?$Array@UPxDebugLine@physx@@VNamedAllocator@shdfnd@2@@shdfnd@physx@@KAXPEAUPxDebugLine@3@0PEBU43@@Z 000000018001ccd0 f i CctCharacterControllerManager.obj
 0001:0001bee0       ?copy@?$Array@UPxDebugPoint@physx@@VNamedAllocator@shdfnd@2@@shdfnd@physx@@KAXPEAUPxDebugPoint@3@0PEBU43@@Z 000000018001cee0 f i CctCharacterControllerManager.obj
 0001:0001c050       ?copy@?$Array@UPxDebugText@physx@@VNamedAllocator@shdfnd@2@@shdfnd@physx@@KAXPEAUPxDebugText@3@0PEBU43@@Z 000000018001d050 f i CctCharacterControllerManager.obj
 0001:0001c220       ?copy@?$Array@UPxDebugTriangle@physx@@VNamedAllocator@shdfnd@2@@shdfnd@physx@@KAXPEAUPxDebugTriangle@3@0PEBU43@@Z 000000018001d220 f i CctCharacterControllerManager.obj
 0001:0001c4f0       ?create@?$Array@VPxExtendedBox@physx@@VNamedAllocator@shdfnd@2@@shdfnd@physx@@KAXPEAVPxExtendedBox@3@0AEBV43@@Z 000000018001d4f0 f i CctCharacterControllerManager.obj
 0001:0001c740       ?create@?$HashBase@PEAVPxShape@physx@@PEAV12@U?$Hash@PEAVPxShape@physx@@@shdfnd@2@UGetKey@?$HashSetBase@PEAVPxShape@physx@@U?$Hash@PEAVPxShape@physx@@@shdfnd@2@VAllocator@42@$0A@@internal@42@VAllocator@42@$0A@@internal@shdfnd@physx@@QEAAPEAPEAVPxShape@4@AEBQEAV54@AEA_N@Z 000000018001d740 f i CctCharacterControllerManager.obj
 0001:0001c930       ?createController@CharacterControllerManager@Cct@physx@@UEAAPEAVPxController@3@AEAVPxPhysics@3@PEAVPxScene@3@AEBVPxControllerDesc@3@@Z 000000018001d930 f i CctCharacterControllerManager.obj
 0001:0001cb00       ?freeListAdd@?$HashBase@PEAVPxShape@physx@@PEAV12@U?$Hash@PEAVPxShape@physx@@@shdfnd@2@UGetKey@?$HashSetBase@PEAVPxShape@physx@@U?$Hash@PEAVPxShape@physx@@@shdfnd@2@VAllocator@42@$0A@@internal@42@VAllocator@42@$0A@@internal@shdfnd@physx@@AEAAXII@Z 000000018001db00 f i CctCharacterControllerManager.obj
 0001:0001cc40       ?getLines@RenderBuffer@Cm@physx@@UEBAPEBUPxDebugLine@3@XZ 000000018001dc40 f i CctCharacterControllerManager.obj
 0001:0001cc50       ?getNbLines@RenderBuffer@Cm@physx@@UEBAIXZ 000000018001dc50 f i CctCharacterControllerManager.obj
 0001:0001cc60       ?getNbPoints@RenderBuffer@Cm@physx@@UEBAIXZ 000000018001dc60 f i CctCharacterControllerManager.obj
 0001:0001cc70       ?getNbTexts@RenderBuffer@Cm@physx@@UEBAIXZ 000000018001dc70 f i CctCharacterControllerManager.obj
 0001:0001cc80       ?getNbTriangles@RenderBuffer@Cm@physx@@UEBAIXZ 000000018001dc80 f i CctCharacterControllerManager.obj
 0001:0001cc90       ?getPoints@RenderBuffer@Cm@physx@@UEBAPEBUPxDebugPoint@3@XZ 000000018001dc90 f i CctCharacterControllerManager.obj
 0001:0001cca0       ?getTexts@RenderBuffer@Cm@physx@@UEBAPEBUPxDebugText@3@XZ 000000018001dca0 f i CctCharacterControllerManager.obj
 0001:0001ccb0       ?getTriangles@RenderBuffer@Cm@physx@@UEBAPEBUPxDebugTriangle@3@XZ 000000018001dcb0 f i CctCharacterControllerManager.obj
 0001:0001ccc0       ?growAndPushBack@?$Array@PEAVController@Cct@physx@@VNamedAllocator@shdfnd@3@@shdfnd@physx@@IEAAAEAPEAVController@Cct@3@AEBQEAV453@@Z 000000018001dcc0 f i CctCharacterControllerManager.obj
 0001:0001cde0       ?growAndPushBack@?$Array@PEAVObstacleContext@Cct@physx@@VNamedAllocator@shdfnd@3@@shdfnd@physx@@IEAAAEAPEAVObstacleContext@Cct@3@AEBQEAV453@@Z 000000018001dde0 f i CctCharacterControllerManager.obj
 0001:0001cf00       ?growAndPushBack@?$Array@UPxDebugLine@physx@@VNamedAllocator@shdfnd@2@@shdfnd@physx@@IEAAAEAUPxDebugLine@3@AEBU43@@Z 000000018001df00 f i CctCharacterControllerManager.obj
 0001:0001d040       ?growAndPushBack@?$Array@UPxDebugPoint@physx@@VNamedAllocator@shdfnd@2@@shdfnd@physx@@IEAAAEAUPxDebugPoint@3@AEBU43@@Z 000000018001e040 f i CctCharacterControllerManager.obj
 0001:0001d160       ?growAndPushBack@?$Array@UPxDebugText@physx@@VNamedAllocator@shdfnd@2@@shdfnd@physx@@IEAAAEAUPxDebugText@3@AEBU43@@Z 000000018001e160 f i CctCharacterControllerManager.obj
 0001:0001d290       ?growAndPushBack@?$Array@UPxDebugTriangle@physx@@VNamedAllocator@shdfnd@2@@shdfnd@physx@@IEAAAEAUPxDebugTriangle@3@AEBU43@@Z 000000018001e290 f i CctCharacterControllerManager.obj
 0001:0001d400       ?recreate@?$Array@PEBXVNamedAllocator@shdfnd@physx@@@shdfnd@physx@@IEAAXI@Z 000000018001e400 f i CctCharacterControllerManager.obj
 0001:0001d4e0       ?recreate@?$Array@UPxDebugLine@physx@@VNamedAllocator@shdfnd@2@@shdfnd@physx@@IEAAXI@Z 000000018001e4e0 f i CctCharacterControllerManager.obj
 0001:0001d5a0       ?recreate@?$Array@UPxDebugPoint@physx@@VNamedAllocator@shdfnd@2@@shdfnd@physx@@IEAAXI@Z 000000018001e5a0 f i CctCharacterControllerManager.obj
 0001:0001d660       ?recreate@?$Array@UPxDebugText@physx@@VNamedAllocator@shdfnd@2@@shdfnd@physx@@IEAAXI@Z 000000018001e660 f i CctCharacterControllerManager.obj
 0001:0001d720       ?recreate@?$Array@UPxDebugTriangle@physx@@VNamedAllocator@shdfnd@2@@shdfnd@physx@@IEAAXI@Z 000000018001e720 f i CctCharacterControllerManager.obj
 0001:0001d7f0       ?recreate@?$Array@UPxExtendedCapsule@physx@@VNamedAllocator@shdfnd@2@@shdfnd@physx@@IEAAXI@Z 000000018001e7f0 f i CctCharacterControllerManager.obj
 0001:0001d8f0       ?recreate@?$Array@VPxExtendedBox@physx@@VNamedAllocator@shdfnd@2@@shdfnd@physx@@IEAAXI@Z 000000018001e8f0 f i CctCharacterControllerManager.obj
 0001:0001d9b0       ?reserveInternal@?$HashBase@PEAVPxShape@physx@@PEAV12@U?$Hash@PEAVPxShape@physx@@@shdfnd@2@UGetKey@?$HashSetBase@PEAVPxShape@physx@@U?$Hash@PEAVPxShape@physx@@@shdfnd@2@VAllocator@42@$0A@@internal@42@VAllocator@42@$0A@@internal@shdfnd@physx@@AEAAXI@Z 000000018001e9b0 f i CctCharacterControllerManager.obj
 0001:0001dd10       ?resize@?$Array@PEBXVNamedAllocator@shdfnd@physx@@@shdfnd@physx@@QEAAXIAEBQEBX@Z 000000018001ed10 f i CctCharacterControllerManager.obj
 0001:0001dd90       ?resize@?$Array@UPxExtendedCapsule@physx@@VNamedAllocator@shdfnd@2@@shdfnd@physx@@QEAAXIAEBUPxExtendedCapsule@3@@Z 000000018001ed90 f i CctCharacterControllerManager.obj
 0001:0001de40       ?resize@?$Array@VPxExtendedBox@physx@@VNamedAllocator@shdfnd@2@@shdfnd@physx@@QEAAXIAEBVPxExtendedBox@3@@Z 000000018001ee40 f i CctCharacterControllerManager.obj
 0001:0001deb0       ?shift@RenderBuffer@Cm@physx@@QEAAXAEBVPxVec3@3@@Z 000000018001eeb0 f i CctCharacterControllerManager.obj
 0001:0001e120       ??0Controller@Cct@physx@@QEAA@AEBVPxControllerDesc@2@PEAVPxScene@2@@Z 000000018001f120 f   CctController.obj
 0001:0001e320       ??1Controller@Cct@physx@@UEAA@XZ 000000018001f320 f   CctController.obj
 0001:0001e3c0       ?releaseInternal@Controller@Cct@physx@@QEAAXXZ 000000018001f3c0 f   CctController.obj
 0001:0001e3f0       ?getInternalState@Controller@Cct@physx@@QEBAXAEAUPxControllerState@3@@Z 000000018001f3f0 f   CctController.obj
 0001:0001e4c0       ?getInternalStats@Controller@Cct@physx@@QEBAXAEAUPxControllerStats@3@@Z 000000018001f4c0 f   CctController.obj
 0001:0001e500       ?onRelease@Controller@Cct@physx@@UEAAXPEBVPxBase@3@PEAXW4Enum@PxDeletionEventFlag@3@@Z 000000018001f500 f   CctController.obj
 0001:0001e570       ?onOriginShift@Controller@Cct@physx@@QEAAXAEBVPxVec3@3@@Z 000000018001f570 f   CctController.obj
 0001:0001e640       ?setUpDirectionInternal@Controller@Cct@physx@@IEAAXAEBVPxVec3@3@@Z 000000018001f640 f   CctController.obj
 0001:0001e770       ?getKineShape@Controller@Cct@physx@@IEBAPEAVPxShape@3@XZ 000000018001f770 f   CctController.obj
 0001:0001e7b0       ?createProxyActor@Controller@Cct@physx@@IEAA_NAEAVPxPhysics@3@AEBVPxGeometry@3@AEBVPxMaterial@3@@Z 000000018001f7b0 f   CctController.obj
 0001:0001e8d0       ?setPos@Controller@Cct@physx@@IEAA_NAEBUPxExtendedVec3@3@@Z 000000018001f8d0 f   CctController.obj
 0001:0001eb80       ??1PxDeletionListener@physx@@MEAA@XZ 000000018001fb80 f i CctController.obj
 0001:0001eb90       ??_GController@Cct@physx@@UEAAPEAXI@Z 000000018001fb90 f i CctController.obj
 0001:0001eb90       ??_EController@Cct@physx@@UEAAPEAXI@Z 000000018001fb90 f i CctController.obj
 0001:0001ec00       ??_GPxDeletionListener@physx@@MEAAPEAXI@Z 000000018001fc00 f i CctController.obj
 0001:0001ec00       ??_EPxDeletionListener@physx@@MEAAPEAXI@Z 000000018001fc00 f i CctController.obj
 0001:0001ec40       ?rotationArc@shdfnd@physx@@YA?AVPxQuat@2@AEBVPxVec3@2@0@Z 000000018001fc40 f i CctController.obj
 0001:0001eed0       ??0HandleManager@Cct@physx@@QEAA@XZ 000000018001fed0 f   CctObstacleContext.obj
 0001:0001efd0       ??1HandleManager@Cct@physx@@QEAA@XZ 000000018001ffd0 f   CctObstacleContext.obj
 0001:0001f000       ?Add@HandleManager@Cct@physx@@QEAAIPEAX@Z 0000000180020000 f   CctObstacleContext.obj
 0001:0001f240       ?Remove@HandleManager@Cct@physx@@QEAAXI@Z 0000000180020240 f   CctObstacleContext.obj
 0001:0001f320       ?GetObject@HandleManager@Cct@physx@@QEBAPEAXI@Z 0000000180020320 f   CctObstacleContext.obj
 0001:0001f380       ?UpdateObject@HandleManager@Cct@physx@@QEAA_NIPEAX@Z 0000000180020380 f   CctObstacleContext.obj
 0001:0001f3e0       ?SetupLists@HandleManager@Cct@physx@@AEAA_NPEAPEAXPEAG11@Z 00000001800203e0 f   CctObstacleContext.obj
 0001:0001f490       ??0ObstacleContext@Cct@physx@@QEAA@AEAVCharacterControllerManager@12@@Z 0000000180020490 f   CctObstacleContext.obj
 0001:0001f540       ??1ObstacleContext@Cct@physx@@UEAA@XZ 0000000180020540 f   CctObstacleContext.obj
 0001:0001f5e0       ?release@ObstacleContext@Cct@physx@@UEAAXXZ 00000001800205e0 f   CctObstacleContext.obj
 0001:0001f600       ?getControllerManager@ObstacleContext@Cct@physx@@UEBAAEAVPxControllerManager@3@XZ 0000000180020600 f   CctObstacleContext.obj
 0001:0001f610       ?addObstacle@ObstacleContext@Cct@physx@@UEAAIAEBVPxObstacle@3@@Z 0000000180020610 f   CctObstacleContext.obj
 0001:0001f880       ?removeObstacle@ObstacleContext@Cct@physx@@UEAA_NI@Z 0000000180020880 f   CctObstacleContext.obj
 0001:0001fac0       ?updateObstacle@ObstacleContext@Cct@physx@@UEAA_NIAEBVPxObstacle@3@@Z 0000000180020ac0 f   CctObstacleContext.obj
 0001:0001fc50       ?getNbObstacles@ObstacleContext@Cct@physx@@UEBAIXZ 0000000180020c50 f   CctObstacleContext.obj
 0001:0001fc60       ?getObstacle@ObstacleContext@Cct@physx@@UEBAPEBVPxObstacle@3@I@Z 0000000180020c60 f   CctObstacleContext.obj
 0001:0001fcb0       ?getObstacleByHandle@ObstacleContext@Cct@physx@@UEBAPEBVPxObstacle@3@I@Z 0000000180020cb0 f   CctObstacleContext.obj
 0001:0001fd50       ?raycastSingle@ObstacleContext@Cct@physx@@QEBAPEBVPxObstacle@3@AEAUPxRaycastHit@3@AEBVPxVec3@3@1MAEAI@Z 0000000180020d50 f   CctObstacleContext.obj
 0001:00020080       ?raycastSingle@ObstacleContext@Cct@physx@@QEBAPEBVPxObstacle@3@AEAUPxRaycastHit@3@AEBIAEBVPxVec3@3@2M@Z 0000000180021080 f   CctObstacleContext.obj
 0001:000202b0       ?onOriginShift@ObstacleContext@Cct@physx@@QEAAXAEBVPxVec3@3@@Z 00000001800212b0 f   CctObstacleContext.obj
 0001:000208c0       ??1PxObstacleContext@physx@@UEAA@XZ 00000001800218c0 f i CctObstacleContext.obj
 0001:000208d0       ??_EObstacleContext@Cct@physx@@UEAAPEAXI@Z 00000001800218d0 f i CctObstacleContext.obj
 0001:000208d0       ??_GObstacleContext@Cct@physx@@UEAAPEAXI@Z 00000001800218d0 f i CctObstacleContext.obj
 0001:00020940       ??_GPxObstacleContext@physx@@UEAAPEAXI@Z 0000000180021940 f i CctObstacleContext.obj
 0001:00020940       ??_EPxObstacleContext@physx@@UEAAPEAXI@Z 0000000180021940 f i CctObstacleContext.obj
 0001:00020980       ?copy@?$Array@UInternalBoxObstacle@ObstacleContext@Cct@physx@@VNamedAllocator@shdfnd@4@@shdfnd@physx@@KAXPEAUInternalBoxObstacle@ObstacleContext@Cct@3@0PEBU4563@@Z 0000000180021980 f i CctObstacleContext.obj
 0001:00020cd0       ?copy@?$Array@UInternalCapsuleObstacle@ObstacleContext@Cct@physx@@VNamedAllocator@shdfnd@4@@shdfnd@physx@@KAXPEAUInternalCapsuleObstacle@ObstacleContext@Cct@3@0PEBU4563@@Z 0000000180021cd0 f i CctObstacleContext.obj
 0001:00020ff0       ?growAndPushBack@?$Array@UInternalBoxObstacle@ObstacleContext@Cct@physx@@VNamedAllocator@shdfnd@4@@shdfnd@physx@@IEAAAEAUInternalBoxObstacle@ObstacleContext@Cct@3@AEBU4563@@Z 0000000180021ff0 f i CctObstacleContext.obj
 0001:00021170       ?growAndPushBack@?$Array@UInternalCapsuleObstacle@ObstacleContext@Cct@physx@@VNamedAllocator@shdfnd@4@@shdfnd@physx@@IEAAAEAUInternalCapsuleObstacle@ObstacleContext@Cct@3@AEBU4563@@Z 0000000180022170 f i CctObstacleContext.obj
 0001:000212e0       ?replaceWithLast@?$Array@UInternalCapsuleObstacle@ObstacleContext@Cct@physx@@VNamedAllocator@shdfnd@4@@shdfnd@physx@@QEAAXI@Z 00000001800222e0 f i CctObstacleContext.obj
 0001:00021390       ??0SweptBox@Cct@physx@@QEAA@XZ 0000000180022390 f   CctSweptBox.obj
 0001:000213c0       ??1SweptBox@Cct@physx@@UEAA@XZ 00000001800223c0 f   CctSweptBox.obj
 0001:000213e0       ?computeTemporalBox@SweptBox@Cct@physx@@UEBAXAEBVSweepTest@23@AEAUPxExtendedBounds3@3@AEBUPxExtendedVec3@3@AEBVPxVec3@3@@Z 00000001800223e0 f   CctSweptBox.obj
 0001:00021470       ??_GSweptBox@Cct@physx@@UEAAPEAXI@Z 0000000180022470 f i CctSweptBox.obj
 0001:00021470       ??_ESweptBox@Cct@physx@@UEAAPEAXI@Z 0000000180022470 f i CctSweptBox.obj
 0001:000214c0       ??0SweptCapsule@Cct@physx@@QEAA@XZ 00000001800224c0 f   CctSweptCapsule.obj
 0001:000214f0       ??1SweptCapsule@Cct@physx@@UEAA@XZ 00000001800224f0 f   CctSweptCapsule.obj
 0001:00021510       ?computeTemporalBox@SweptCapsule@Cct@physx@@UEBAXAEBVSweepTest@23@AEAUPxExtendedBounds3@3@AEBUPxExtendedVec3@3@AEBVPxVec3@3@@Z 0000000180022510 f   CctSweptCapsule.obj
 0001:00021590       ??_ESweptCapsule@Cct@physx@@UEAAPEAXI@Z 0000000180022590 f i CctSweptCapsule.obj
 0001:00021590       ??_GSweptCapsule@Cct@physx@@UEAAPEAXI@Z 0000000180022590 f i CctSweptCapsule.obj
 0001:000215e0       ??0SweptVolume@Cct@physx@@QEAA@XZ 00000001800225e0 f   CctSweptVolume.obj
 0001:00021600       ??1SweptVolume@Cct@physx@@UEAA@XZ 0000000180022600 f   CctSweptVolume.obj
 0001:00021620       ?computeTemporalBox@Cct@physx@@YAXAEAUPxExtendedBounds3@2@MMMMAEBVPxVec3@2@AEBUPxExtendedVec3@2@1@Z 0000000180022620 f   CctSweptVolume.obj
 0001:00021be0       ??_GSweptVolume@Cct@physx@@UEAAPEAXI@Z 0000000180022be0 f i CctSweptVolume.obj
 0001:00021be0       ??_ESweptVolume@Cct@physx@@UEAAPEAXI@Z 0000000180022be0 f i CctSweptVolume.obj
 0001:00021c16       PxGetFoundation            0000000180022c16 f   PhysX3CommonCHECKED_x64:PhysX3CommonCHECKED_x64.dll
 0001:00021c1c       ?deallocate@Allocator@shdfnd@physx@@QEAAXPEAX@Z 0000000180022c1c f   PhysX3CommonCHECKED_x64:PhysX3CommonCHECKED_x64.dll
 0001:00021c22       ?lock@MutexImpl@shdfnd@physx@@QEAAXXZ 0000000180022c22 f   PhysX3CommonCHECKED_x64:PhysX3CommonCHECKED_x64.dll
 0001:00021c28       ?unlock@MutexImpl@shdfnd@physx@@QEAAXXZ 0000000180022c28 f   PhysX3CommonCHECKED_x64:PhysX3CommonCHECKED_x64.dll
 0001:00021c2e       ?PxTransformFromSegment@physx@@YA?AVPxTransform@1@AEBVPxVec3@1@0PEAM@Z 0000000180022c2e f   PhysX3CommonCHECKED_x64:PhysX3CommonCHECKED_x64.dll
 0001:00021c34       ?sweep@PxGeometryQuery@physx@@SA_NAEBVPxVec3@2@MAEBVPxGeometry@2@AEBVPxTransform@2@12AEAUPxSweepHit@2@V?$PxFlags@W4Enum@PxHitFlag@physx@@G@2@M@Z 0000000180022c34 f   PhysX3CommonCHECKED_x64:PhysX3CommonCHECKED_x64.dll
 0001:00021c3a       ?computePenetration@PxGeometryQuery@physx@@SA_NAEAVPxVec3@2@AEAMAEBVPxGeometry@2@AEBVPxTransform@2@23@Z 0000000180022c3a f   PhysX3CommonCHECKED_x64:PhysX3CommonCHECKED_x64.dll
 0001:00021c40       ??0NamedAllocator@shdfnd@physx@@QEAA@PEBD@Z 0000000180022c40 f   PhysX3CommonCHECKED_x64:PhysX3CommonCHECKED_x64.dll
 0001:00021c46       ??0NamedAllocator@shdfnd@physx@@QEAA@AEBV012@@Z 0000000180022c46 f   PhysX3CommonCHECKED_x64:PhysX3CommonCHECKED_x64.dll
 0001:00021c4c       ??1NamedAllocator@shdfnd@physx@@QEAA@XZ 0000000180022c4c f   PhysX3CommonCHECKED_x64:PhysX3CommonCHECKED_x64.dll
 0001:00021c52       ?allocate@NamedAllocator@shdfnd@physx@@QEAAPEAX_KPEBDH@Z 0000000180022c52 f   PhysX3CommonCHECKED_x64:PhysX3CommonCHECKED_x64.dll
 0001:00021c58       ?deallocate@NamedAllocator@shdfnd@physx@@QEAAXPEAX@Z 0000000180022c58 f   PhysX3CommonCHECKED_x64:PhysX3CommonCHECKED_x64.dll
 0001:00021c5e       ??0RenderOutput@Cm@physx@@QEAA@AEAVRenderBuffer@12@@Z 0000000180022c5e f   PhysX3CommonCHECKED_x64:PhysX3CommonCHECKED_x64.dll
 0001:00021c64       ??6RenderOutput@Cm@physx@@QEAAAEAV012@I@Z 0000000180022c64 f   PhysX3CommonCHECKED_x64:PhysX3CommonCHECKED_x64.dll
 0001:00021c6a       ??6RenderOutput@Cm@physx@@QEAAAEAV012@AEBVPxTransform@2@@Z 0000000180022c6a f   PhysX3CommonCHECKED_x64:PhysX3CommonCHECKED_x64.dll
 0001:00021c70       ?outputCapsule@RenderOutput@Cm@physx@@QEAAAEAV123@MMAEBVMatrix34@23@@Z 0000000180022c70 f   PhysX3CommonCHECKED_x64:PhysX3CommonCHECKED_x64.dll
 0001:00021c76       ??6Cm@physx@@YAAEAVRenderOutput@01@AEAV201@AEBUDebugBox@01@@Z 0000000180022c76 f   PhysX3CommonCHECKED_x64:PhysX3CommonCHECKED_x64.dll
 0001:00021c7c       ?intersectOBBOBB@Gu@physx@@YA_NAEBVPxVec3@2@0AEBVPxMat33@2@001_N@Z 0000000180022c7c f   PhysX3CommonCHECKED_x64:PhysX3CommonCHECKED_x64.dll
 0001:00021c82       ?distanceSegmentBoxSquared@Gu@physx@@YAMAEBVPxVec3@2@000AEBVPxMat33@2@PEAMPEAV32@@Z 0000000180022c82 f   PhysX3CommonCHECKED_x64:PhysX3CommonCHECKED_x64.dll
 0001:00021c88       ?sweep@PxMeshQuery@physx@@SA_NAEBVPxVec3@2@MAEBVPxGeometry@2@AEBVPxTransform@2@IPEBVPxTriangle@2@AEAUPxSweepHit@2@V?$PxFlags@W4Enum@PxHitFlag@physx@@G@2@PEBIM_N@Z 0000000180022c88 f   PhysX3CommonCHECKED_x64:PhysX3CommonCHECKED_x64.dll
 0001:00021c8e       ?getTriangle@PxMeshQuery@physx@@SAXAEBVPxTriangleMeshGeometry@2@AEBVPxTransform@2@IAEAVPxTriangle@2@PEAI3@Z 0000000180022c8e f   PhysX3CommonCHECKED_x64:PhysX3CommonCHECKED_x64.dll
 0001:00021c94       ?getTriangle@PxMeshQuery@physx@@SAXAEBVPxHeightFieldGeometry@2@AEBVPxTransform@2@IAEAVPxTriangle@2@PEAI3@Z 0000000180022c94 f   PhysX3CommonCHECKED_x64:PhysX3CommonCHECKED_x64.dll
 0001:00021c9a       ??6RenderOutput@Cm@physx@@QEAAAEAV012@W4Primitive@012@@Z 0000000180022c9a f   PhysX3CommonCHECKED_x64:PhysX3CommonCHECKED_x64.dll
 0001:00021ca0       ??6RenderOutput@Cm@physx@@QEAAAEAV012@VPxVec3@2@@Z 0000000180022ca0 f   PhysX3CommonCHECKED_x64:PhysX3CommonCHECKED_x64.dll
 0001:00021ca6       ?intersectTriangleBox@Gu@physx@@YAHAEBVPxVec3@2@0000@Z 0000000180022ca6 f   PhysX3CommonCHECKED_x64:PhysX3CommonCHECKED_x64.dll
 0001:00021cac       ?getAllocator@shdfnd@physx@@YAAEAVPxAllocatorCallback@2@XZ 0000000180022cac f   PhysX3CommonCHECKED_x64:PhysX3CommonCHECKED_x64.dll
 0001:00021cb2       ?allocate@Allocator@shdfnd@physx@@QEAAPEAX_KPEBDH@Z 0000000180022cb2 f   PhysX3CommonCHECKED_x64:PhysX3CommonCHECKED_x64.dll
 0001:00021cb8       ?getInstance@Foundation@shdfnd@physx@@SAAEAV123@XZ 0000000180022cb8 f   PhysX3CommonCHECKED_x64:PhysX3CommonCHECKED_x64.dll
 0001:00021cbe       ?incRefCount@Foundation@shdfnd@physx@@SAXXZ 0000000180022cbe f   PhysX3CommonCHECKED_x64:PhysX3CommonCHECKED_x64.dll
 0001:00021cc4       ?decRefCount@Foundation@shdfnd@physx@@SAXXZ 0000000180022cc4 f   PhysX3CommonCHECKED_x64:PhysX3CommonCHECKED_x64.dll
 0001:00021cca       ?error@Foundation@shdfnd@physx@@QEAAXW4Enum@PxErrorCode@3@PEBDH1ZZ 0000000180022cca f   PhysX3CommonCHECKED_x64:PhysX3CommonCHECKED_x64.dll
 0001:00021cd0       ?CompleteBoxPruning@Gu@physx@@YA_NPEBVPxBounds3@2@IAEAV?$Array@IVNamedAllocator@shdfnd@physx@@@shdfnd@2@AEBVAxes@12@@Z 0000000180022cd0 f   PhysX3CommonCHECKED_x64:PhysX3CommonCHECKED_x64.dll
 0001:00021cd6       ?distanceSegmentSegmentSquaredOLD@Gu@physx@@YAMAEBVPxVec3@2@000PEAM1@Z 0000000180022cd6 f   PhysX3CommonCHECKED_x64:PhysX3CommonCHECKED_x64.dll
 0001:00021cdc       ??0MutexImpl@shdfnd@physx@@QEAA@XZ 0000000180022cdc f   PhysX3CommonCHECKED_x64:PhysX3CommonCHECKED_x64.dll
 0001:00021ce2       ??1MutexImpl@shdfnd@physx@@QEAA@XZ 0000000180022ce2 f   PhysX3CommonCHECKED_x64:PhysX3CommonCHECKED_x64.dll
 0001:00021ce8       ?getSize@MutexImpl@shdfnd@physx@@SAAEBIXZ 0000000180022ce8 f   PhysX3CommonCHECKED_x64:PhysX3CommonCHECKED_x64.dll
 0001:00021cee       ?GetRaycastFuncTable@Gu@physx@@YAAEAY06P6AIAEBVPxGeometry@2@AEBVPxTransform@2@AEBVPxVec3@2@2MV?$PxFlags@W4Enum@PxHitFlag@physx@@G@2@IPEIAUPxRaycastHit@2@_NP6A_NAEAU72@PEAX@Z7@ZXZ 0000000180022cee f   PhysX3CommonCHECKED_x64:PhysX3CommonCHECKED_x64.dll
 0001:00021d00       ??0PxMeshOverlapUtil@physx@@QEAA@XZ 0000000180022d00 f   PhysX3ExtensionsCHECKED:ExtTriangleMeshExt.obj
 0001:00021d30       ??1PxMeshOverlapUtil@physx@@QEAA@XZ 0000000180022d30 f   PhysX3ExtensionsCHECKED:ExtTriangleMeshExt.obj
 0001:00021d60       ?findOverlap@PxMeshOverlapUtil@physx@@QEAAIAEBVPxGeometry@2@AEBVPxTransform@2@AEBVPxTriangleMeshGeometry@2@1@Z 0000000180022d60 f   PhysX3ExtensionsCHECKED:ExtTriangleMeshExt.obj
 0001:00021e90       ?findOverlap@PxMeshOverlapUtil@physx@@QEAAIAEBVPxGeometry@2@AEBVPxTransform@2@AEBVPxHeightFieldGeometry@2@1@Z 0000000180022e90 f   PhysX3ExtensionsCHECKED:ExtTriangleMeshExt.obj
 0001:00021fa0       ?PxComputeMeshPenetration@physx@@YA?AVPxVec3@1@IAEBVPxGeometry@1@AEBVPxTransform@1@AEBVPxTriangleMeshGeometry@1@1AEAI@Z 0000000180022fa0 f   PhysX3ExtensionsCHECKED:ExtTriangleMeshExt.obj
 0001:000220e0       ?PxComputeHeightFieldPenetration@physx@@YA?AVPxVec3@1@IAEBVPxGeometry@1@AEBVPxTransform@1@AEBVPxHeightFieldGeometry@1@1AEAI@Z 00000001800230e0 f   PhysX3ExtensionsCHECKED:ExtTriangleMeshExt.obj
 0001:00022360       ?updateMassAndInertia@PxRigidBodyExt@physx@@SA_NAEAVPxRigidBody@2@PEBMIPEBVPxVec3@2@_N@Z 0000000180023360 f   PhysX3ExtensionsCHECKED:ExtRigidBodyExt.obj
 0001:00022390       ?updateMassAndInertia@PxRigidBodyExt@physx@@SA_NAEAVPxRigidBody@2@MPEBVPxVec3@2@_N@Z 0000000180023390 f   PhysX3ExtensionsCHECKED:ExtRigidBodyExt.obj
 0001:000223d0       ?setMassAndUpdateInertia@PxRigidBodyExt@physx@@SA_NAEAVPxRigidBody@2@PEBMIPEBVPxVec3@2@_N@Z 00000001800233d0 f   PhysX3ExtensionsCHECKED:ExtRigidBodyExt.obj
 0001:00022400       ?setMassAndUpdateInertia@PxRigidBodyExt@physx@@SA_NAEAVPxRigidBody@2@MPEBVPxVec3@2@_N@Z 0000000180023400 f   PhysX3ExtensionsCHECKED:ExtRigidBodyExt.obj
 0001:00022440       ?addForceAtPos@PxRigidBodyExt@physx@@SAXAEAVPxRigidBody@2@AEBVPxVec3@2@1W4Enum@PxForceMode@2@_N@Z 0000000180023440 f   PhysX3ExtensionsCHECKED:ExtRigidBodyExt.obj
 0001:00022460       ?addForceAtLocalPos@PxRigidBodyExt@physx@@SAXAEAVPxRigidBody@2@AEBVPxVec3@2@1W4Enum@PxForceMode@2@_N@Z 0000000180023460 f   PhysX3ExtensionsCHECKED:ExtRigidBodyExt.obj
 0001:00022630       ?addLocalForceAtPos@PxRigidBodyExt@physx@@SAXAEAVPxRigidBody@2@AEBVPxVec3@2@1W4Enum@PxForceMode@2@_N@Z 0000000180023630 f   PhysX3ExtensionsCHECKED:ExtRigidBodyExt.obj
 0001:000227f0       ?addLocalForceAtLocalPos@PxRigidBodyExt@physx@@SAXAEAVPxRigidBody@2@AEBVPxVec3@2@1W4Enum@PxForceMode@2@_N@Z 00000001800237f0 f   PhysX3ExtensionsCHECKED:ExtRigidBodyExt.obj
 0001:00022ac0       ?getVelocityAtPos@PxRigidBodyExt@physx@@SA?AVPxVec3@2@AEBVPxRigidBody@2@AEBV32@@Z 0000000180023ac0 f   PhysX3ExtensionsCHECKED:ExtRigidBodyExt.obj
 0001:00022cc0       ?getLocalVelocityAtLocalPos@PxRigidBodyExt@physx@@SA?AVPxVec3@2@AEBVPxRigidBody@2@AEBV32@@Z 0000000180023cc0 f   PhysX3ExtensionsCHECKED:ExtRigidBodyExt.obj
 0001:00022fe0       ?getVelocityAtOffset@PxRigidBodyExt@physx@@SA?AVPxVec3@2@AEBVPxRigidBody@2@AEBV32@@Z 0000000180023fe0 f   PhysX3ExtensionsCHECKED:ExtRigidBodyExt.obj
 0001:000231c0       ?linearSweepSingle@PxRigidBodyExt@physx@@SA_NAEAVPxRigidBody@2@AEAVPxScene@2@AEBVPxVec3@2@MV?$PxFlags@W4Enum@PxHitFlag@physx@@G@2@AEAUPxSweepHit@2@AEAIAEBUPxQueryFilterData@2@PEAVPxQueryFilterCallback@2@PEBUPxQueryCache@2@M@Z 00000001800241c0 f   PhysX3ExtensionsCHECKED:ExtRigidBodyExt.obj
 0001:00023450       ?linearSweepMultiple@PxRigidBodyExt@physx@@SAIAEAVPxRigidBody@2@AEAVPxScene@2@AEBVPxVec3@2@MV?$PxFlags@W4Enum@PxHitFlag@physx@@G@2@PEAUPxSweepHit@2@PEAIIAEAU72@AEAHAEA_NAEBUPxQueryFilterData@2@PEAVPxQueryFilterCallback@2@PEBUPxQueryCache@2@M@Z 0000000180024450 f   PhysX3ExtensionsCHECKED:ExtRigidBodyExt.obj
 0001:00023a50       ?computeVelocityDeltaFromImpulse@PxRigidBodyExt@physx@@SAXAEBVPxRigidBody@2@AEBVPxVec3@2@1AEAV42@2@Z 0000000180024a50 f   PhysX3ExtensionsCHECKED:ExtRigidBodyExt.obj
 0001:00023e20       ?computeVelocityDeltaFromImpulse@PxRigidBodyExt@physx@@SAXAEBVPxRigidBody@2@AEBVPxTransform@2@AEBVPxVec3@2@2MMAEAV52@3@Z 0000000180024e20 f   PhysX3ExtensionsCHECKED:ExtRigidBodyExt.obj
 0001:00024270       ?computeLinearAngularImpulse@PxRigidBodyExt@physx@@SAXAEBVPxRigidBody@2@AEBVPxTransform@2@AEBVPxVec3@2@2MMAEAV52@3@Z 0000000180025270 f   PhysX3ExtensionsCHECKED:ExtRigidBodyExt.obj
 0001:000244c0       ??0InertiaTensorComputer@Ext@physx@@QEAA@_N@Z 00000001800254c0 f   PhysX3ExtensionsCHECKED:ExtRigidBodyExt.obj
 0001:000244f0       ??0InertiaTensorComputer@Ext@physx@@QEAA@AEBVPxMat33@2@AEBVPxVec3@2@M@Z 00000001800254f0 f   PhysX3ExtensionsCHECKED:ExtRigidBodyExt.obj
 0001:00024550       ??1InertiaTensorComputer@Ext@physx@@QEAA@XZ 0000000180025550 f   PhysX3ExtensionsCHECKED:ExtRigidBodyExt.obj
 0001:00024560       ?translate@InertiaTensorComputer@Ext@physx@@QEAAXAEBVPxVec3@3@@Z 0000000180025560 f   PhysX3ExtensionsCHECKED:ExtRigidBodyExt.obj
 0001:00024b50       ?setBox@InertiaTensorComputer@Ext@physx@@QEAAXAEBVPxVec3@3@@Z 0000000180025b50 f   PhysX3ExtensionsCHECKED:ExtRigidBodyExt.obj
 0001:00024bf0       ?setSphere@InertiaTensorComputer@Ext@physx@@QEAAXM@Z 0000000180025bf0 f   PhysX3ExtensionsCHECKED:ExtRigidBodyExt.obj
 0001:00024c50       ?setCylinder@InertiaTensorComputer@Ext@physx@@QEAAXHMM@Z 0000000180025c50 f   PhysX3ExtensionsCHECKED:ExtRigidBodyExt.obj
 0001:00024d20       ?setCapsule@InertiaTensorComputer@Ext@physx@@QEAAXHMM@Z 0000000180025d20 f   PhysX3ExtensionsCHECKED:ExtRigidBodyExt.obj
 0001:00024e50       ?setEllipsoid@InertiaTensorComputer@Ext@physx@@QEAAXMMM@Z 0000000180025e50 f   PhysX3ExtensionsCHECKED:ExtRigidBodyExt.obj
 0001:00024ef0       ?computeSphereMass@Ext@physx@@YAMMM@Z 0000000180025ef0 f   PhysX3ExtensionsCHECKED:ExtRigidBodyExt.obj
 0001:00024f20       ?computeSphereDensity@Ext@physx@@YAMMM@Z 0000000180025f20 f   PhysX3ExtensionsCHECKED:ExtRigidBodyExt.obj
 0001:00024f50       ?computeBoxMass@Ext@physx@@YAMAEBVPxVec3@2@M@Z 0000000180025f50 f   PhysX3ExtensionsCHECKED:ExtRigidBodyExt.obj
 0001:00024fa0       ?computeBoxDensity@Ext@physx@@YAMAEBVPxVec3@2@M@Z 0000000180025fa0 f   PhysX3ExtensionsCHECKED:ExtRigidBodyExt.obj
 0001:00024ff0       ?computeEllipsoidMass@Ext@physx@@YAMAEBVPxVec3@2@M@Z 0000000180025ff0 f   PhysX3ExtensionsCHECKED:ExtRigidBodyExt.obj
 0001:00025040       ?computeEllipsoidDensity@Ext@physx@@YAMAEBVPxVec3@2@M@Z 0000000180026040 f   PhysX3ExtensionsCHECKED:ExtRigidBodyExt.obj
 0001:00025090       ?computeCylinderMass@Ext@physx@@YAMMMM@Z 0000000180026090 f   PhysX3ExtensionsCHECKED:ExtRigidBodyExt.obj
 0001:000250c0       ?computeCylinderDensity@Ext@physx@@YAMMMM@Z 00000001800260c0 f   PhysX3ExtensionsCHECKED:ExtRigidBodyExt.obj
 0001:000250f0       ?computeCapsuleMass@Ext@physx@@YAMMMM@Z 00000001800260f0 f   PhysX3ExtensionsCHECKED:ExtRigidBodyExt.obj
 0001:00025130       ?computeCapsuleDensity@Ext@physx@@YAMMMM@Z 0000000180026130 f   PhysX3ExtensionsCHECKED:ExtRigidBodyExt.obj
 0001:00025170       ?computeConeMass@Ext@physx@@YAMMMM@Z 0000000180026170 f   PhysX3ExtensionsCHECKED:ExtRigidBodyExt.obj
 0001:000251a0       ?computeConeDensity@Ext@physx@@YAMMMM@Z 00000001800261a0 f   PhysX3ExtensionsCHECKED:ExtRigidBodyExt.obj
 0001:000251e0       ?computeBoxInertiaTensor@Ext@physx@@YAXAEAVPxVec3@2@MMMM@Z 00000001800261e0 f   PhysX3ExtensionsCHECKED:ExtRigidBodyExt.obj
 0001:00025230       ?computeSphereInertiaTensor@Ext@physx@@YAXAEAVPxVec3@2@MM_N@Z 0000000180026230 f   PhysX3ExtensionsCHECKED:ExtRigidBodyExt.obj
 0001:00025e40       ??1?$PxHitBuffer@UPxSweepHit@physx@@@physx@@UEAA@XZ 0000000180026e40 f i PhysX3ExtensionsCHECKED:ExtRigidBodyExt.obj
 0001:00025e50       ??1?$PxHitCallback@UPxSweepHit@physx@@@physx@@UEAA@XZ 0000000180026e50 f i PhysX3ExtensionsCHECKED:ExtRigidBodyExt.obj
 0001:00025e60       ??_E?$PxHitBuffer@UPxSweepHit@physx@@@physx@@UEAAPEAXI@Z 0000000180026e60 f i PhysX3ExtensionsCHECKED:ExtRigidBodyExt.obj
 0001:00025e60       ??_G?$PxHitBuffer@UPxSweepHit@physx@@@physx@@UEAAPEAXI@Z 0000000180026e60 f i PhysX3ExtensionsCHECKED:ExtRigidBodyExt.obj
 0001:00025ea0       ??_G?$PxHitCallback@UPxSweepHit@physx@@@physx@@UEAAPEAXI@Z 0000000180026ea0 f i PhysX3ExtensionsCHECKED:ExtRigidBodyExt.obj
 0001:00025ea0       ??_E?$PxHitCallback@UPxSweepHit@physx@@@physx@@UEAAPEAXI@Z 0000000180026ea0 f i PhysX3ExtensionsCHECKED:ExtRigidBodyExt.obj
 0001:00025ee0       ?addForceAtPosInternal@@YAXAEAVPxRigidBody@physx@@AEBVPxVec3@2@1W4Enum@PxForceMode@2@_N@Z 0000000180026ee0 f i PhysX3ExtensionsCHECKED:ExtRigidBodyExt.obj
 0001:00026240       ?allocate@?$Array@PEAVPxShape@physx@@V?$InlineAllocator@$0IA@VNamedAllocator@shdfnd@physx@@@shdfnd@2@@shdfnd@physx@@IEAAPEAPEAVPxShape@3@I@Z 0000000180027240 f i PhysX3ExtensionsCHECKED:ExtRigidBodyExt.obj
 0001:00027a10       ?finalizeQuery@?$PxHitCallback@UPxSweepHit@physx@@@physx@@UEAAXXZ 0000000180028a10 f i PhysX3ExtensionsCHECKED:ExtRigidBodyExt.obj
 0001:00027a20       ?getVelocityAtPosInternal@@YA?AVPxVec3@physx@@AEBVPxRigidBody@2@AEBV12@@Z 0000000180028a20 f i PhysX3ExtensionsCHECKED:ExtRigidBodyExt.obj
 0001:00027b20       ?processTouches@?$PxHitBuffer@UPxSweepHit@physx@@@physx@@MEAA_NPEBUPxSweepHit@2@I@Z 0000000180028b20 f i PhysX3ExtensionsCHECKED:ExtRigidBodyExt.obj
 0001:00027b30       ?recreate@?$Array@PEAVPxShape@physx@@V?$InlineAllocator@$0IA@VNamedAllocator@shdfnd@physx@@@shdfnd@2@@shdfnd@physx@@IEAAXI@Z 0000000180028b30 f i PhysX3ExtensionsCHECKED:ExtRigidBodyExt.obj
 0001:00027bf0       ?resize@?$Array@PEAVPxShape@physx@@V?$InlineAllocator@$0IA@VNamedAllocator@shdfnd@physx@@@shdfnd@2@@shdfnd@physx@@QEAAXIAEBQEAVPxShape@3@@Z 0000000180028bf0 f i PhysX3ExtensionsCHECKED:ExtRigidBodyExt.obj
 0001:00027c80       ?rotate@InertiaTensorComputer@Ext@physx@@QEAAXAEBVPxMat33@3@@Z 0000000180028c80 f i PhysX3ExtensionsCHECKED:ExtRigidBodyExt.obj
 0001:000281c0       ?rotateInertia@MassProps@Ext@physx@@SA?AVPxMat33@3@AEBV43@AEBVPxQuat@3@@Z 00000001800291c0 f i PhysX3ExtensionsCHECKED:ExtRigidBodyExt.obj
 0001:00028790       ?scaleInertia@MassProps@Ext@physx@@SA?AVPxMat33@3@AEBV43@AEBVPxQuat@3@AEBVPxVec3@3@@Z 0000000180029790 f i PhysX3ExtensionsCHECKED:ExtRigidBodyExt.obj
 0001:00028d30       ?transform@InertiaTensorComputer@Ext@physx@@QEAAXAEBVPxTransform@3@@Z 0000000180029d30 f i PhysX3ExtensionsCHECKED:ExtRigidBodyExt.obj
 0001:00028f10       ?transformFast@PxBounds3@physx@@SA?AV12@AEBVPxTransform@2@AEBV12@@Z 0000000180029f10 f i PhysX3ExtensionsCHECKED:ExtRigidBodyExt.obj
 0001:000298b4       ??3@YAXPEAX_K@Z            000000018002a8b4 f   LIBCMT:delete_scalar_size.obj
 0001:000298bc       ??_V@YAXPEAX_K@Z           000000018002a8bc f   LIBCMT:delete_array_size.obj
 0001:000298e0       __chkstk                   000000018002a8e0 f   LIBCMT:_chkstk_.obj
 0001:000298e0       _alloca_probe              000000018002a8e0 f   LIBCMT:_chkstk_.obj
 0001:0002994c       ?__scrt_initialize_type_info@@YAXXZ 000000018002a94c f   LIBCMT:tncleanup.obj
 0001:00029960       ?__scrt_uninitialize_type_info@@YAXXZ 000000018002a960 f   LIBCMT:tncleanup.obj
 0001:00029970       ??1type_info@@UEAA@XZ      000000018002a970 f   LIBCMT:std_type_info_static.obj
 0001:00029980       ??_Gtype_info@@UEAAPEAXI@Z 000000018002a980 f i LIBCMT:std_type_info_static.obj
 0001:00029980       ??_Etype_info@@UEAAPEAXI@Z 000000018002a980 f i LIBCMT:std_type_info_static.obj
 0001:00029dd8       _CRT_INIT                  000000018002add8 f   LIBCMT:dll_dllmain.obj
 0001:00029de0       _DllMainCRTStartup         000000018002ade0 f   LIBCMT:dll_dllmain.obj
 0001:00029e2c       ??3@YAXPEAX@Z              000000018002ae2c f   LIBCMT:delete_scalar.obj
 0001:00029e34       ??_V@YAXPEAX@Z             000000018002ae34 f   LIBCMT:delete_array.obj
 0001:00029e3c       ??$__crt_fast_decode_pointer@PEAP6AXXZ@@YAPEAP6AXXZQEAP6AXXZ@Z 000000018002ae3c f i LIBCMT:utility.obj
 0001:00029e58       ??$__crt_fast_encode_pointer@PEAP6AXXZ@@YAPEAP6AXXZQEAP6AXXZ@Z 000000018002ae58 f i LIBCMT:utility.obj
 0001:00029e80       ?__crt_rotate_pointer_value@@YA_K_KH@Z 000000018002ae80 f i LIBCMT:utility.obj
 0001:00029e8c       ?configure_argv@__scrt_narrow_argv_policy@@SAHXZ 000000018002ae8c f i LIBCMT:utility.obj
 0001:00029f40       NtCurrentTeb               000000018002af40 f i LIBCMT:utility.obj
 0001:00029f4c       __scrt_acquire_startup_lock 000000018002af4c f   LIBCMT:utility.obj
 0001:00029f94       __scrt_dllmain_after_initialize_c 000000018002af94 f   LIBCMT:utility.obj
 0001:00029fd8       __scrt_dllmain_before_initialize_c 000000018002afd8 f   LIBCMT:utility.obj
 0001:00029ff4       __scrt_dllmain_crt_thread_attach 000000018002aff4 f   LIBCMT:utility.obj
 0001:0002a028       __scrt_dllmain_crt_thread_detach 000000018002b028 f   LIBCMT:utility.obj
 0001:0002a044       __scrt_dllmain_exception_filter 000000018002b044 f   LIBCMT:utility.obj
 0001:0002a0c0       __scrt_dllmain_uninitialize_c 000000018002b0c0 f   LIBCMT:utility.obj
 0001:0002a0fc       __scrt_dllmain_uninitialize_critical 000000018002b0fc f   LIBCMT:utility.obj
 0001:0002a118       __scrt_initialize_crt      000000018002b118 f   LIBCMT:utility.obj
 0001:0002a174       __scrt_initialize_onexit_tables 000000018002b174 f   LIBCMT:utility.obj
 0001:0002a270       __scrt_is_nonwritable_in_current_image 000000018002b270 f   LIBCMT:utility.obj
 0001:0002a330       __scrt_release_startup_lock 000000018002b330 f   LIBCMT:utility.obj
 0001:0002a360       __scrt_uninitialize_crt    000000018002b360 f   LIBCMT:utility.obj
 0001:0002a398       _onexit                    000000018002b398 f   LIBCMT:utility.obj
 0001:0002a3fc       at_quick_exit              000000018002b3fc f   LIBCMT:utility.obj
 0001:0002a440       atexit                     000000018002b440 f   LIBCMT:utility.obj
 0001:0002a45c       __security_init_cookie     000000018002b45c f   LIBCMT:gs_support.obj
 0001:0002a534       DllMain                    000000018002b534 f   LIBCMT:dll_dllmain_stub.obj
 0001:0002a53c       __local_stdio_printf_options 000000018002b53c f i LIBCMT:default_local_stdio_options.obj
 0001:0002a548       __local_stdio_scanf_options 000000018002b548 f i LIBCMT:default_local_stdio_options.obj
 0001:0002a554       __scrt_initialize_default_local_stdio_options 000000018002b554 f   LIBCMT:default_local_stdio_options.obj
 0001:0002a578       __scrt_get_dyn_tls_init_callback 000000018002b578 f   LIBCMT:dyn_tls_init.obj
 0001:0002a584       __crt_debugger_hook        000000018002b584 f   LIBCMT:utility_desktop.obj
 0001:0002a590       __scrt_fastfail            000000018002b590 f   LIBCMT:utility_desktop.obj
 0001:0002a728       __scrt_get_show_window_mode 000000018002b728 f   LIBCMT:utility_desktop.obj
 0001:0002a774       __scrt_initialize_winrt    000000018002b774 f   LIBCMT:utility_desktop.obj
 0001:0002a778       __scrt_is_managed_app      000000018002b778 f   LIBCMT:utility_desktop.obj
 0001:0002a7e4       __scrt_set_unhandled_exception_filter 000000018002b7e4 f   LIBCMT:utility_desktop.obj
 0001:0002a7f8       __scrt_unhandled_exception_filter 000000018002b7f8 f   LIBCMT:utility_desktop.obj
 0001:0002a840       _RTC_Initialize            000000018002b840 f   LIBCMT:_initsect_.obj
 0001:0002a89c       _RTC_Terminate             000000018002b89c f   LIBCMT:_initsect_.obj
 0001:0002a8f8       _guard_check_icall         000000018002b8f8 f i LIBCMT:checkcfg.obj
 0001:0002a900       __isa_available_init       000000018002b900 f   LIBCMT:_cpu_disp_.obj
 0001:0002ab38       _get_startup_argv_mode     000000018002bb38 f   LIBCMT:argv_mode.obj
 0001:0002ab40       __scrt_is_ucrt_dll_in_use  000000018002bb40 f   LIBCMT:ucrt_detection.obj
 0001:0002ab50       _guard_check_icall_nop     000000018002bb50 f i LIBCMT:guard_support.obj
 0001:0002ab54       _guard_icall_checks_enforced 000000018002bb54 f i LIBCMT:guard_support.obj
 0001:0002ab70       ??$__crt_fast_decode_pointer@P6AXXZ@@YAP6AXXZQ6AXXZ@Z 000000018002bb70 f i libvcruntime:purevirt.obj
 0001:0002ab8c       ??$__crt_fast_encode_pointer@P6AXXZ@@YAP6AXXZQ6AXXZ@Z 000000018002bb8c f i libvcruntime:purevirt.obj
 0001:0002abb4       ??$__crt_interlocked_compare_exchange_pointer@$$A6AXXZ$$T$$T@@YAP6AXXZPEDS6AXXZ$$T1@Z 000000018002bbb4 f i libvcruntime:purevirt.obj
 0001:0002abc0       ??$__crt_interlocked_exchange_pointer@$$A6AXXZP6AXXZ@@YAP6AXXZPEDS6AXXZQ6AXXZ@Z 000000018002bbc0 f i libvcruntime:purevirt.obj
 0001:0002abc8       ??$__crt_interlocked_read_pointer@$$A6AXXZ@@YAP6AXXZPEDS6AXXZ@Z 000000018002bbc8 f i libvcruntime:purevirt.obj
 0001:0002abd4       _get_purecall_handler      000000018002bbd4 f   libvcruntime:purevirt.obj
 0001:0002abfc       _purecall                  000000018002bbfc f   libvcruntime:purevirt.obj
 0001:0002ac44       _set_purecall_handler      000000018002bc44 f   libvcruntime:purevirt.obj
 0001:0002ac98       ??$?RD@__crt_internal_free_policy@@QEBAXQEBD@Z 000000018002bc98 f i libvcruntime:std_type_info.obj
 0001:0002aca4       ??$?RX@__crt_internal_free_policy@@QEBAXQEBX@Z 000000018002bca4 f i libvcruntime:std_type_info.obj
 0001:0002acb0       ??$__crt_interlocked_compare_exchange_pointer@$$CBD$$T$$T@@YAPEBDPEDSEBD$$T1@Z 000000018002bcb0 f i libvcruntime:std_type_info.obj
 0001:0002acbc       ??$__crt_interlocked_compare_exchange_pointer@$$CBDPEAD$$T@@YAPEBDPEDSEBDQEAD$$T@Z 000000018002bcbc f i libvcruntime:std_type_info.obj
 0001:0002acc8       ??$__crt_interlocked_read_pointer@$$CBD@@YAPEBDPEDSEBD@Z 000000018002bcc8 f i libvcruntime:std_type_info.obj
 0001:0002acd4       ??0?$__crt_unique_heap_ptr@DU__crt_internal_free_policy@@@@QEAA@QEAD@Z 000000018002bcd4 f i libvcruntime:std_type_info.obj
 0001:0002acdc       ??0?$__crt_unique_heap_ptr@XU__crt_internal_free_policy@@@@QEAA@QEAX@Z 000000018002bcdc f i libvcruntime:std_type_info.obj
 0001:0002ace4       ??1?$__crt_unique_heap_ptr@DU__crt_internal_free_policy@@@@QEAA@XZ 000000018002bce4 f i libvcruntime:std_type_info.obj
 0001:0002ad08       ??1?$__crt_unique_heap_ptr@XU__crt_internal_free_policy@@@@QEAA@XZ 000000018002bd08 f i libvcruntime:std_type_info.obj
 0001:0002ad44       ??B?$__crt_unique_heap_ptr@DU__crt_internal_free_policy@@@@QEBA_NXZ 000000018002bd44 f i libvcruntime:std_type_info.obj
 0001:0002ad50       ??B?$__crt_unique_heap_ptr@XU__crt_internal_free_policy@@@@QEBA_NXZ 000000018002bd50 f i libvcruntime:std_type_info.obj
 0001:0002ad74       ?detach@?$__crt_unique_heap_ptr@XU__crt_internal_free_policy@@@@QEAAPEAXXZ 000000018002bd74 f i libvcruntime:std_type_info.obj
 0001:0002ad80       ?get@?$__crt_unique_heap_ptr@DU__crt_internal_free_policy@@@@QEBAPEADXZ 000000018002bd80 f i libvcruntime:std_type_info.obj
 0001:0002ad84       ?get@?$__crt_unique_heap_ptr@XU__crt_internal_free_policy@@@@QEBAPEAXXZ 000000018002bd84 f i libvcruntime:std_type_info.obj
 0001:0002ad88       ?is_valid@?$__crt_unique_heap_ptr@DU__crt_internal_free_policy@@@@QEBA_NXZ 000000018002bd88 f i libvcruntime:std_type_info.obj
 0001:0002ad94       ?is_valid@?$__crt_unique_heap_ptr@XU__crt_internal_free_policy@@@@QEBA_NXZ 000000018002bd94 f i libvcruntime:std_type_info.obj
 0001:0002ada0       ?release@?$__crt_unique_heap_ptr@DU__crt_internal_free_policy@@@@QEAAXXZ 000000018002bda0 f i libvcruntime:std_type_info.obj
 0001:0002adc4       ?release@?$__crt_unique_heap_ptr@XU__crt_internal_free_policy@@@@QEAAXXZ 000000018002bdc4 f i libvcruntime:std_type_info.obj
 0001:0002ade8       __std_type_info_compare    000000018002bde8 f   libvcruntime:std_type_info.obj
 0001:0002ae18       __std_type_info_destroy_list 000000018002be18 f   libvcruntime:std_type_info.obj
 0001:0002ae4c       __std_type_info_hash       000000018002be4c f   libvcruntime:std_type_info.obj
 0001:0002ae98       __std_type_info_name       000000018002be98 f   libvcruntime:std_type_info.obj
 0001:0002b010       memmove                    000000018002c010 f   libvcruntime:memcpy.obj
 0001:0002b010       memcpy                     000000018002c010 f   libvcruntime:memcpy.obj
 0001:0002b570       memset                     000000018002c570 f   libvcruntime:memset.obj
 0001:0002b77c       __C_specific_handler       000000018002c77c f   libvcruntime:_chandler_.obj
 0001:0002b9f8       __vcrt_initialize          000000018002c9f8 f   libvcruntime:initialization.obj
 0001:0002ba38       __vcrt_thread_attach       000000018002ca38 f   libvcruntime:initialization.obj
 0001:0002ba54       __vcrt_thread_detach       000000018002ca54 f   libvcruntime:initialization.obj
 0001:0002ba6c       __vcrt_uninitialize        000000018002ca6c f   libvcruntime:initialization.obj
 0001:0002ba94       __vcrt_uninitialize_critical 000000018002ca94 f   libvcruntime:initialization.obj
 0001:0002baac       ??$?B$$A6AXXZ@__crt_fast_encoded_nullptr_t@@QEBAP6AXXZXZ 000000018002caac f i libvcruntime:purevirt_data.obj
 0001:0002bad0       ?__crt_fast_encode_pointer@@YA?AU__crt_fast_encoded_nullptr_t@@$$T@Z 000000018002cad0 f i libvcruntime:purevirt_data.obj
 0001:0002bad8       __vcrt_initialize_pure_virtual_call_handler 000000018002cad8 f   libvcruntime:purevirt_data.obj
 0001:0002bb04       ??$__vcrt_va_start_verify_argument_type@QEBD@@YAXXZ 000000018002cb04 f i libvcruntime:undname.obj
 0001:0002bb08       ??0Block@_HeapManager@@QEAA@XZ 000000018002cb08 f i libvcruntime:undname.obj
 0001:0002bb14       ??0DName@@QEAA@AEAPEBDD@Z  000000018002cb14 f   libvcruntime:undname.obj
 0001:0002bc2c       ??0DName@@QEAA@AEBV0@@Z    000000018002cc2c f i libvcruntime:undname.obj
 0001:0002bc3c       ??0DName@@QEAA@D@Z         000000018002cc3c f   libvcruntime:undname.obj
 0001:0002bc84       ??0DName@@QEAA@PEAV0@@Z    000000018002cc84 f   libvcruntime:undname.obj
 0001:0002bd2c       ??0DName@@QEAA@PEBD@Z      000000018002cd2c f   libvcruntime:undname.obj
 0001:0002bd84       ??0DName@@QEAA@W4DNameStatus@@@Z 000000018002cd84 f   libvcruntime:undname.obj
 0001:0002bde8       ??0DName@@QEAA@XZ          000000018002cde8 f i libvcruntime:undname.obj
 0001:0002be00       ??0DName@@QEAA@_J@Z        000000018002ce00 f   libvcruntime:undname.obj
 0001:0002bed4       ??0DName@@QEAA@_K@Z        000000018002ced4 f   libvcruntime:undname.obj
 0001:0002bf88       ??0DNameNode@@IEAA@XZ      000000018002cf88 f   libvcruntime:undname.obj
 0001:0002bf9c       ??0DNameStatusNode@@AEAA@W4DNameStatus@@@Z 000000018002cf9c f   libvcruntime:undname.obj
 0001:0002bfc8       ??0Replicator@@QEAA@XZ     000000018002cfc8 f i libvcruntime:undname.obj
 0001:0002bfd0       ??0UnDecorator@@QEAA@PEADPEBDHP6APEADJ@ZK@Z 000000018002cfd0 f i libvcruntime:undname.obj
 0001:0002c060       ??0charNode@@QEAA@D@Z      000000018002d060 f   libvcruntime:undname.obj
 0001:0002c078       ??0pDNameNode@@QEAA@PEAVDName@@@Z 000000018002d078 f   libvcruntime:undname.obj
 0001:0002c0a8       ??0pairNode@@QEAA@PEAVDNameNode@@0@Z 000000018002d0a8 f   libvcruntime:undname.obj
 0001:0002c0c8       ??0pcharNode@@QEAA@PEBDH@Z 000000018002d0c8 f   libvcruntime:undname.obj
 0001:0002c174       ??2@YAPEAX_KAEAV_HeapManager@@H@Z 000000018002d174 f i libvcruntime:undname.obj
 0001:0002c188       ??4DName@@QEAAAEAV0@AEBV0@@Z 000000018002d188 f   libvcruntime:undname.obj
 0001:0002c198       ??4DName@@QEAAAEAV0@D@Z    000000018002d198 f i libvcruntime:undname.obj
 0001:0002c1e0       ??4DName@@QEAAAEAV0@PEAV0@@Z 000000018002d1e0 f   libvcruntime:undname.obj
 0001:0002c288       ??4DName@@QEAAAEAV0@PEBD@Z 000000018002d288 f   libvcruntime:undname.obj
 0001:0002c2d4       ??4DName@@QEAAAEAV0@W4DNameStatus@@@Z 000000018002d2d4 f   libvcruntime:undname.obj
 0001:0002c320       ??AReplicator@@QEBA?AVDName@@H@Z 000000018002d320 f   libvcruntime:undname.obj
 0001:0002c378       ??BUnDecorator@@QEAAPEADXZ 000000018002d378 f i libvcruntime:undname.obj
 0001:0002c60c       ??H@YA?AVDName@@DAEBV0@@Z  000000018002d60c f i libvcruntime:undname.obj
 0001:0002c654       ??H@YA?AVDName@@PEBDAEBV0@@Z 000000018002d654 f i libvcruntime:undname.obj
 0001:0002c69c       ??H@YA?AVDName@@W4DNameStatus@@AEBV0@@Z 000000018002d69c f i libvcruntime:undname.obj
 0001:0002c6e4       ??HDName@@QEBA?AV0@AEBV0@@Z 000000018002d6e4 f   libvcruntime:undname.obj
 0001:0002c714       ??HDName@@QEBA?AV0@D@Z     000000018002d714 f   libvcruntime:undname.obj
 0001:0002c744       ??HDName@@QEBA?AV0@PEAV0@@Z 000000018002d744 f   libvcruntime:undname.obj
 0001:0002c774       ??HDName@@QEBA?AV0@PEBD@Z  000000018002d774 f   libvcruntime:undname.obj
 0001:0002c7a4       ??HDName@@QEBA?AV0@W4DNameStatus@@@Z 000000018002d7a4 f   libvcruntime:undname.obj
 0001:0002c7d4       ??YDName@@QEAAAEAV0@AEBV0@@Z 000000018002d7d4 f   libvcruntime:undname.obj
 0001:0002c824       ??YDName@@QEAAAEAV0@D@Z    000000018002d824 f   libvcruntime:undname.obj
 0001:0002c8cc       ??YDName@@QEAAAEAV0@PEAV0@@Z 000000018002d8cc f   libvcruntime:undname.obj
 0001:0002c988       ??YDName@@QEAAAEAV0@PEBD@Z 000000018002d988 f   libvcruntime:undname.obj
 0001:0002ca34       ??YDName@@QEAAAEAV0@W4DNameStatus@@@Z 000000018002da34 f   libvcruntime:undname.obj
 0001:0002ca88       ??YReplicator@@QEAAAEAV0@AEBVDName@@@Z 000000018002da88 f   libvcruntime:undname.obj
 0001:0002cb00       ??_5DName@@QEAAAEAV0@AEBV0@@Z 000000018002db00 f   libvcruntime:undname.obj
 0001:0002cb1c       ?Constructor@_HeapManager@@QEAAXP6APEAX_K@ZP6AXPEAX@Z@Z 000000018002db1c f i libvcruntime:undname.obj
 0001:0002cb38       ?Destructor@_HeapManager@@QEAAXXZ 000000018002db38 f i libvcruntime:undname.obj
 0001:0002cba0       ?UScore@UnDecorator@@SAPEBDW4Tokens@@@Z 000000018002dba0 f   libvcruntime:undname.obj
 0001:0002cbc8       ?append@DName@@AEAAXPEAVDNameNode@@@Z 000000018002dbc8 f   libvcruntime:undname.obj
 0001:0002cc44       ?composeDeclaration@UnDecorator@@CA?AVDName@@AEBV2@@Z 000000018002dc44 f i libvcruntime:undname.obj
 0001:0002de84       ?doAccessSpecifiers@UnDecorator@@SAHXZ 000000018002ee84 f i libvcruntime:undname.obj
 0001:0002de98       ?doAllocationLanguage@UnDecorator@@SAHXZ 000000018002ee98 f i libvcruntime:undname.obj
 0001:0002deac       ?doAllocationModel@UnDecorator@@SAHXZ 000000018002eeac f i libvcruntime:undname.obj
 0001:0002dec0       ?doEcsu@UnDecorator@@SAHXZ 000000018002eec0 f i libvcruntime:undname.obj
 0001:0002ded4       ?doEllipsis@UnDecorator@@SAHXZ 000000018002eed4 f i libvcruntime:undname.obj
 0001:0002dee8       ?doFunctionReturns@UnDecorator@@SAHXZ 000000018002eee8 f i libvcruntime:undname.obj
 0001:0002defc       ?doMSKeywords@UnDecorator@@SAHXZ 000000018002eefc f i libvcruntime:undname.obj
 0001:0002df10       ?doMemberTypes@UnDecorator@@SAHXZ 000000018002ef10 f i libvcruntime:undname.obj
 0001:0002df24       ?doNameOnly@UnDecorator@@SAHXZ 000000018002ef24 f i libvcruntime:undname.obj
 0001:0002df34       ?doNoIdentCharCheck@UnDecorator@@SAHXZ 000000018002ef34 f i libvcruntime:undname.obj
 0001:0002df44       ?doPchar@DName@@AEAAXPEBDH@Z 000000018002ef44 f   libvcruntime:undname.obj
 0001:0002e018       ?doPtr64@UnDecorator@@SAHXZ 000000018002f018 f i libvcruntime:undname.obj
 0001:0002e02c       ?doRestrictionSpec@UnDecorator@@SAHXZ 000000018002f02c f i libvcruntime:undname.obj
 0001:0002e040       ?doThisTypes@UnDecorator@@SAHXZ 000000018002f040 f i libvcruntime:undname.obj
 0001:0002e058       ?doThrowTypes@UnDecorator@@SAHXZ 000000018002f058 f i libvcruntime:undname.obj
 0001:0002e06c       ?doTypeOnly@UnDecorator@@SAHXZ 000000018002f06c f i libvcruntime:undname.obj
 0001:0002e07c       ?doUnderScore@UnDecorator@@SAHXZ 000000018002f07c f i libvcruntime:undname.obj
 0001:0002e08c       ?getArgumentList@UnDecorator@@CA?AVDName@@XZ 000000018002f08c f   libvcruntime:undname.obj
 0001:0002e220       ?getArgumentTypes@UnDecorator@@CA?AVDName@@XZ 000000018002f220 f   libvcruntime:undname.obj
[...]
 0003:00001210       ?pArgList@UnDecorator@@0PEAVReplicator@@EA 000000018009a210     libvcruntime:undname.obj
 0003:00001218       ?pZNameList@UnDecorator@@0PEAVReplicator@@EA 000000018009a218     libvcruntime:undname.obj
 0003:00001220       ?pTemplateArgList@UnDecorator@@0PEAVReplicator@@EA 000000018009a220     libvcruntime:undname.obj
 0003:00001228       ?gName@UnDecorator@@0PEBDEB 000000018009a228     libvcruntime:undname.obj
 0003:00001230       ?name@UnDecorator@@0PEBDEB 000000018009a230     libvcruntime:undname.obj
 0003:00001238       ?outputString@UnDecorator@@0PEADEA 000000018009a238     libvcruntime:undname.obj
 0003:00001240       ?maxStringLength@UnDecorator@@0HA 000000018009a240     libvcruntime:undname.obj
 0003:00001244       ?disableFlags@UnDecorator@@0KA 000000018009a244     libvcruntime:undname.obj
 0003:00001248       ?fExplicitTemplateParams@UnDecorator@@0_NA 000000018009a248     libvcruntime:undname.obj
 0003:00001249       ?fGetTemplateArgumentList@UnDecorator@@0_NA 000000018009a249     libvcruntime:undname.obj
 0003:00001250       ?m_pGetParameter@UnDecorator@@0P6APEADJ@ZEA 000000018009a250     libvcruntime:undname.obj
 0003:000012a0       ?nodes@?1??make@DNameStatusNode@@SAPEAV2@W4DNameStatus@@@Z@4PAV2@A 000000018009a2a0     libvcruntime:undname.obj
 0003:000012ec       ??_B?1??make@DNameStatusNode@@SAPEAV1@W4DNameStatus@@@Z@51 000000018009a2ec     libvcruntime:undname.obj
 0003:00001808       _environ_table             000000018009a808     libucrt:environment_initialization.obj
 0003:00001810       _wenviron_table            000000018009a810     libucrt:environment_initialization.obj
 0003:00001820       __dcrt_initial_wide_environment 000000018009a820     libucrt:environment_initialization.obj
 0003:00001830       __dcrt_initial_narrow_environment 000000018009a830     libucrt:environment_initialization.obj
 0003:00001840       __acrt_atexit_table        000000018009a840     libucrt:onexit.obj
 0003:00001860       __acrt_at_quick_exit_table 000000018009a860     libucrt:onexit.obj
 0003:00001d14       __mbcodepage               000000018009ad14     libucrt:mbctype.obj
 0003:00001d18       __ismbcodepage             000000018009ad18     libucrt:mbctype.obj
 0003:00001d20       __mbulinfo                 000000018009ad20     libucrt:mbctype.obj
 0003:00001d38       __mblocalename             000000018009ad38     libucrt:mbctype.obj
 0003:00001d44       __argc                     000000018009ad44     libucrt:argv_data.obj
 0003:00001d48       __argv                     000000018009ad48     libucrt:argv_data.obj
 0003:00001d58       __wargv                    000000018009ad58     libucrt:argv_data.obj
 0003:00001d68       _acmdln                    000000018009ad68     libucrt:argv_data.obj
 0003:00001d78       _wcmdln                    000000018009ad78     libucrt:argv_data.obj
 0003:00001d88       _pgmptr                    000000018009ad88     libucrt:argv_data.obj
 0003:00001d98       _wpgmptr                   000000018009ad98     libucrt:argv_data.obj
 0003:00001da8       __acrt_heap                000000018009ada8     libucrt:heap_handle.obj
 0003:00001dc0       __pioinfo                  000000018009adc0     libucrt:ioinit.obj
 0003:0000228c       _nhandle                   000000018009b28c     libucrt:ioinit.obj
 0003:000022d8       __acrt_current_locale_data 000000018009b2d8     libucrt:nlsdata.obj
 0003:000022e8       __acrt_stdout_buffer       000000018009b2e8     libucrt:_sftbuf.obj
 0003:000022f8       __acrt_stderr_buffer       000000018009b2f8     libucrt:_sftbuf.obj
 0003:00002308       _nstream                   000000018009b308     libucrt:_file.obj
 0003:00002310       __piob                     000000018009b310     libucrt:_file.obj
 0003:0000231c       _cflush                    000000018009b31c     libucrt:_file.obj
 0003:0000232c       __acrt_locale_changed_data 000000018009b32c     libucrt:wsetlocale.obj
 0003:00002330       __acrt_lconv_static_null   000000018009b330     libucrt:localeconv.obj
 0003:00002334       __acrt_lconv_static_W_null 000000018009b334     libucrt:localeconv.obj
 0003:00002aa8       __fma3_is_available        000000018009baa8     libucrt:fma3_available.obj
 0003:00002aac       __use_fma3_lib             000000018009baac     libucrt:fma3_available.obj
 0003:00003138       __scrt_ucrt_dll_is_in_use  000000018009c138     <common>
 0003:00003148       __dyn_tls_init_callback    000000018009c148     <common>
 0003:00003160       _pDestructExceptionObject  000000018009c160     <common>
 0005:00000000       __imp_TlsSetValue          00000001800a3000     kernel32:KERNEL32.dll
 0005:00000008       __imp_CreateFileW          00000001800a3008     kernel32:KERNEL32.dll
 0005:00000010       __imp_WriteConsoleW        00000001800a3010     kernel32:KERNEL32.dll
 0005:00000018       __imp_CreateThread         00000001800a3018     kernel32:KERNEL32.dll
 0005:00000020       __imp_WaitForSingleObjectEx 00000001800a3020     kernel32:KERNEL32.dll
 0005:00000028       __imp_CloseHandle          00000001800a3028     kernel32:KERNEL32.dll
 0005:00000030       __imp_OutputDebugStringW   00000001800a3030     kernel32:KERNEL32.dll
 0005:00000038       __imp_OutputDebugStringA   00000001800a3038     kernel32:KERNEL32.dll
 0005:00000040       __imp_SetFilePointerEx     00000001800a3040     kernel32:KERNEL32.dll
 0005:00000048       __imp_GetConsoleMode       00000001800a3048     kernel32:KERNEL32.dll
 0005:00000050       __imp_GetConsoleCP         00000001800a3050     kernel32:KERNEL32.dll
 0005:00000058       __imp_FlushFileBuffers     00000001800a3058     kernel32:KERNEL32.dll
 0005:00000060       __imp_WriteFile            00000001800a3060     kernel32:KERNEL32.dll
 0005:00000068       __imp_SetStdHandle         00000001800a3068     kernel32:KERNEL32.dll
 0005:00000070       __imp_HeapReAlloc          00000001800a3070     kernel32:KERNEL32.dll
 0005:00000078       __imp_HeapSize             00000001800a3078     kernel32:KERNEL32.dll
 0005:00000080       __imp_RaiseException       00000001800a3080     kernel32:KERNEL32.dll
 0005:00000088       __imp_GetStringTypeW       00000001800a3088     kernel32:KERNEL32.dll
 0005:00000090       __imp_SetConsoleCtrlHandler 00000001800a3090     kernel32:KERNEL32.dll
 0005:00000098       __imp_GetFileType          00000001800a3098     kernel32:KERNEL32.dll
 0005:000000a0       __imp_GetStdHandle         00000001800a30a0     kernel32:KERNEL32.dll
 0005:000000a8       __imp_GetProcessHeap       00000001800a30a8     kernel32:KERNEL32.dll
 0005:000000b0       __imp_SetEnvironmentVariableW 00000001800a30b0     kernel32:KERNEL32.dll
 0005:000000b8       __imp_SetEnvironmentVariableA 00000001800a30b8     kernel32:KERNEL32.dll
 0005:000000c0       __imp_FreeEnvironmentStringsW 00000001800a30c0     kernel32:KERNEL32.dll
 0005:000000c8       __imp_GetEnvironmentStringsW 00000001800a30c8     kernel32:KERNEL32.dll
 0005:000000d0       __imp_GetCommandLineW      00000001800a30d0     kernel32:KERNEL32.dll
 0005:000000d8       __imp_GetCommandLineA      00000001800a30d8     kernel32:KERNEL32.dll
 0005:000000e0       __imp_GetCPInfo            00000001800a30e0     kernel32:KERNEL32.dll
 0005:000000e8       __imp_GetOEMCP             00000001800a30e8     kernel32:KERNEL32.dll
 0005:000000f0       __imp_GetACP               00000001800a30f0     kernel32:KERNEL32.dll
 0005:000000f8       __imp_IsValidCodePage      00000001800a30f8     kernel32:KERNEL32.dll
 0005:00000100       __imp_FindNextFileW        00000001800a3100     kernel32:KERNEL32.dll
 0005:00000108       __imp_FindNextFileA        00000001800a3108     kernel32:KERNEL32.dll
 0005:00000110       __imp_FindFirstFileExW     00000001800a3110     kernel32:KERNEL32.dll
 0005:00000118       __imp_FindFirstFileExA     00000001800a3118     kernel32:KERNEL32.dll
 0005:00000120       __imp_FindClose            00000001800a3120     kernel32:KERNEL32.dll
 0005:00000128       __imp_EnumSystemLocalesW   00000001800a3128     kernel32:KERNEL32.dll
 0005:00000130       __imp_InitializeSListHead  00000001800a3130     kernel32:KERNEL32.dll
 0005:00000138       __imp_QueryPerformanceCounter 00000001800a3138     kernel32:KERNEL32.dll
 0005:00000140       __imp_GetCurrentProcessId  00000001800a3140     kernel32:KERNEL32.dll
 0005:00000148       __imp_GetCurrentThreadId   00000001800a3148     kernel32:KERNEL32.dll
 0005:00000150       __imp_GetSystemTimeAsFileTime 00000001800a3150     kernel32:KERNEL32.dll
 0005:00000158       __imp_RtlCaptureContext    00000001800a3158     kernel32:KERNEL32.dll
 0005:00000160       __imp_RtlLookupFunctionEntry 00000001800a3160     kernel32:KERNEL32.dll
 0005:00000168       __imp_RtlVirtualUnwind     00000001800a3168     kernel32:KERNEL32.dll
 0005:00000170       __imp_IsDebuggerPresent    00000001800a3170     kernel32:KERNEL32.dll
 0005:00000178       __imp_UnhandledExceptionFilter 00000001800a3178     kernel32:KERNEL32.dll
 0005:00000180       __imp_SetUnhandledExceptionFilter 00000001800a3180     kernel32:KERNEL32.dll
 0005:00000188       __imp_GetStartupInfoW      00000001800a3188     kernel32:KERNEL32.dll
 0005:00000190       __imp_IsProcessorFeaturePresent 00000001800a3190     kernel32:KERNEL32.dll
 0005:00000198       __imp_GetModuleHandleW     00000001800a3198     kernel32:KERNEL32.dll
 0005:000001a0       __imp_InterlockedPushEntrySList 00000001800a31a0     kernel32:KERNEL32.dll
 0005:000001a8       __imp_InterlockedFlushSList 00000001800a31a8     kernel32:KERNEL32.dll
 0005:000001b0       __imp_RtlUnwindEx          00000001800a31b0     kernel32:KERNEL32.dll
 0005:000001b8       __imp_GetLastError         00000001800a31b8     kernel32:KERNEL32.dll
 0005:000001c0       __imp_SetLastError         00000001800a31c0     kernel32:KERNEL32.dll
 0005:000001c8       __imp_EnterCriticalSection 00000001800a31c8     kernel32:KERNEL32.dll
 0005:000001d0       __imp_LeaveCriticalSection 00000001800a31d0     kernel32:KERNEL32.dll
 0005:000001d8       __imp_DeleteCriticalSection 00000001800a31d8     kernel32:KERNEL32.dll
 0005:000001e0       __imp_InitializeCriticalSectionAndSpinCount 00000001800a31e0     kernel32:KERNEL32.dll
 0005:000001e8       __imp_TlsAlloc             00000001800a31e8     kernel32:KERNEL32.dll
 0005:000001f0       __imp_TlsGetValue          00000001800a31f0     kernel32:KERNEL32.dll
 0005:000001f8       __imp_GetUserDefaultLCID   00000001800a31f8     kernel32:KERNEL32.dll
 0005:00000200       __imp_TlsFree              00000001800a3200     kernel32:KERNEL32.dll
 0005:00000208       __imp_FreeLibrary          00000001800a3208     kernel32:KERNEL32.dll
 0005:00000210       __imp_GetProcAddress       00000001800a3210     kernel32:KERNEL32.dll
 0005:00000218       __imp_LoadLibraryExW       00000001800a3218     kernel32:KERNEL32.dll
 0005:00000220       __imp_GetCurrentProcess    00000001800a3220     kernel32:KERNEL32.dll
 0005:00000228       __imp_ExitProcess          00000001800a3228     kernel32:KERNEL32.dll
 0005:00000230       __imp_TerminateProcess     00000001800a3230     kernel32:KERNEL32.dll
 0005:00000238       __imp_GetModuleHandleExW   00000001800a3238     kernel32:KERNEL32.dll
 0005:00000240       __imp_GetModuleFileNameA   00000001800a3240     kernel32:KERNEL32.dll
 0005:00000248       __imp_GetModuleFileNameW   00000001800a3248     kernel32:KERNEL32.dll
 0005:00000250       __imp_MultiByteToWideChar  00000001800a3250     kernel32:KERNEL32.dll
 0005:00000258       __imp_WideCharToMultiByte  00000001800a3258     kernel32:KERNEL32.dll
 0005:00000260       __imp_HeapFree             00000001800a3260     kernel32:KERNEL32.dll
 0005:00000268       __imp_HeapAlloc            00000001800a3268     kernel32:KERNEL32.dll
 0005:00000270       __imp_GetCurrentThread     00000001800a3270     kernel32:KERNEL32.dll
 0005:00000278       __imp_GetDateFormatW       00000001800a3278     kernel32:KERNEL32.dll
 0005:00000280       __imp_GetTimeFormatW       00000001800a3280     kernel32:KERNEL32.dll
 0005:00000288       __imp_CompareStringW       00000001800a3288     kernel32:KERNEL32.dll
 0005:00000290       __imp_LCMapStringW         00000001800a3290     kernel32:KERNEL32.dll
 0005:00000298       __imp_GetLocaleInfoW       00000001800a3298     kernel32:KERNEL32.dll
 0005:000002a0       __imp_IsValidLocale        00000001800a32a0     kernel32:KERNEL32.dll
 0005:000002a8       \177KERNEL32_NULL_THUNK_DATA 00000001800a32a8     kernel32:KERNEL32.dll
 0005:00000388       __imp_?GetRaycastFuncTable@Gu@physx@@YAAEAY06P6AIAEBVPxGeometry@2@AEBVPxTransform@2@AEBVPxVec3@2@2MV?$PxFlags@W4Enum@PxHitFlag@physx@@G@2@IPEIAUPxRaycastHit@2@_NP6A_NAEAU72@PEAX@Z7@ZXZ 00000001800a3388     PhysX3CommonCHECKED_x64:PhysX3CommonCHECKED_x64.dll
 0005:00000390       __imp_?getSize@MutexImpl@shdfnd@physx@@SAAEBIXZ 00000001800a3390     PhysX3CommonCHECKED_x64:PhysX3CommonCHECKED_x64.dll
 0005:00000398       __imp_??1MutexImpl@shdfnd@physx@@QEAA@XZ 00000001800a3398     PhysX3CommonCHECKED_x64:PhysX3CommonCHECKED_x64.dll
 0005:000003a0       __imp_??0MutexImpl@shdfnd@physx@@QEAA@XZ 00000001800a33a0     PhysX3CommonCHECKED_x64:PhysX3CommonCHECKED_x64.dll
 0005:000003a8       __imp_?distanceSegmentSegmentSquaredOLD@Gu@physx@@YAMAEBVPxVec3@2@000PEAM1@Z 00000001800a33a8     PhysX3CommonCHECKED_x64:PhysX3CommonCHECKED_x64.dll
 0005:000003b0       __imp_?CompleteBoxPruning@Gu@physx@@YA_NPEBVPxBounds3@2@IAEAV?$Array@IVNamedAllocator@shdfnd@physx@@@shdfnd@2@AEBVAxes@12@@Z 00000001800a33b0     PhysX3CommonCHECKED_x64:PhysX3CommonCHECKED_x64.dll
 0005:000003b8       __imp_?error@Foundation@shdfnd@physx@@QEAAXW4Enum@PxErrorCode@3@PEBDH1ZZ 00000001800a33b8     PhysX3CommonCHECKED_x64:PhysX3CommonCHECKED_x64.dll
 0005:000003c0       __imp_?decRefCount@Foundation@shdfnd@physx@@SAXXZ 00000001800a33c0     PhysX3CommonCHECKED_x64:PhysX3CommonCHECKED_x64.dll
 0005:000003c8       __imp_?incRefCount@Foundation@shdfnd@physx@@SAXXZ 00000001800a33c8     PhysX3CommonCHECKED_x64:PhysX3CommonCHECKED_x64.dll
 0005:000003d0       __imp_?getInstance@Foundation@shdfnd@physx@@SAAEAV123@XZ 00000001800a33d0     PhysX3CommonCHECKED_x64:PhysX3CommonCHECKED_x64.dll
 0005:000003d8       __imp_?allocate@Allocator@shdfnd@physx@@QEAAPEAX_KPEBDH@Z 00000001800a33d8     PhysX3CommonCHECKED_x64:PhysX3CommonCHECKED_x64.dll
 0005:000003e0       __imp_?getAllocator@shdfnd@physx@@YAAEAVPxAllocatorCallback@2@XZ 00000001800a33e0     PhysX3CommonCHECKED_x64:PhysX3CommonCHECKED_x64.dll
 0005:000003e8       __imp_?intersectTriangleBox@Gu@physx@@YAHAEBVPxVec3@2@0000@Z 00000001800a33e8     PhysX3CommonCHECKED_x64:PhysX3CommonCHECKED_x64.dll
 0005:000003f0       __imp_??6RenderOutput@Cm@physx@@QEAAAEAV012@VPxVec3@2@@Z 00000001800a33f0     PhysX3CommonCHECKED_x64:PhysX3CommonCHECKED_x64.dll
 0005:000003f8       __imp_??6RenderOutput@Cm@physx@@QEAAAEAV012@W4Primitive@012@@Z 00000001800a33f8     PhysX3CommonCHECKED_x64:PhysX3CommonCHECKED_x64.dll
 0005:00000400       __imp_?getTriangle@PxMeshQuery@physx@@SAXAEBVPxHeightFieldGeometry@2@AEBVPxTransform@2@IAEAVPxTriangle@2@PEAI3@Z 00000001800a3400     PhysX3CommonCHECKED_x64:PhysX3CommonCHECKED_x64.dll
 0005:00000408       __imp_?getTriangle@PxMeshQuery@physx@@SAXAEBVPxTriangleMeshGeometry@2@AEBVPxTransform@2@IAEAVPxTriangle@2@PEAI3@Z 00000001800a3408     PhysX3CommonCHECKED_x64:PhysX3CommonCHECKED_x64.dll
 0005:00000410       __imp_?sweep@PxMeshQuery@physx@@SA_NAEBVPxVec3@2@MAEBVPxGeometry@2@AEBVPxTransform@2@IPEBVPxTriangle@2@AEAUPxSweepHit@2@V?$PxFlags@W4Enum@PxHitFlag@physx@@G@2@PEBIM_N@Z 00000001800a3410     PhysX3CommonCHECKED_x64:PhysX3CommonCHECKED_x64.dll
 0005:00000418       __imp_?distanceSegmentBoxSquared@Gu@physx@@YAMAEBVPxVec3@2@000AEBVPxMat33@2@PEAMPEAV32@@Z 00000001800a3418     PhysX3CommonCHECKED_x64:PhysX3CommonCHECKED_x64.dll
 0005:00000420       __imp_?intersectOBBOBB@Gu@physx@@YA_NAEBVPxVec3@2@0AEBVPxMat33@2@001_N@Z 00000001800a3420     PhysX3CommonCHECKED_x64:PhysX3CommonCHECKED_x64.dll
 0005:00000428       __imp_??6Cm@physx@@YAAEAVRenderOutput@01@AEAV201@AEBUDebugBox@01@@Z 00000001800a3428     PhysX3CommonCHECKED_x64:PhysX3CommonCHECKED_x64.dll
 0005:00000430       __imp_?outputCapsule@RenderOutput@Cm@physx@@QEAAAEAV123@MMAEBVMatrix34@23@@Z 00000001800a3430     PhysX3CommonCHECKED_x64:PhysX3CommonCHECKED_x64.dll
 0005:00000438       __imp_??6RenderOutput@Cm@physx@@QEAAAEAV012@AEBVPxTransform@2@@Z 00000001800a3438     PhysX3CommonCHECKED_x64:PhysX3CommonCHECKED_x64.dll
 0005:00000440       __imp_??6RenderOutput@Cm@physx@@QEAAAEAV012@I@Z 00000001800a3440     PhysX3CommonCHECKED_x64:PhysX3CommonCHECKED_x64.dll
 0005:00000448       __imp_??0RenderOutput@Cm@physx@@QEAA@AEAVRenderBuffer@12@@Z 00000001800a3448     PhysX3CommonCHECKED_x64:PhysX3CommonCHECKED_x64.dll
 0005:00000450       __imp_?deallocate@NamedAllocator@shdfnd@physx@@QEAAXPEAX@Z 00000001800a3450     PhysX3CommonCHECKED_x64:PhysX3CommonCHECKED_x64.dll
 0005:00000458       __imp_?allocate@NamedAllocator@shdfnd@physx@@QEAAPEAX_KPEBDH@Z 00000001800a3458     PhysX3CommonCHECKED_x64:PhysX3CommonCHECKED_x64.dll
 0005:00000460       __imp_??1NamedAllocator@shdfnd@physx@@QEAA@XZ 00000001800a3460     PhysX3CommonCHECKED_x64:PhysX3CommonCHECKED_x64.dll
 0005:00000468       __imp_??0NamedAllocator@shdfnd@physx@@QEAA@AEBV012@@Z 00000001800a3468     PhysX3CommonCHECKED_x64:PhysX3CommonCHECKED_x64.dll
 0005:00000470       __imp_??0NamedAllocator@shdfnd@physx@@QEAA@PEBD@Z 00000001800a3470     PhysX3CommonCHECKED_x64:PhysX3CommonCHECKED_x64.dll
 0005:00000478       __imp_?computePenetration@PxGeometryQuery@physx@@SA_NAEAVPxVec3@2@AEAMAEBVPxGeometry@2@AEBVPxTransform@2@23@Z 00000001800a3478     PhysX3CommonCHECKED_x64:PhysX3CommonCHECKED_x64.dll
 0005:00000480       __imp_?sweep@PxGeometryQuery@physx@@SA_NAEBVPxVec3@2@MAEBVPxGeometry@2@AEBVPxTransform@2@12AEAUPxSweepHit@2@V?$PxFlags@W4Enum@PxHitFlag@physx@@G@2@M@Z 00000001800a3480     PhysX3CommonCHECKED_x64:PhysX3CommonCHECKED_x64.dll
 0005:00000488       __imp_?PxTransformFromSegment@physx@@YA?AVPxTransform@1@AEBVPxVec3@1@0PEAM@Z 00000001800a3488     PhysX3CommonCHECKED_x64:PhysX3CommonCHECKED_x64.dll
 0005:00000490       __imp_?unlock@MutexImpl@shdfnd@physx@@QEAAXXZ 00000001800a3490     PhysX3CommonCHECKED_x64:PhysX3CommonCHECKED_x64.dll
 0005:00000498       __imp_?lock@MutexImpl@shdfnd@physx@@QEAAXXZ 00000001800a3498     PhysX3CommonCHECKED_x64:PhysX3CommonCHECKED_x64.dll
 0005:000004a0       __imp_?deallocate@Allocator@shdfnd@physx@@QEAAXPEAX@Z 00000001800a34a0     PhysX3CommonCHECKED_x64:PhysX3CommonCHECKED_x64.dll
 0005:000004a8       __imp_PxGetFoundation      00000001800a34a8     PhysX3CommonCHECKED_x64:PhysX3CommonCHECKED_x64.dll
 0005:000004b0       __imp_?findOverlapTriangleMesh@PxMeshQuery@physx@@SAIAEBVPxGeometry@2@AEBVPxTransform@2@AEBVPxTriangleMeshGeometry@2@1PEAIIIAEA_N@Z 00000001800a34b0     PhysX3CommonCHECKED_x64:PhysX3CommonCHECKED_x64.dll
 0005:000004b8       __imp_?findOverlapHeightField@PxMeshQuery@physx@@SAIAEBVPxGeometry@2@AEBVPxTransform@2@AEBVPxHeightFieldGeometry@2@1PEAIIIAEA_N@Z 00000001800a34b8     PhysX3CommonCHECKED_x64:PhysX3CommonCHECKED_x64.dll
 0005:000004c0       __imp_?PxDiagonalize@physx@@YA?AVPxVec3@1@AEBVPxMat33@1@AEAVPxQuat@1@@Z 00000001800a34c0     PhysX3CommonCHECKED_x64:PhysX3CommonCHECKED_x64.dll
 0005:000004c8       \177PhysX3CommonCHECKED_x64_NULL_THUNK_DATA 00000001800a34c8     PhysX3CommonCHECKED_x64:PhysX3CommonCHECKED_x64.dll
 0005:00000560       __IMPORT_DESCRIPTOR_PhysX3CommonCHECKED_x64 00000001800a3560     PhysX3CommonCHECKED_x64:PhysX3CommonCHECKED_x64.dll
 0005:00000574       __IMPORT_DESCRIPTOR_KERNEL32 00000001800a3574     kernel32:KERNEL32.dll
 0005:00000588       __NULL_IMPORT_DESCRIPTOR   00000001800a3588     PhysX3CommonCHECKED_x64:PhysX3CommonCHECKED_x64.dll
 0007:00000000       __guard_check_icall_fptr   00000001800a6000     LIBCMT:guard_support.obj
 0007:00000010       __guard_dispatch_icall_fptr 00000001800a6010     LIBCMT:guard_support.obj
