 PhysX3CookingCHECKED_x64

 Timestamp is 58ba6380 (Fri Mar  3 23:49:36 2017)

 Preferred load address is 0000000180000000

 Start         Length     Name                   Class
 0001:00000000 00006320H .text$di                CODE
 0001:00006320 0007fb30H .text$mn                CODE
 0001:00085e50 00001020H .text$mn$00             CODE
 0001:00086e70 000017ceH .text$x                 CODE
 0002:00000000 00000110H .CRT$XCA                DATA
 0002:00000110 000001c0H .CRT$XCU                DATA
 0002:000002d0 00000110H .CRT$XCZ                DATA
 0002:000003e0 00000110H .CRT$XIA                DATA
 0002:000004f0 00000130H .CRT$XIC                DATA
 0002:00000620 00000110H .CRT$XIZ                DATA
 0002:00000730 00000110H .CRT$XPA                DATA
 0002:00000840 00000120H .CRT$XPX                DATA
 0002:00000960 00000110H .CRT$XPXA               DATA
 0002:00000a70 00000110H .CRT$XPZ                DATA
 0002:00000b80 00000110H .CRT$XTA                DATA
 0002:00000c90 00000110H .CRT$XTZ                DATA
 0002:00000da0 00010008H .rdata                  DATA
 0002:00010da8 000006b0H .rdata$r                DATA
 0002:00011458 000001a8H .rdata$zzzdbg           DATA
 0002:00011600 00000110H .rtc$IAA                DATA
 0002:00011710 00000110H .rtc$IZZ                DATA
 0002:00011820 00000110H .rtc$TAA                DATA
 0002:00011930 00000110H .rtc$TZZ                DATA
 0002:00011a40 00008330H .xdata                  DATA
 0002:00019d70 00000210H .xdata$x                DATA
 0002:00019f80 000001a3H .edata                  DATA
 0003:00000000 00000ce8H .data                   DATA
 0003:00000ce8 00000608H .data$r                 DATA
 0003:000012f0 000021e1H .bss                    DATA
 0004:00000000 00005e44H .pdata                  DATA
 0005:00000000 000003c0H .idata$5                DATA
 0005:000003c0 00000014H .idata$2                DATA
 0005:000003d4 00000014H .idata$3                DATA
 0005:000003e8 000003c0H .idata$4                DATA
 0005:000007a8 00000887H .idata$6                DATA
 0006:00000000 00000020H .didat$2                DATA
 0006:00000020 00000020H .didat$3                DATA
 0006:00000040 00000388H .didat$4                DATA
 0006:000003c8 00000388H .didat$5                DATA
 0006:00000750 00001420H .didat$6                DATA
 0006:00001b70 000003f4H .didat$7                DATA
 0007:00000000 00000220H .gfids$x                DATA
 0007:00000220 000001cdH .gfids$y                DATA
 0008:00000000 0000011bH .00cfg                  DATA
 0009:00000000 000001c0H .rsrc$01                DATA
 0009:000001c0 000006a9H .rsrc$02                DATA

  Address         Publics by Value              Rva+Base               Lib:Object

 0000:00000000       __guard_fids_table         0000000000000000     <absolute>
 0000:00000000       __guard_longjmp_count      0000000000000000     <absolute>
 0000:00000000       __guard_longjmp_table      0000000000000000     <absolute>
 0000:00000000       ___safe_se_handler_count   0000000000000000     <absolute>
 0000:00000000       __dynamic_value_reloc_table 0000000000000000     <absolute>
 0000:00000000       __guard_iat_count          0000000000000000     <absolute>
 0000:00000000       ___safe_se_handler_table   0000000000000000     <absolute>
 0000:00000000       __guard_fids_count         0000000000000000     <absolute>
 0000:00000000       __guard_iat_table          0000000000000000     <absolute>
 0000:00000100       __guard_flags              0000000000000100     <absolute>
 0000:00000000       __ImageBase                0000000180000000     <linker-defined>
 0001:00006320       PxSetPhysXCookingDelayLoadHook 0000000180007320 f   WindowsCookingDelayLoadHook.obj
 0001:00006330       ?delayHook@@YAP6A_JXZIPEAUDelayLoadInfo@@@Z 0000000180007330 f   WindowsCookingDelayLoadHook.obj
 0001:00006390       ?physXCommonDliNotePreLoadLibrary@shdfnd@physx@@YAP6A_JXZPEBDPEBVPxDelayLoadHook@2@@Z 0000000180007390 f i WindowsCookingDelayLoadHook.obj
 0001:00006860       ?saveHeightField@physx@@YA_NAEBVHeightField@Gu@1@AEAVPxOutputStream@1@_N@Z 0000000180007860 f   HeightFieldCooking.obj
 0001:00006b80       ?__empty_global_delete@@YAXPEAX@Z 0000000180007b80 f i HeightFieldCooking.obj
 0001:00006b90       ?__empty_global_delete@@YAXPEAX_K@Z 0000000180007b90 f i HeightFieldCooking.obj
 0001:00006b90       ?__global_delete@@YAXPEAX_K@Z 0000000180007b90 f i HeightFieldCooking.obj
 0001:00006b90       ?__global_array_delete@@YAXPEAX_K@Z 0000000180007b90 f i HeightFieldCooking.obj
 0001:00006ba0       ?buildFromTriangles@RTreeCooker@physx@@SAXAEAURTree@Gu@2@PEBVPxVec3@2@IPEBGPEBIIAEAV?$Array@IVNamedAllocator@shdfnd@physx@@@shdfnd@2@PEAURemapCallback@12@MW4Enum@PxMeshCookingHint@2@@Z 0000000180007ba0 f   RTreeCooking.obj
 0001:00006f30       ??$median3@I$$CBUSortBoundsPredicate@physx@@@internal@shdfnd@physx@@YAXPEAIHHAEBUSortBoundsPredicate@2@@Z 0000000180007f30 f i RTreeCooking.obj
 0001:000070a0       ??$partition@I$$CBU?$Less@I@shdfnd@physx@@@internal@shdfnd@physx@@YAHPEAIHHAEBU?$Less@I@12@@Z 00000001800080a0 f i RTreeCooking.obj
 0001:000071b0       ??$partition@I$$CBUSortBoundsPredicate@physx@@@internal@shdfnd@physx@@YAHPEAIHHAEBUSortBoundsPredicate@2@@Z 00000001800081b0 f i RTreeCooking.obj
 0001:000072e0       ??$partition@UBoundsLTE@physx@@@quickSelect@physx@@YAIPEIAIIIIAEBUBoundsLTE@1@@Z 00000001800082e0 f i RTreeCooking.obj
 0001:000074e0       ??$quickSelectFirstK@UBoundsLTE@physx@@@quickSelect@physx@@YAXPEIAIIIIAEBUBoundsLTE@1@@Z 00000001800084e0 f i RTreeCooking.obj
 0001:00007740       ??$smallSort@I$$CBU?$Less@I@shdfnd@physx@@@internal@shdfnd@physx@@YAXPEAIHHAEBU?$Less@I@12@@Z 0000000180008740 f i RTreeCooking.obj
 0001:00007850       ??$smallSort@I$$CBUSortBoundsPredicate@physx@@@internal@shdfnd@physx@@YAXPEAIHHAEBUSortBoundsPredicate@2@@Z 0000000180008850 f i RTreeCooking.obj
 0001:00007c00       ??$sort@I@shdfnd@physx@@YAXPEAII@Z 0000000180008c00 f i RTreeCooking.obj
 0001:00007c60       ??$sort@IU?$Less@I@shdfnd@physx@@VNamedAllocator@23@@shdfnd@physx@@YAXPEAIIAEBU?$Less@I@01@AEBVNamedAllocator@01@I@Z 0000000180008c60 f i RTreeCooking.obj
 0001:00007fb0       ??$sort@IUSortBoundsPredicate@physx@@@shdfnd@physx@@YAXPEAIIAEBUSortBoundsPredicate@1@@Z 0000000180008fb0 f i RTreeCooking.obj
 0001:00008020       ??$sort@IUSortBoundsPredicate@physx@@VNamedAllocator@shdfnd@2@@shdfnd@physx@@YAXPEAIIAEBUSortBoundsPredicate@1@AEBVNamedAllocator@01@I@Z 0000000180009020 f i RTreeCooking.obj
 0001:00008370       ??0SubSortQuick@physx@@QEAA@PEAIPEBUPxBounds3V@1@IM@Z 0000000180009370 f i RTreeCooking.obj
 0001:00008540       ?allocate@?$Array@UInterval@physx@@V?$InlineAllocator@$0CA@VNamedAllocator@shdfnd@physx@@@shdfnd@2@@shdfnd@physx@@IEAAPEAUInterval@3@I@Z 0000000180009540 f i RTreeCooking.obj
 0001:000094f0       ?copy@?$Array@URTreeNodeNQ@physx@@VNamedAllocator@shdfnd@2@@shdfnd@physx@@KAXPEAURTreeNodeNQ@3@0PEBU43@@Z 000000018000a4f0 f i RTreeCooking.obj
 0001:00009700       ?copy@?$Array@VPxVec3@physx@@VNamedAllocator@shdfnd@2@@shdfnd@physx@@KAXPEAVPxVec3@3@0PEBV43@@Z 000000018000a700 f i RTreeCooking.obj
 0001:00009830       ?growAndPushBack@?$Array@IVNamedAllocator@shdfnd@physx@@@shdfnd@physx@@IEAAAEAIAEBI@Z 000000018000a830 f i RTreeCooking.obj
 0001:00009950       ?growAndPushBack@?$Array@UInterval@physx@@V?$InlineAllocator@$0CA@VNamedAllocator@shdfnd@physx@@@shdfnd@2@@shdfnd@physx@@IEAAAEAUInterval@3@AEBU43@@Z 000000018000a950 f i RTreeCooking.obj
 0001:00009a50       ?growAndPushBack@?$Array@UPxBounds3V@physx@@VNamedAllocator@shdfnd@2@@shdfnd@physx@@IEAAAEAUPxBounds3V@3@AEBU43@@Z 000000018000aa50 f i RTreeCooking.obj
 0001:00009b80       ?growAndPushBack@?$Array@URTreeNodeNQ@physx@@VNamedAllocator@shdfnd@2@@shdfnd@physx@@IEAAAEAURTreeNodeNQ@3@AEBU43@@Z 000000018000ab80 f i RTreeCooking.obj
 0001:00009cc0       ?growAndPushBack@?$Array@URTreeNodeQ@Gu@physx@@VNamedAllocator@shdfnd@3@@shdfnd@physx@@IEAAAEAURTreeNodeQ@Gu@3@AEBU453@@Z 000000018000acc0 f i RTreeCooking.obj
 0001:00009e10       ?growAndPushBack@?$Array@VPxVec3@physx@@VNamedAllocator@shdfnd@2@@shdfnd@physx@@IEAAAEAVPxVec3@3@AEBV43@@Z 000000018000ae10 f i RTreeCooking.obj
 0001:00009f30       ?recreate@?$Array@IVNamedAllocator@shdfnd@physx@@@shdfnd@physx@@IEAAXI@Z 000000018000af30 f i RTreeCooking.obj
 0001:0000a010       ?recreate@?$Array@UPxBounds3V@physx@@VNamedAllocator@shdfnd@2@@shdfnd@physx@@IEAAXI@Z 000000018000b010 f i RTreeCooking.obj
 0001:0000a100       ?recreate@?$Array@URTreeNodeNQ@physx@@VNamedAllocator@shdfnd@2@@shdfnd@physx@@IEAAXI@Z 000000018000b100 f i RTreeCooking.obj
 0001:0000a1c0       ?recreate@?$Array@URTreeNodeQ@Gu@physx@@VNamedAllocator@shdfnd@3@@shdfnd@physx@@IEAAXI@Z 000000018000b1c0 f i RTreeCooking.obj
 0001:0000a2c0       ?recreate@?$Array@VPxVec3@physx@@VNamedAllocator@shdfnd@2@@shdfnd@physx@@IEAAXI@Z 000000018000b2c0 f i RTreeCooking.obj
 0001:0000a390       ?resize@?$Array@IVNamedAllocator@shdfnd@physx@@@shdfnd@physx@@QEAAXIAEBI@Z 000000018000b390 f i RTreeCooking.obj
 0001:0000a410       ?resizeUninitialized@?$Array@URTreeNodeNQ@physx@@VNamedAllocator@shdfnd@2@@shdfnd@physx@@QEAAXI@Z 000000018000b410 f i RTreeCooking.obj
 0001:0000a460       ?sort4@SubSortQuick@physx@@QEAAXPEIAIIAEAV?$Array@URTreeNodeNQ@physx@@VNamedAllocator@shdfnd@2@@shdfnd@2@AEAIAEAUPxBounds3V@2@I@Z 000000018000b460 f i RTreeCooking.obj
 0001:0000a8c0       ?sort4@SubSortSAH@physx@@QEAAXPEAIIAEAV?$Array@URTreeNodeNQ@physx@@VNamedAllocator@shdfnd@2@@shdfnd@2@AEAIIPEAURTreeNodeNQ@2@@Z 000000018000b8c0 f i RTreeCooking.obj
 0001:0000b290       ?split@SubSortSAH@physx@@QEAAIPEAII@Z 000000018000c290 f i RTreeCooking.obj
 0001:0000bc70       ?loadFromDesc@TriangleMeshBuilder@physx@@QEAA_NAEBVPxTriangleMeshDesc@2@AEBUPxCookingParams@2@_N@Z 000000018000cc70 f   TriangleMeshBuilder.obj
 0001:0000bf70       ?save@TriangleMeshBuilder@physx@@QEBA_NAEAVPxOutputStream@2@_NAEBUPxCookingParams@2@@Z 000000018000cf70 f   TriangleMeshBuilder.obj
 0001:0000c2d0       ?computeLocalBounds@TriangleMeshBuilder@physx@@IEAAXXZ 000000018000d2d0 f   TriangleMeshBuilder.obj
 0001:0000c390       ?importMesh@TriangleMeshBuilder@physx@@IEAA_NAEBVPxTriangleMeshDesc@2@AEBUPxCookingParams@2@_N@Z 000000018000d390 f   TriangleMeshBuilder.obj
 0001:0000c8d0       ??_H@YAXPEAX_K1P6APEAX0@Z@Z 000000018000d8d0 f i TriangleMeshBuilder.obj
 0001:0000c930       ?isValid@PxTriangleMeshDesc@physx@@QEBA_NXZ 000000018000d930 f i TriangleMeshBuilder.obj
 0001:0000c9d0       ??0BigConvexDataBuilder@physx@@QEAA@PEBUConvexHullData@Gu@1@PEAVBigConvexData@1@PEBVPxVec3@1@@Z 000000018000d9d0 f   BigConvexDataBuilder.obj
 0001:0000c9f0       ??1BigConvexDataBuilder@physx@@QEAA@XZ 000000018000d9f0 f   BigConvexDataBuilder.obj
 0001:0000ca00       ?Precompute@BigConvexDataBuilder@physx@@QEAA_NI@Z 000000018000da00 f   BigConvexDataBuilder.obj
 0001:0000cd50       ?Initialize@BigConvexDataBuilder@physx@@QEAA_NXZ 000000018000dd50 f   BigConvexDataBuilder.obj
 0001:0000cdf0       ?PrecomputeSample@BigConvexDataBuilder@physx@@QEAA_NIAEBVPxVec3@2@@Z 000000018000ddf0 f   BigConvexDataBuilder.obj
 0001:0000d030       ?Save@BigConvexDataBuilder@physx@@QEBA_NAEAVPxOutputStream@2@_NIPEBUHullTriangleData@2@@Z 000000018000e030 f   BigConvexDataBuilder.obj
 0001:0000d160       ?ComputeValencies@BigConvexDataBuilder@physx@@QEBA_NIPEBUHullTriangleData@2@@Z 000000018000e160 f   BigConvexDataBuilder.obj
 0001:0000d1b0       ?Compute@BigConvexDataBuilder@physx@@QEBA_NAEBUVALENCIESCREATE@2@@Z 000000018000e1b0 f   BigConvexDataBuilder.obj
 0001:0000d470       ?Save@BigConvexDataBuilder@physx@@QEBA_NAEAVPxOutputStream@2@_N@Z 000000018000e470 f   BigConvexDataBuilder.obj
 0001:0000d920       ??0ConvexHullBuilder@physx@@QEAA@PEAUConvexHullData@Gu@1@@Z 000000018000e920 f   ConvexHullBuilder.obj
 0001:0000d960       ??1ConvexHullBuilder@physx@@QEAA@XZ 000000018000e960 f   ConvexHullBuilder.obj
 0001:0000da10       ?Init@ConvexHullBuilder@physx@@QEAA_NIPEBVPxVec3@2@IPEBIIPEBUPxHullPolygon@2@@Z 000000018000ea10 f   ConvexHullBuilder.obj
 0001:0000e0b0       ?Save@ConvexHullBuilder@physx@@QEBA_NAEAVPxOutputStream@2@_N@Z 000000018000f0b0 f   ConvexHullBuilder.obj
 0001:0000e3d0       ?CreateEdgeList@ConvexHullBuilder@physx@@QEAA_NXZ 000000018000f3d0 f   ConvexHullBuilder.obj
 0001:0000ee20       ?CreatePolygonData@ConvexHullBuilder@physx@@QEAA_NXZ 000000018000fe20 f   ConvexHullBuilder.obj
 0001:0000f5d0       ?CheckHullPolygons@ConvexHullBuilder@physx@@QEBA_NXZ 00000001800105d0 f   ConvexHullBuilder.obj
 0001:0000f990       ?CreateTrianglesFromPolygons@ConvexHullBuilder@physx@@QEAA_NXZ 0000000180010990 f   ConvexHullBuilder.obj
 0001:000103c0       ?ComputeGeomCenter@ConvexHullBuilder@physx@@QEBA_NAEAVPxVec3@2@@Z 00000001800113c0 f   ConvexHullBuilder.obj
 0001:00010610       ?CalculateVertexMapTable@ConvexHullBuilder@physx@@QEAA_NI_N@Z 0000000180011610 f   ConvexHullBuilder.obj
 0001:00010810       ?ComputeHullPolygons@ConvexHullBuilder@physx@@QEAA_NAEBIPEBVPxVec3@2@0PEBI@Z 0000000180011810 f   ConvexHullBuilder.obj
 0001:00011750       ??$PlaneEquation@U?$TriangleT@I@Gu@physx@@@@YA?AVPxPlane@physx@@AEBU?$TriangleT@I@Gu@1@PEBVPxVec3@1@@Z 0000000180012750 f i ConvexHullBuilder.obj
 0001:00011940       ??0PxVec3@physx@@QEAA@XZ   0000000180012940 f i ConvexHullBuilder.obj
 0001:00013f80       ??0ConvexMeshBuilder@physx@@QEAA@XZ 0000000180014f80 f   ConvexMeshBuilder.obj
 0001:00013fd0       ??1ConvexMeshBuilder@physx@@UEAA@XZ 0000000180014fd0 f   ConvexMeshBuilder.obj
 0001:00014010       ?loadFromDesc@ConvexMeshBuilder@physx@@QEAA_NAEBVPxConvexMeshDesc@2@W4Enum@PxPlatform@2@@Z 0000000180015010 f   ConvexMeshBuilder.obj
 0001:00014100       ?save@ConvexMeshBuilder@physx@@QEBA_NAEAVPxOutputStream@2@_N@Z 0000000180015100 f   ConvexMeshBuilder.obj
 0001:00014310       ?loadConvexHull@ConvexMeshBuilder@physx@@QEAA_NAEBVPxConvexMeshDesc@2@@Z 0000000180015310 f   ConvexMeshBuilder.obj
 0001:000145b0       ?computeHullPolygons@ConvexMeshBuilder@physx@@QEAA_NAEBIPEBVPxVec3@2@0PEBIAEAVPxAllocatorCallback@2@AEAIAEAPEAV32@4AEAPEAI4AEAPEAUPxHullPolygon@2@@Z 00000001800155b0 f   ConvexMeshBuilder.obj
 0001:000147e0       ?computeGaussMaps@ConvexMeshBuilder@physx@@QEAA_NXZ 00000001800157e0 f   ConvexMeshBuilder.obj
 0001:000148e0       ?computeMassInfo@ConvexMeshBuilder@physx@@QEAAXXZ 00000001800158e0 f   ConvexMeshBuilder.obj
 0001:00014cc0       ?computeInternalObjects@ConvexMeshBuilder@physx@@QEAAXXZ 0000000180015cc0 f   ConvexMeshBuilder.obj
 0001:000152d8       ??_EConvexMeshBuilder@physx@@WBA@EAAPEAXI@Z 00000001800162d8 f i ConvexMeshBuilder.obj
 0001:000152f0       ??_EConvexMeshBuilder@physx@@UEAAPEAXI@Z 00000001800162f0 f i ConvexMeshBuilder.obj
 0001:000152f0       ??_GConvexMeshBuilder@physx@@UEAAPEAXI@Z 00000001800162f0 f i ConvexMeshBuilder.obj
 0001:00015800       ?gatherStrided@shdfnd@physx@@YAXPEBXPEAXIII@Z 0000000180016800 f i ConvexMeshBuilder.obj
 0001:00015880       ?isFinite@PxVec3@physx@@QEBA_NXZ 0000000180016880 f i ConvexMeshBuilder.obj
 0001:000158f0       ?isReleasable@PxBase@physx@@UEBA_NXZ 00000001800168f0 f i ConvexMeshBuilder.obj
 0001:00015900       ?isValid@PxConvexMeshDesc@physx@@QEBA_NXZ 0000000180016900 f i ConvexMeshBuilder.obj
 0001:000159c0       ?requires@ConvexMesh@Gu@physx@@UEAAXAEAVPxProcessPxBaseCallback@3@@Z 00000001800169c0 f i ConvexMeshBuilder.obj
 0001:000159d0       ??0HullLibrary@physx@@QEAA@XZ 00000001800169d0 f   hulllib.obj
 0001:00015a20       ??1HullLibrary@physx@@QEAA@XZ 0000000180016a20 f   hulllib.obj
 0001:00015a80       ?CreateConvexHull@HullLibrary@physx@@QEAA?AW4HullError@2@AEBVHullDesc@2@AEAVHullResult@2@@Z 0000000180016a80 f   hulllib.obj
 0001:00015fd0       ?ReleaseResult@HullLibrary@physx@@QEAA?AW4HullError@2@AEAVHullResult@2@@Z 0000000180016fd0 f   hulllib.obj
 0001:00016020       ?CreateTriangleMesh@HullLibrary@physx@@QEAA?AW4HullError@2@AEAVHullResult@2@PEAVConvexHullTriangleInterface@2@@Z 0000000180017020 f   hulllib.obj
 0001:00016300       ?b2bfix@HullLibrary@physx@@AEAAXPEAVTri@2@0@Z 0000000180017300 f   hulllib.obj
 0001:00016520       ?removeb2b@HullLibrary@physx@@AEAAXPEAVTri@2@0@Z 0000000180017520 f   hulllib.obj
 0001:000165a0       ?checkit@HullLibrary@physx@@AEBAXPEAVTri@2@@Z 00000001800175a0 f   hulllib.obj
 0001:000165b0       ?extrude@HullLibrary@physx@@AEAAXPEAVTri@2@H@Z 00000001800175b0 f   hulllib.obj
 0001:00016920       ?extrudable@HullLibrary@physx@@AEBAPEAVTri@2@M@Z 0000000180017920 f   hulllib.obj
 0001:00016a40       ?calchullgen@HullLibrary@physx@@AEAA?AW4HullError@2@PEAVfloat3@2@HHM@Z 0000000180017a40 f   hulllib.obj
 0001:000177d0       ?calchull@HullLibrary@physx@@AEAA?AW4HullError@2@PEAVfloat3@2@HAEAPEAHAEAHAEAPEAV42@2HM@Z 00000001800187d0 f   hulllib.obj
 0001:00017b90       ?expandhull@HullLibrary@physx@@AEAA?AW4HullError@2@PEAVfloat3@2@HAEAPEAV42@AEAHM@Z 0000000180018b90 f   hulllib.obj
 0001:000184e0       ?calchullpbev@HullLibrary@physx@@AEAA?AW4HullError@2@PEAVfloat3@2@HHAEAV?$Array@VPlane@physx@@@hullLibArray@2@M@Z 00000001800194e0 f   hulllib.obj
 0001:00019010       ?ComputeHull@HullLibrary@physx@@AEAA?AW4HullError@2@IPEBMAEAVPHullResult@2@IMM@Z 000000018001a010 f   hulllib.obj
 0001:00019350       ?overhullv@HullLibrary@physx@@AEAA?AW4HullError@2@PEAVfloat3@2@HHAEAPEAV42@AEAHAEAPEAH2MMHM@Z 000000018001a350 f   hulllib.obj
 0001:00019690       ??0ConvexH@physx@@QEAA@HHH@Z 000000018001a690 f   hulllib.obj
 0001:00019730       ?neib@Tri@physx@@QEAAAEAHHH@Z 000000018001a730 f   hulllib.obj
 0001:0001a760       ??$Max@M@physx@@YAMAEBM0@Z 000000018001b760 f i hulllib.obj
 0001:0001a770       ??$Min@H@physx@@YAHAEBH0@Z 000000018001b770 f i hulllib.obj
 0001:0001a780       ??$Min@M@physx@@YAMAEBM0@Z 000000018001b780 f i hulllib.obj
 0001:0001a790       ??$Swap@H@physx@@YAXAEAH0@Z 000000018001b790 f i hulllib.obj
 0001:0001a7a0       ??$__vcrt_va_start_verify_argument_type@QEBD@@YAXXZ 000000018001b7a0 f i hulllib.obj
 0001:0001a7b0       ??$maxdir@Vfloat3@physx@@@physx@@YAHPEBVfloat3@0@HAEBV10@@Z 000000018001b7b0 f i hulllib.obj
 0001:0001ab10       ??$maxdirfiltered@Vfloat3@physx@@@physx@@YAHPEBVfloat3@0@HAEBV10@PEA_N@Z 000000018001bb10 f i hulllib.obj
 0001:0001af00       ??$maxdirsterid@Vfloat3@physx@@@physx@@YAHPEBVfloat3@0@HAEBV10@AEAV?$Array@H@hullLibArray@0@@Z 000000018001bf00 f i hulllib.obj
 0001:0001b3d0       ??0?$Array@H@hullLibArray@physx@@QEAA@H@Z 000000018001c3d0 f i hulllib.obj
 0001:0001b400       ??0?$Array@PEAVTri@physx@@@hullLibArray@physx@@QEAA@H@Z 000000018001c400 f i hulllib.obj
 0001:0001b430       ??0?$Array@UExpandPlane@physx@@@hullLibArray@physx@@QEAA@H@Z 000000018001c430 f i hulllib.obj
 0001:0001b460       ??0?$Array@VHalfEdge@ConvexH@physx@@@hullLibArray@physx@@QEAA@H@Z 000000018001c460 f i hulllib.obj
 0001:0001b490       ??0?$Array@VPlane@physx@@@hullLibArray@physx@@QEAA@H@Z 000000018001c490 f i hulllib.obj
 0001:0001b4c0       ??0?$Array@Vfloat3@physx@@@hullLibArray@physx@@QEAA@H@Z 000000018001c4c0 f i hulllib.obj
 0001:0001b4f0       ??0?$Array@Vint3@physx@@@hullLibArray@physx@@QEAA@H@Z 000000018001c4f0 f i hulllib.obj
 0001:0001b520       ??0HalfEdge@ConvexH@physx@@QEAA@XZ 000000018001c520 f i hulllib.obj
 0001:0001b530       ??0Plane@physx@@QEAA@XZ    000000018001c530 f i hulllib.obj
 0001:0001b540       ??0Tri@physx@@QEAA@HHHPEAV?$Array@PEAVTri@physx@@@hullLibArray@1@@Z 000000018001c540 f i hulllib.obj
 0001:0001b5e0       ??0float3@physx@@QEAA@XZ   000000018001c5e0 f i hulllib.obj
 0001:0001b5f0       ??1?$Array@H@hullLibArray@physx@@QEAA@XZ 000000018001c5f0 f i hulllib.obj
 0001:0001b640       ??1?$Array@PEAVTri@physx@@@hullLibArray@physx@@QEAA@XZ 000000018001c640 f i hulllib.obj
 0001:0001b690       ??1?$Array@UExpandPlane@physx@@@hullLibArray@physx@@QEAA@XZ 000000018001c690 f i hulllib.obj
 0001:0001b6e0       ??1?$Array@VHalfEdge@ConvexH@physx@@@hullLibArray@physx@@QEAA@XZ 000000018001c6e0 f i hulllib.obj
 0001:0001b730       ??1?$Array@VPlane@physx@@@hullLibArray@physx@@QEAA@XZ 000000018001c730 f i hulllib.obj
 0001:0001b780       ??1?$Array@Vfloat3@physx@@@hullLibArray@physx@@QEAA@XZ 000000018001c780 f i hulllib.obj
 0001:0001b7d0       ??1?$Array@Vint3@physx@@@hullLibArray@physx@@QEAA@XZ 000000018001c7d0 f i hulllib.obj
 0001:0001b820       ?Add@?$Array@H@hullLibArray@physx@@QEAAAEAHH@Z 000000018001c820 f i hulllib.obj
 0001:0001b890       ?Add@?$Array@PEAVTri@physx@@@hullLibArray@physx@@QEAAAEAPEAVTri@3@PEAV43@@Z 000000018001c890 f i hulllib.obj
 0001:0001b900       ?Add@?$Array@UExpandPlane@physx@@@hullLibArray@physx@@QEAAAEAUExpandPlane@3@U43@@Z 000000018001c900 f i hulllib.obj
 0001:0001b990       ?Add@?$Array@VPlane@physx@@@hullLibArray@physx@@QEAAAEAVPlane@3@V43@@Z 000000018001c990 f i hulllib.obj
 0001:0001ba00       ?Add@?$Array@Vfloat3@physx@@@hullLibArray@physx@@QEAAAEAVfloat3@3@V43@@Z 000000018001ca00 f i hulllib.obj
 0001:0001ba80       ?Add@?$Array@Vint3@physx@@@hullLibArray@physx@@QEAAAEAVint3@3@V43@@Z 000000018001ca80 f i hulllib.obj
 0001:0001f0b0       ?SetSize@?$Array@PEAVTri@physx@@@hullLibArray@physx@@QEAAXH@Z 00000001800200b0 f i hulllib.obj
 0001:0001f120       ?SetSize@?$Array@Vint3@physx@@@hullLibArray@physx@@QEAAXH@Z 0000000180020120 f i hulllib.obj
 0001:0001f4b0       ?allocate@?$Array@H@hullLibArray@physx@@QEAAXH@Z 00000001800204b0 f i hulllib.obj
 0001:0001f550       ?allocate@?$Array@PEAVTri@physx@@@hullLibArray@physx@@QEAAXH@Z 0000000180020550 f i hulllib.obj
 0001:0001f5f0       ?allocate@?$Array@UExpandPlane@physx@@@hullLibArray@physx@@QEAAXH@Z 00000001800205f0 f i hulllib.obj
 0001:0001f6b0       ?allocate@?$Array@VHalfEdge@ConvexH@physx@@@hullLibArray@physx@@QEAAXH@Z 00000001800206b0 f i hulllib.obj
 0001:0001f750       ?allocate@?$Array@VPlane@physx@@@hullLibArray@physx@@QEAAXH@Z 0000000180020750 f i hulllib.obj
 0001:0001f7f0       ?allocate@?$Array@Vfloat3@physx@@@hullLibArray@physx@@QEAAXH@Z 00000001800207f0 f i hulllib.obj
 0001:0001f8b0       ?allocate@?$Array@Vint3@physx@@@hullLibArray@physx@@QEAAXH@Z 00000001800208b0 f i hulllib.obj
 0001:000211b0       __local_stdio_printf_options 00000001800221b0 f i hulllib.obj
 0001:000211c0       printf                     00000001800221c0 f i hulllib.obj
 0001:00021230       ?computeVolumeIntegrals@physx@@YA_NAEBVPxSimpleTriangleMesh@1@MAEAUPxIntegrals@1@@Z 0000000180022230 f   VolumeIntegration.obj
 0001:000212a0       ?computeVolumeIntegralsEberly@physx@@YA_NAEBVPxSimpleTriangleMesh@1@MAEAUPxIntegrals@1@AEBVPxVec3@1@@Z 00000001800222a0 f   VolumeIntegration.obj
 0001:000235f0       ?ComputeNbBoundaryEdges@AdjTriangle@physx@@QEBAIXZ 00000001800245f0 f   Adjacencies.obj
 0001:00023640       ?ComputeNbNeighbors@AdjTriangle@physx@@QEBAIXZ 0000000180024640 f   Adjacencies.obj
 0001:00023690       ?HasNeighbor@AdjTriangle@physx@@QEBA_NIPEAI@Z 0000000180024690 f   Adjacencies.obj
 0001:00023700       ?Flip@AdjTriangle@physx@@QEAAXXZ 0000000180024700 f   Adjacencies.obj
 0001:00023720       ??0Adjacencies@physx@@QEAA@XZ 0000000180024720 f   Adjacencies.obj
 0001:00023740       ??1Adjacencies@physx@@QEAA@XZ 0000000180024740 f   Adjacencies.obj
 0001:00023790       ?Load@Adjacencies@physx@@QEAA_NAEAVPxInputStream@2@@Z 0000000180024790 f   Adjacencies.obj
 0001:000238c0       ?Walk@Adjacencies@physx@@QEAA_NP6AXAEBUCommonWalkParams@2@IIII@ZPEAX@Z 00000001800248c0 f   Adjacencies.obj
 0001:000239c0       ?Walk2@Adjacencies@physx@@QEAA_NP6AXAEBUCommonWalkParams@2@IIII@ZPEAXPEBVPxVec3@2@PEBU?$TriangleT@I@Gu@2@@Z 00000001800249c0 f   Adjacencies.obj
 0001:00023ba0       ?ComputeNbBoundaryEdges@Adjacencies@physx@@QEBAIXZ 0000000180024ba0 f   Adjacencies.obj
 0001:00023c20       ?GetBoundaryVertices@Adjacencies@physx@@QEBA_NIPEA_NPEBU?$TriangleT@I@Gu@2@@Z 0000000180024c20 f   Adjacencies.obj
 0001:00023d80       ?MakeLastRef@Adjacencies@physx@@QEAA_NAEAVAdjTriangle@2@IPEAU?$TriangleT@I@Gu@2@@Z 0000000180024d80 f   Adjacencies.obj
 0001:00023fb0       ?AssignNewEdgeCode@Adjacencies@physx@@AEAAXIE@Z 0000000180024fb0 f   Adjacencies.obj
 0001:00024000       ??0AdjacenciesBuilder@physx@@QEAA@XZ 0000000180025000 f   Adjacencies.obj
 0001:00024020       ??1AdjacenciesBuilder@physx@@QEAA@XZ 0000000180025020 f   Adjacencies.obj
 0001:00024070       ?Init@AdjacenciesBuilder@physx@@QEAA_NAEBUADJACENCIESCREATE@2@@Z 0000000180025070 f   Adjacencies.obj
 0001:00024780       ??0AdjEdge@@QEAA@XZ        0000000180025780 f i Adjacencies.obj
 0001:00024790       ??0AdjTriangle@physx@@QEAA@XZ 0000000180025790 f i Adjacencies.obj
 0001:000247a0       ??1AdjEdge@@QEAA@XZ        00000001800257a0 f i Adjacencies.obj
 0001:000247b0       ??1AdjTriangle@physx@@QEAA@XZ 00000001800257b0 f i Adjacencies.obj
 0001:000247c0       ??_EAdjEdge@@QEAAPEAXI@Z   00000001800257c0 f i Adjacencies.obj
 0001:00024850       ??_EAdjTriangle@physx@@QEAAPEAXI@Z 0000000180025850 f i Adjacencies.obj
 0001:000248e0       ??_I@YAXPEAX_K1P6AX0@Z@Z   00000001800258e0 f i Adjacencies.obj
 0001:000256f0       PxCreateCooking            00000001800266f0 f   Cooking.obj
 0001:000257e0       ?release@Cooking@physx@@UEAAXXZ 00000001800267e0 f   Cooking.obj
 0001:00025810       ?setParams@Cooking@physx@@UEAAXAEBUPxCookingParams@2@@Z 0000000180026810 f   Cooking.obj
 0001:00025860       ?getParams@Cooking@physx@@UEAAAEBUPxCookingParams@2@XZ 0000000180026860 f   Cooking.obj
 0001:00025870       ?platformMismatch@Cooking@physx@@UEAA_NXZ 0000000180026870 f   Cooking.obj
 0001:000258a0       ?cookTriangleMesh@Cooking@physx@@UEAA_NAEBVPxTriangleMeshDesc@2@AEAVPxOutputStream@2@@Z 00000001800268a0 f   Cooking.obj
 0001:00025a20       ?createTriangleMesh@Cooking@physx@@UEAAPEAVPxTriangleMesh@2@AEBVPxTriangleMeshDesc@2@AEAVPxPhysicsInsertionCallback@2@@Z 0000000180026a20 f   Cooking.obj
 0001:00025b80       ?validateTriangleMesh@Cooking@physx@@UEAA_NAEBVPxTriangleMeshDesc@2@@Z 0000000180026b80 f   Cooking.obj
 0001:00025c40       ?cookConvexMesh@Cooking@physx@@UEAA_NAEBVPxConvexMeshDesc@2@AEAVPxOutputStream@2@PEAW4Enum@PxConvexMeshCookingResult@2@@Z 0000000180026c40 f   Cooking.obj
 0001:00025fa0       ?computeHullPolygons@Cooking@physx@@UEAA_NAEBVPxSimpleTriangleMesh@2@AEAVPxAllocatorCallback@2@AEAIAEAPEAVPxVec3@2@2AEAPEAI2AEAPEAUPxHullPolygon@2@@Z 0000000180026fa0 f   Cooking.obj
 0001:00026180       ?cookHeightField@Cooking@physx@@UEAA_NAEBVPxHeightFieldDesc@2@AEAVPxOutputStream@2@@Z 0000000180027180 f   Cooking.obj
 0001:00026360       ?createHeightField@Cooking@physx@@UEAAPEAVPxHeightField@2@AEBVPxHeightFieldDesc@2@AEAVPxPhysicsInsertionCallback@2@@Z 0000000180027360 f   Cooking.obj
 0001:00026530       ?loadTriangleMeshDesc@Cooking@physx@@AEAA_NAEBVPxTriangleMeshDesc@2@AEAVTriangleMeshBuilder@2@@Z 0000000180027530 f   Cooking.obj
 0001:000269d0       ??1PxCooking@physx@@MEAA@XZ 00000001800279d0 f i Cooking.obj
 0001:000269e0       ??_ETriangleMeshBuilder@physx@@WBA@EAAPEAXI@Z 00000001800279e0 f i Cooking.obj
 0001:000269f0       ??_ECooking@physx@@UEAAPEAXI@Z 00000001800279f0 f i Cooking.obj
 0001:000269f0       ??_GCooking@physx@@UEAAPEAXI@Z 00000001800279f0 f i Cooking.obj
 0001:00026a50       ??_EPxCooking@physx@@MEAAPEAXI@Z 0000000180027a50 f i Cooking.obj
 0001:00026a50       ??_GPxCooking@physx@@MEAAPEAXI@Z 0000000180027a50 f i Cooking.obj
 0001:00026a90       ??_ETriangleMeshBuilder@physx@@UEAAPEAXI@Z 0000000180027a90 f i Cooking.obj
 0001:00026a90       ??_GTriangleMeshBuilder@physx@@UEAAPEAXI@Z 0000000180027a90 f i Cooking.obj
 0001:00026b00       ?requires@TriangleMesh@Gu@physx@@UEAAXAEAVPxProcessPxBaseCallback@3@@Z 0000000180027b00 f i Cooking.obj
 0001:00026b10       ??0ReducedVertexCloud@physx@@QEAA@PEBVPxVec3@1@I@Z 0000000180027b10 f   CookingUtils.obj
 0001:00026b30       ??1ReducedVertexCloud@physx@@QEAA@XZ 0000000180027b30 f   CookingUtils.obj
 0001:00026b80       ?Clean@ReducedVertexCloud@physx@@QEAAAEAV12@XZ 0000000180027b80 f   CookingUtils.obj
 0001:00026bd0       ?Reduce@ReducedVertexCloud@physx@@QEAA_NPEAUREDUCEDCLOUD@2@@Z 0000000180027bd0 f   CookingUtils.obj
 0001:00027020       ??0EdgeList@Gu@physx@@QEAA@XZ 0000000180028020 f   EdgeList.obj
 0001:00027040       ??1EdgeList@Gu@physx@@QEAA@XZ 0000000180028040 f   EdgeList.obj
 0001:000270b0       ?Load@EdgeList@Gu@physx@@QEAA_NAEAVPxInputStream@3@@Z 00000001800280b0 f   EdgeList.obj
 0001:00027230       ??0EdgeListBuilder@Gu@physx@@QEAA@XZ 0000000180028230 f   EdgeList.obj
 0001:00027250       ??1EdgeListBuilder@Gu@physx@@QEAA@XZ 0000000180028250 f   EdgeList.obj
 0001:00027260       ?Init@EdgeListBuilder@Gu@physx@@QEAA_NAEBUEDGELISTCREATE@23@@Z 0000000180028260 f   EdgeList.obj
 0001:00027370       ?CreateFacesToEdges@EdgeListBuilder@Gu@physx@@AEAA_NIPEBIPEBG@Z 0000000180028370 f   EdgeList.obj
 0001:00027840       ?CreateEdgesToFaces@EdgeListBuilder@Gu@physx@@AEAA_NIPEBIPEBG@Z 0000000180028840 f   EdgeList.obj
 0001:00027a50       ?ComputeActiveEdges@EdgeListBuilder@Gu@physx@@AEAA_NIPEBIPEBGPEBVPxVec3@3@M@Z 0000000180028a50 f   EdgeList.obj
 0001:00029780       ?OppositeVertex@@YAIIIIII@Z 000000018002a780 f i EdgeList.obj
 0001:000297e0       ??0InternalTriangleMeshBuilder@physx@@QEAA@PEAVInternalTriangleMesh@1@AEBUPxCookingParams@1@@Z 000000018002a7e0 f   InternalTriangleMeshBuilder.obj
 0001:00029800       ??1InternalTriangleMeshBuilder@physx@@QEAA@XZ 000000018002a800 f   InternalTriangleMeshBuilder.obj
 0001:00029860       ?cleanMesh@InternalTriangleMeshBuilder@physx@@QEAA_N_N@Z 000000018002a860 f   InternalTriangleMeshBuilder.obj
 0001:00029d60       ?fillRemapTable@InternalTriangleMeshBuilder@physx@@QEAAXXZ 000000018002ad60 f   InternalTriangleMeshBuilder.obj
 0001:00029e60       ?remapTopology@InternalTriangleMeshBuilder@physx@@QEAAXPEBI@Z 000000018002ae60 f   InternalTriangleMeshBuilder.obj
 0001:0002a0f0       ?createRTree@InternalTriangleMeshBuilder@physx@@QEAA_NXZ 000000018002b0f0 f   InternalTriangleMeshBuilder.obj
 0001:0002a220       ?createSharedEdgeData@InternalTriangleMeshBuilder@physx@@QEAAX_N0@Z 000000018002b220 f   InternalTriangleMeshBuilder.obj
 0001:0002a650       ?releaseEdgeList@InternalTriangleMeshBuilder@physx@@AEAAXXZ 000000018002b650 f   InternalTriangleMeshBuilder.obj
 0001:0002a6b0       ?createEdgeList@InternalTriangleMeshBuilder@physx@@AEAAXXZ 000000018002b6b0 f   InternalTriangleMeshBuilder.obj
 0001:0002abe0       ??1RemapCallback@RTreeCooker@physx@@UEAA@XZ 000000018002bbe0 f i InternalTriangleMeshBuilder.obj
 0001:0002abf0       ??_GRTreeCookerRemap@@UEAAPEAXI@Z 000000018002bbf0 f i InternalTriangleMeshBuilder.obj
 0001:0002abf0       ??_ERTreeCookerRemap@@UEAAPEAXI@Z 000000018002bbf0 f i InternalTriangleMeshBuilder.obj
 0001:0002ac30       ??_ERemapCallback@RTreeCooker@physx@@UEAAPEAXI@Z 000000018002bc30 f i InternalTriangleMeshBuilder.obj
 0001:0002ac30       ??_GRemapCallback@RTreeCooker@physx@@UEAAPEAXI@Z 000000018002bc30 f i InternalTriangleMeshBuilder.obj
 0001:0002ac70       ?remap@RTreeCookerRemap@@UEAAXPEAIII@Z 000000018002bc70 f i InternalTriangleMeshBuilder.obj
 0001:0002ac90       ??0MeshCleaner@physx@@QEAA@IPEBVPxVec3@1@IPEBIM@Z 000000018002bc90 f   MeshCleaner.obj
 0001:0002b5b0       ??1MeshCleaner@physx@@QEAA@XZ 000000018002c5b0 f   MeshCleaner.obj
 0001:0002b862       GetModuleFileNameA         000000018002c862 f   kernel32:KERNEL32.dll
 0001:0002b868       LoadLibraryA               000000018002c868 f   kernel32:KERNEL32.dll
 0001:0002b86e       __imp_load_?writeWord@physx@@YAXG_NAEAVPxOutputStream@1@@Z 000000018002c86e f   PhysX3CommonCHECKED_x64:PhysX3CommonCHECKED_x64.dll
 0001:0002b87a       __tailMerge_PhysX3CommonCHECKED_x64_dll 000000018002c87a f i PhysX3CommonCHECKED_x64:PhysX3CommonCHECKED_x64.dll
 0001:0002b8f3       ?writeWord@physx@@YAXG_NAEAVPxOutputStream@1@@Z 000000018002c8f3 f   PhysX3CommonCHECKED_x64:PhysX3CommonCHECKED_x64.dll
 0001:0002b8f9       __imp_load_?writeDword@physx@@YAXI_NAEAVPxOutputStream@1@@Z 000000018002c8f9 f   PhysX3CommonCHECKED_x64:PhysX3CommonCHECKED_x64.dll
 0001:0002b905       ?writeDword@physx@@YAXI_NAEAVPxOutputStream@1@@Z 000000018002c905 f   PhysX3CommonCHECKED_x64:PhysX3CommonCHECKED_x64.dll
 0001:0002b90b       __imp_load_?writeFloat@physx@@YAXM_NAEAVPxOutputStream@1@@Z 000000018002c90b f   PhysX3CommonCHECKED_x64:PhysX3CommonCHECKED_x64.dll
 0001:0002b917       ?writeFloat@physx@@YAXM_NAEAVPxOutputStream@1@@Z 000000018002c917 f   PhysX3CommonCHECKED_x64:PhysX3CommonCHECKED_x64.dll
 0001:0002b91d       __imp_load_?writeHeader@physx@@YA_NCCCCI_NAEAVPxOutputStream@1@@Z 000000018002c91d f   PhysX3CommonCHECKED_x64:PhysX3CommonCHECKED_x64.dll
 0001:0002b929       ?writeHeader@physx@@YA_NCCCCI_NAEAVPxOutputStream@1@@Z 000000018002c929 f   PhysX3CommonCHECKED_x64:PhysX3CommonCHECKED_x64.dll
 0001:0002b92f       __imp_load_?allocate@Allocator@shdfnd@physx@@QEAAPEAX_KPEBDH@Z 000000018002c92f f   PhysX3CommonCHECKED_x64:PhysX3CommonCHECKED_x64.dll
 0001:0002b93b       ?allocate@Allocator@shdfnd@physx@@QEAAPEAX_KPEBDH@Z 000000018002c93b f   PhysX3CommonCHECKED_x64:PhysX3CommonCHECKED_x64.dll
 0001:0002b941       __imp_load_??0NamedAllocator@shdfnd@physx@@QEAA@PEBD@Z 000000018002c941 f   PhysX3CommonCHECKED_x64:PhysX3CommonCHECKED_x64.dll
 0001:0002b94d       ??0NamedAllocator@shdfnd@physx@@QEAA@PEBD@Z 000000018002c94d f   PhysX3CommonCHECKED_x64:PhysX3CommonCHECKED_x64.dll
 0001:0002b953       __imp_load_??0NamedAllocator@shdfnd@physx@@QEAA@AEBV012@@Z 000000018002c953 f   PhysX3CommonCHECKED_x64:PhysX3CommonCHECKED_x64.dll
 0001:0002b95f       ??0NamedAllocator@shdfnd@physx@@QEAA@AEBV012@@Z 000000018002c95f f   PhysX3CommonCHECKED_x64:PhysX3CommonCHECKED_x64.dll
 0001:0002b965       __imp_load_??1NamedAllocator@shdfnd@physx@@QEAA@XZ 000000018002c965 f   PhysX3CommonCHECKED_x64:PhysX3CommonCHECKED_x64.dll
 0001:0002b971       ??1NamedAllocator@shdfnd@physx@@QEAA@XZ 000000018002c971 f   PhysX3CommonCHECKED_x64:PhysX3CommonCHECKED_x64.dll
 0001:0002b977       __imp_load_?allocate@NamedAllocator@shdfnd@physx@@QEAAPEAX_KPEBDH@Z 000000018002c977 f   PhysX3CommonCHECKED_x64:PhysX3CommonCHECKED_x64.dll
 0001:0002b983       ?allocate@NamedAllocator@shdfnd@physx@@QEAAPEAX_KPEBDH@Z 000000018002c983 f   PhysX3CommonCHECKED_x64:PhysX3CommonCHECKED_x64.dll
 0001:0002b989       __imp_load_?deallocate@NamedAllocator@shdfnd@physx@@QEAAXPEAX@Z 000000018002c989 f   PhysX3CommonCHECKED_x64:PhysX3CommonCHECKED_x64.dll
 0001:0002b995       ?deallocate@NamedAllocator@shdfnd@physx@@QEAAXPEAX@Z 000000018002c995 f   PhysX3CommonCHECKED_x64:PhysX3CommonCHECKED_x64.dll
 0001:0002b99b       __imp_load_?allocate@TempAllocator@shdfnd@physx@@QEAAPEAX_KPEBDH@Z 000000018002c99b f   PhysX3CommonCHECKED_x64:PhysX3CommonCHECKED_x64.dll
 0001:0002b9a7       ?allocate@TempAllocator@shdfnd@physx@@QEAAPEAX_KPEBDH@Z 000000018002c9a7 f   PhysX3CommonCHECKED_x64:PhysX3CommonCHECKED_x64.dll
 0001:0002b9ad       __imp_load_?deallocate@TempAllocator@shdfnd@physx@@QEAAXPEAX@Z 000000018002c9ad f   PhysX3CommonCHECKED_x64:PhysX3CommonCHECKED_x64.dll
 0001:0002b9b9       ?deallocate@TempAllocator@shdfnd@physx@@QEAAXPEAX@Z 000000018002c9b9 f   PhysX3CommonCHECKED_x64:PhysX3CommonCHECKED_x64.dll
 0001:0002b9bf       __imp_load_?computeBoundsAroundVertices@Gu@physx@@YAXAEAVPxBounds3@2@IPEIBVPxVec3@2@@Z 000000018002c9bf f   PhysX3CommonCHECKED_x64:PhysX3CommonCHECKED_x64.dll
 0001:0002b9cb       ?computeBoundsAroundVertices@Gu@physx@@YAXAEAVPxBounds3@2@IPEIBVPxVec3@2@@Z 000000018002c9cb f   PhysX3CommonCHECKED_x64:PhysX3CommonCHECKED_x64.dll
 0001:0002b9d1       __imp_load_PxGetFoundation 000000018002c9d1 f   PhysX3CommonCHECKED_x64:PhysX3CommonCHECKED_x64.dll
 0001:0002b9dd       PxGetFoundation            000000018002c9dd f   PhysX3CommonCHECKED_x64:PhysX3CommonCHECKED_x64.dll
 0001:0002b9e3       __imp_load_?getAllocator@shdfnd@physx@@YAAEAVPxAllocatorCallback@2@XZ 000000018002c9e3 f   PhysX3CommonCHECKED_x64:PhysX3CommonCHECKED_x64.dll
 0001:0002b9ef       ?getAllocator@shdfnd@physx@@YAAEAVPxAllocatorCallback@2@XZ 000000018002c9ef f   PhysX3CommonCHECKED_x64:PhysX3CommonCHECKED_x64.dll
 0001:0002b9f5       __imp_load_?deallocate@Allocator@shdfnd@physx@@QEAAXPEAX@Z 000000018002c9f5 f   PhysX3CommonCHECKED_x64:PhysX3CommonCHECKED_x64.dll
 0001:0002ba01       ?deallocate@Allocator@shdfnd@physx@@QEAAXPEAX@Z 000000018002ca01 f   PhysX3CommonCHECKED_x64:PhysX3CommonCHECKED_x64.dll
 0001:0002ba07       __imp_load_?getInstance@Foundation@shdfnd@physx@@SAAEAV123@XZ 000000018002ca07 f   PhysX3CommonCHECKED_x64:PhysX3CommonCHECKED_x64.dll
 0001:0002ba13       ?getInstance@Foundation@shdfnd@physx@@SAAEAV123@XZ 000000018002ca13 f   PhysX3CommonCHECKED_x64:PhysX3CommonCHECKED_x64.dll
 0001:0002ba19       __imp_load_?error@Foundation@shdfnd@physx@@QEAAXW4Enum@PxErrorCode@3@PEBDH1ZZ 000000018002ca19 f   PhysX3CommonCHECKED_x64:PhysX3CommonCHECKED_x64.dll
 0001:0002ba25       ?error@Foundation@shdfnd@physx@@QEAAXW4Enum@PxErrorCode@3@PEBDH1ZZ 000000018002ca25 f   PhysX3CommonCHECKED_x64:PhysX3CommonCHECKED_x64.dll
 0001:0002ba2b       __imp_load_?save@RTree@Gu@physx@@QEBA_NAEAVPxOutputStream@3@@Z 000000018002ca2b f   PhysX3CommonCHECKED_x64:PhysX3CommonCHECKED_x64.dll
 0001:0002ba37       ?save@RTree@Gu@physx@@QEBA_NAEAVPxOutputStream@3@@Z 000000018002ca37 f   PhysX3CommonCHECKED_x64:PhysX3CommonCHECKED_x64.dll
 0001:0002ba3d       __imp_load_?release@InternalTriangleMesh@physx@@QEAAXXZ 000000018002ca3d f   PhysX3CommonCHECKED_x64:PhysX3CommonCHECKED_x64.dll
 0001:0002ba49       ?release@InternalTriangleMesh@physx@@QEAAXXZ 000000018002ca49 f   PhysX3CommonCHECKED_x64:PhysX3CommonCHECKED_x64.dll
 0001:0002ba4f       __imp_load_?allocateVertices@InternalTriangleMesh@physx@@QEAAPEAVPxVec3@2@I@Z 000000018002ca4f f   PhysX3CommonCHECKED_x64:PhysX3CommonCHECKED_x64.dll
 0001:0002ba5b       ?allocateVertices@InternalTriangleMesh@physx@@QEAAPEAVPxVec3@2@I@Z 000000018002ca5b f   PhysX3CommonCHECKED_x64:PhysX3CommonCHECKED_x64.dll
 0001:0002ba61       __imp_load_?allocateTriangles@InternalTriangleMesh@physx@@QEAAPEAXI_N@Z 000000018002ca61 f   PhysX3CommonCHECKED_x64:PhysX3CommonCHECKED_x64.dll
 0001:0002ba6d       ?allocateTriangles@InternalTriangleMesh@physx@@QEAAPEAXI_N@Z 000000018002ca6d f   PhysX3CommonCHECKED_x64:PhysX3CommonCHECKED_x64.dll
 0001:0002ba73       __imp_load_?allocateMaterials@InternalTriangleMesh@physx@@QEAAPEAGXZ 000000018002ca73 f   PhysX3CommonCHECKED_x64:PhysX3CommonCHECKED_x64.dll
 0001:0002ba7f       ?allocateMaterials@InternalTriangleMesh@physx@@QEAAPEAGXZ 000000018002ca7f f   PhysX3CommonCHECKED_x64:PhysX3CommonCHECKED_x64.dll
 0001:0002ba85       __imp_load_?writeWordBuffer@physx@@YAXPEBGI_NAEAVPxOutputStream@1@@Z 000000018002ca85 f   PhysX3CommonCHECKED_x64:PhysX3CommonCHECKED_x64.dll
 0001:0002ba91       ?writeWordBuffer@physx@@YAXPEBGI_NAEAVPxOutputStream@1@@Z 000000018002ca91 f   PhysX3CommonCHECKED_x64:PhysX3CommonCHECKED_x64.dll
 0001:0002ba97       __imp_load_?writeFloatBuffer@physx@@YAXPEBMI_NAEAVPxOutputStream@1@@Z 000000018002ca97 f   PhysX3CommonCHECKED_x64:PhysX3CommonCHECKED_x64.dll
 0001:0002baa3       ?writeFloatBuffer@physx@@YAXPEBMI_NAEAVPxOutputStream@1@@Z 000000018002caa3 f   PhysX3CommonCHECKED_x64:PhysX3CommonCHECKED_x64.dll
 0001:0002baa9       __imp_load_?computeMaxIndex@physx@@YAIPEBII@Z 000000018002caa9 f   PhysX3CommonCHECKED_x64:PhysX3CommonCHECKED_x64.dll
 0001:0002bab5       ?computeMaxIndex@physx@@YAIPEBII@Z 000000018002cab5 f   PhysX3CommonCHECKED_x64:PhysX3CommonCHECKED_x64.dll
 0001:0002babb       __imp_load_?storeIndices@physx@@YAXIIPEBIAEAVPxOutputStream@1@_N@Z 000000018002cabb f   PhysX3CommonCHECKED_x64:PhysX3CommonCHECKED_x64.dll
 0001:0002bac7       ?storeIndices@physx@@YAXIIPEBIAEAVPxOutputStream@1@_N@Z 000000018002cac7 f   PhysX3CommonCHECKED_x64:PhysX3CommonCHECKED_x64.dll
 0001:0002bacd       __imp_load_?computeMaxIndex@physx@@YAGPEBGI@Z 000000018002cacd f   PhysX3CommonCHECKED_x64:PhysX3CommonCHECKED_x64.dll
 0001:0002bad9       ?computeMaxIndex@physx@@YAGPEBGI@Z 000000018002cad9 f   PhysX3CommonCHECKED_x64:PhysX3CommonCHECKED_x64.dll
 0001:0002badf       __imp_load_?WriteHeader@Gu@physx@@YA_NEEEEI_NAEAVPxOutputStream@2@@Z 000000018002cadf f   PhysX3CommonCHECKED_x64:PhysX3CommonCHECKED_x64.dll
 0001:0002baeb       ?WriteHeader@Gu@physx@@YA_NEEEEI_NAEAVPxOutputStream@2@@Z 000000018002caeb f   PhysX3CommonCHECKED_x64:PhysX3CommonCHECKED_x64.dll
 0001:0002baf1       __imp_load_?StoreIndices@Gu@physx@@YAXGIPEBGAEAVPxOutputStream@2@_N@Z 000000018002caf1 f   PhysX3CommonCHECKED_x64:PhysX3CommonCHECKED_x64.dll
 0001:0002bafd       ?StoreIndices@Gu@physx@@YAXGIPEBGAEAVPxOutputStream@2@_N@Z 000000018002cafd f   PhysX3CommonCHECKED_x64:PhysX3CommonCHECKED_x64.dll
 0001:0002bb03       __imp_load_?CreateOffsets@BigConvexData@physx@@IEAAXXZ 000000018002cb03 f   PhysX3CommonCHECKED_x64:PhysX3CommonCHECKED_x64.dll
 0001:0002bb0f       ?CreateOffsets@BigConvexData@physx@@IEAAXXZ 000000018002cb0f f   PhysX3CommonCHECKED_x64:PhysX3CommonCHECKED_x64.dll
 0001:0002bb15       __imp_load_??0RadixSortBuffered@Gu@physx@@QEAA@XZ 000000018002cb15 f   PhysX3CommonCHECKED_x64:PhysX3CommonCHECKED_x64.dll
 0001:0002bb21       ??0RadixSortBuffered@Gu@physx@@QEAA@XZ 000000018002cb21 f   PhysX3CommonCHECKED_x64:PhysX3CommonCHECKED_x64.dll
 0001:0002bb27       __imp_load_??1RadixSortBuffered@Gu@physx@@UEAA@XZ 000000018002cb27 f   PhysX3CommonCHECKED_x64:PhysX3CommonCHECKED_x64.dll
 0001:0002bb33       ??1RadixSortBuffered@Gu@physx@@UEAA@XZ 000000018002cb33 f   PhysX3CommonCHECKED_x64:PhysX3CommonCHECKED_x64.dll
 0001:0002bb39       __imp_load_?Sort@RadixSortBuffered@Gu@physx@@QEAAAEAV123@PEBIIW4RadixHint@23@@Z 000000018002cb39 f   PhysX3CommonCHECKED_x64:PhysX3CommonCHECKED_x64.dll
 0001:0002bb45       ?Sort@RadixSortBuffered@Gu@physx@@QEAAAEAV123@PEBIIW4RadixHint@23@@Z 000000018002cb45 f   PhysX3CommonCHECKED_x64:PhysX3CommonCHECKED_x64.dll
 0001:0002bb4b       __imp_load_??0Container@Gu@physx@@QEAA@XZ 000000018002cb4b f   PhysX3CommonCHECKED_x64:PhysX3CommonCHECKED_x64.dll
 0001:0002bb57       ??0Container@Gu@physx@@QEAA@XZ 000000018002cb57 f   PhysX3CommonCHECKED_x64:PhysX3CommonCHECKED_x64.dll
 0001:0002bb5d       __imp_load_??0Container@Gu@physx@@QEAA@AEBV012@@Z 000000018002cb5d f   PhysX3CommonCHECKED_x64:PhysX3CommonCHECKED_x64.dll
 0001:0002bb69       ??0Container@Gu@physx@@QEAA@AEBV012@@Z 000000018002cb69 f   PhysX3CommonCHECKED_x64:PhysX3CommonCHECKED_x64.dll
 0001:0002bb6f       __imp_load_??1Container@Gu@physx@@QEAA@XZ 000000018002cb6f f   PhysX3CommonCHECKED_x64:PhysX3CommonCHECKED_x64.dll
 0001:0002bb7b       ??1Container@Gu@physx@@QEAA@XZ 000000018002cb7b f   PhysX3CommonCHECKED_x64:PhysX3CommonCHECKED_x64.dll
 0001:0002bb81       __imp_load_?Empty@Container@Gu@physx@@QEAAAEAV123@XZ 000000018002cb81 f   PhysX3CommonCHECKED_x64:PhysX3CommonCHECKED_x64.dll
 0001:0002bb8d       ?Empty@Container@Gu@physx@@QEAAAEAV123@XZ 000000018002cb8d f   PhysX3CommonCHECKED_x64:PhysX3CommonCHECKED_x64.dll
 0001:0002bb93       __imp_load_?Contains@Container@Gu@physx@@QEBA_NIPEAI@Z 000000018002cb93 f   PhysX3CommonCHECKED_x64:PhysX3CommonCHECKED_x64.dll
 0001:0002bb9f       ?Contains@Container@Gu@physx@@QEBA_NIPEAI@Z 000000018002cb9f f   PhysX3CommonCHECKED_x64:PhysX3CommonCHECKED_x64.dll
 0001:0002bba5       __imp_load_??4Container@Gu@physx@@QEAAXAEBV012@@Z 000000018002cba5 f   PhysX3CommonCHECKED_x64:PhysX3CommonCHECKED_x64.dll
 0001:0002bbb1       ??4Container@Gu@physx@@QEAAXAEBV012@@Z 000000018002cbb1 f   PhysX3CommonCHECKED_x64:PhysX3CommonCHECKED_x64.dll
 0001:0002bbb7       __imp_load_?Resize@Container@Gu@physx@@AEAA_NI@Z 000000018002cbb7 f   PhysX3CommonCHECKED_x64:PhysX3CommonCHECKED_x64.dll
 0001:0002bbc3       ?Resize@Container@Gu@physx@@AEAA_NI@Z 000000018002cbc3 f   PhysX3CommonCHECKED_x64:PhysX3CommonCHECKED_x64.dll
 0001:0002bbc9       __imp_load_??0ConvexMesh@Gu@physx@@QEAA@XZ 000000018002cbc9 f   PhysX3CommonCHECKED_x64:PhysX3CommonCHECKED_x64.dll
 0001:0002bbd5       ??0ConvexMesh@Gu@physx@@QEAA@XZ 000000018002cbd5 f   PhysX3CommonCHECKED_x64:PhysX3CommonCHECKED_x64.dll
 0001:0002bbdb       __imp_load_??1ConvexMesh@Gu@physx@@UEAA@XZ 000000018002cbdb f   PhysX3CommonCHECKED_x64:PhysX3CommonCHECKED_x64.dll
 0001:0002bbe7       ??1ConvexMesh@Gu@physx@@UEAA@XZ 000000018002cbe7 f   PhysX3CommonCHECKED_x64:PhysX3CommonCHECKED_x64.dll
 0001:0002bbed       __imp_load_??0BigConvexData@physx@@QEAA@XZ 000000018002cbed f   PhysX3CommonCHECKED_x64:PhysX3CommonCHECKED_x64.dll
 0001:0002bbf9       ??0BigConvexData@physx@@QEAA@XZ 000000018002cbf9 f   PhysX3CommonCHECKED_x64:PhysX3CommonCHECKED_x64.dll
 0001:0002bbff       __imp_load_??1BigConvexData@physx@@QEAA@XZ 000000018002cbff f   PhysX3CommonCHECKED_x64:PhysX3CommonCHECKED_x64.dll
 0001:0002bc0b       ??1BigConvexData@physx@@QEAA@XZ 000000018002cc0b f   PhysX3CommonCHECKED_x64:PhysX3CommonCHECKED_x64.dll
 0001:0002bc11       __imp_load_?exportExtraData@ConvexMesh@Gu@physx@@UEAAXAEAVPxSerializationContext@3@@Z 000000018002cc11 f   PhysX3CommonCHECKED_x64:PhysX3CommonCHECKED_x64.dll
 0001:0002bc1d       ?exportExtraData@ConvexMesh@Gu@physx@@UEAAXAEAVPxSerializationContext@3@@Z 000000018002cc1d f   PhysX3CommonCHECKED_x64:PhysX3CommonCHECKED_x64.dll
 0001:0002bc23       __imp_load_?getConcreteTypeName@PxConvexMesh@physx@@UEBAPEBDXZ 000000018002cc23 f   PhysX3CommonCHECKED_x64:PhysX3CommonCHECKED_x64.dll
 0001:0002bc2f       ?getConcreteTypeName@PxConvexMesh@physx@@UEBAPEBDXZ 000000018002cc2f f   PhysX3CommonCHECKED_x64:PhysX3CommonCHECKED_x64.dll
 0001:0002bc35       __imp_load_?getIndexBuffer@ConvexMesh@Gu@physx@@UEBAPEBEXZ 000000018002cc35 f   PhysX3CommonCHECKED_x64:PhysX3CommonCHECKED_x64.dll
 0001:0002bc41       ?getIndexBuffer@ConvexMesh@Gu@physx@@UEBAPEBEXZ 000000018002cc41 f   PhysX3CommonCHECKED_x64:PhysX3CommonCHECKED_x64.dll
 0001:0002bc47       __imp_load_?getLocalBounds@ConvexMesh@Gu@physx@@UEBA?AVPxBounds3@3@XZ 000000018002cc47 f   PhysX3CommonCHECKED_x64:PhysX3CommonCHECKED_x64.dll
 0001:0002bc53       ?getLocalBounds@ConvexMesh@Gu@physx@@UEBA?AVPxBounds3@3@XZ 000000018002cc53 f   PhysX3CommonCHECKED_x64:PhysX3CommonCHECKED_x64.dll
 0001:0002bc59       __imp_load_?getMassInformation@ConvexMesh@Gu@physx@@UEBAXAEAMAEAVPxMat33@3@AEAVPxVec3@3@@Z 000000018002cc59 f   PhysX3CommonCHECKED_x64:PhysX3CommonCHECKED_x64.dll
 0001:0002bc65       ?getMassInformation@ConvexMesh@Gu@physx@@UEBAXAEAMAEAVPxMat33@3@AEAVPxVec3@3@@Z 000000018002cc65 f   PhysX3CommonCHECKED_x64:PhysX3CommonCHECKED_x64.dll
 0001:0002bc6b       __imp_load_?getNbPolygons@ConvexMesh@Gu@physx@@UEBAIXZ 000000018002cc6b f   PhysX3CommonCHECKED_x64:PhysX3CommonCHECKED_x64.dll
 0001:0002bc77       ?getNbPolygons@ConvexMesh@Gu@physx@@UEBAIXZ 000000018002cc77 f   PhysX3CommonCHECKED_x64:PhysX3CommonCHECKED_x64.dll
 0001:0002bc7d       __imp_load_?getNbVertices@ConvexMesh@Gu@physx@@UEBAIXZ 000000018002cc7d f   PhysX3CommonCHECKED_x64:PhysX3CommonCHECKED_x64.dll
 0001:0002bc89       ?getNbVertices@ConvexMesh@Gu@physx@@UEBAIXZ 000000018002cc89 f   PhysX3CommonCHECKED_x64:PhysX3CommonCHECKED_x64.dll
 0001:0002bc8f       __imp_load_?getPolygonData@ConvexMesh@Gu@physx@@UEBA_NIAEAUPxHullPolygon@3@@Z 000000018002cc8f f   PhysX3CommonCHECKED_x64:PhysX3CommonCHECKED_x64.dll
 0001:0002bc9b       ?getPolygonData@ConvexMesh@Gu@physx@@UEBA_NIAEAUPxHullPolygon@3@@Z 000000018002cc9b f   PhysX3CommonCHECKED_x64:PhysX3CommonCHECKED_x64.dll
 0001:0002bca1       __imp_load_?getReferenceCount@ConvexMesh@Gu@physx@@UEBAIXZ 000000018002cca1 f   PhysX3CommonCHECKED_x64:PhysX3CommonCHECKED_x64.dll
 0001:0002bcad       ?getReferenceCount@ConvexMesh@Gu@physx@@UEBAIXZ 000000018002ccad f   PhysX3CommonCHECKED_x64:PhysX3CommonCHECKED_x64.dll
 0001:0002bcb3       __imp_load_?getVertices@ConvexMesh@Gu@physx@@UEBAPEBVPxVec3@3@XZ 000000018002ccb3 f   PhysX3CommonCHECKED_x64:PhysX3CommonCHECKED_x64.dll
 0001:0002bcbf       ?getVertices@ConvexMesh@Gu@physx@@UEBAPEBVPxVec3@3@XZ 000000018002ccbf f   PhysX3CommonCHECKED_x64:PhysX3CommonCHECKED_x64.dll
 0001:0002bcc5       __imp_load_?isKindOf@PxConvexMesh@physx@@MEBA_NPEBD@Z 000000018002ccc5 f   PhysX3CommonCHECKED_x64:PhysX3CommonCHECKED_x64.dll
 0001:0002bcd1       ?isKindOf@PxConvexMesh@physx@@MEBA_NPEBD@Z 000000018002ccd1 f   PhysX3CommonCHECKED_x64:PhysX3CommonCHECKED_x64.dll
 0001:0002bcd7       __imp_load_?onRefCountZero@ConvexMesh@Gu@physx@@UEAAXXZ 000000018002ccd7 f   PhysX3CommonCHECKED_x64:PhysX3CommonCHECKED_x64.dll
 0001:0002bce3       ?onRefCountZero@ConvexMesh@Gu@physx@@UEAAXXZ 000000018002cce3 f   PhysX3CommonCHECKED_x64:PhysX3CommonCHECKED_x64.dll
 0001:0002bce9       __imp_load_?release@ConvexMesh@Gu@physx@@UEAAXXZ 000000018002cce9 f   PhysX3CommonCHECKED_x64:PhysX3CommonCHECKED_x64.dll
 0001:0002bcf5       ?release@ConvexMesh@Gu@physx@@UEAAXXZ 000000018002ccf5 f   PhysX3CommonCHECKED_x64:PhysX3CommonCHECKED_x64.dll
 0001:0002bcfb       __imp_load_?readDword@physx@@YAI_NAEAVPxInputStream@1@@Z 000000018002ccfb f   PhysX3CommonCHECKED_x64:PhysX3CommonCHECKED_x64.dll
 0001:0002bd07       ?readDword@physx@@YAI_NAEAVPxInputStream@1@@Z 000000018002cd07 f   PhysX3CommonCHECKED_x64:PhysX3CommonCHECKED_x64.dll
 0001:0002bd0d       __imp_load_?ReadHeader@Gu@physx@@YA_NEEEEAEAIAEA_NAEAVPxInputStream@2@@Z 000000018002cd0d f   PhysX3CommonCHECKED_x64:PhysX3CommonCHECKED_x64.dll
 0001:0002bd19       ?ReadHeader@Gu@physx@@YA_NEEEEAEAIAEA_NAEAVPxInputStream@2@@Z 000000018002cd19 f   PhysX3CommonCHECKED_x64:PhysX3CommonCHECKED_x64.dll
 0001:0002bd1f       __imp_load_??0FPUGuard@shdfnd@physx@@QEAA@XZ 000000018002cd1f f   PhysX3CommonCHECKED_x64:PhysX3CommonCHECKED_x64.dll
 0001:0002bd2b       ??0FPUGuard@shdfnd@physx@@QEAA@XZ 000000018002cd2b f   PhysX3CommonCHECKED_x64:PhysX3CommonCHECKED_x64.dll
 0001:0002bd31       __imp_load_??1FPUGuard@shdfnd@physx@@QEAA@XZ 000000018002cd31 f   PhysX3CommonCHECKED_x64:PhysX3CommonCHECKED_x64.dll
 0001:0002bd3d       ??1FPUGuard@shdfnd@physx@@QEAA@XZ 000000018002cd3d f   PhysX3CommonCHECKED_x64:PhysX3CommonCHECKED_x64.dll
 0001:0002bd43       __imp_load_?incRefCount@Foundation@shdfnd@physx@@SAXXZ 000000018002cd43 f   PhysX3CommonCHECKED_x64:PhysX3CommonCHECKED_x64.dll
 0001:0002bd4f       ?incRefCount@Foundation@shdfnd@physx@@SAXXZ 000000018002cd4f f   PhysX3CommonCHECKED_x64:PhysX3CommonCHECKED_x64.dll
 0001:0002bd55       __imp_load_?decRefCount@Foundation@shdfnd@physx@@SAXXZ 000000018002cd55 f   PhysX3CommonCHECKED_x64:PhysX3CommonCHECKED_x64.dll
 0001:0002bd61       ?decRefCount@Foundation@shdfnd@physx@@SAXXZ 000000018002cd61 f   PhysX3CommonCHECKED_x64:PhysX3CommonCHECKED_x64.dll
 0001:0002bd67       __imp_load_??0TriangleMesh@Gu@physx@@QEAA@XZ 000000018002cd67 f   PhysX3CommonCHECKED_x64:PhysX3CommonCHECKED_x64.dll
 0001:0002bd73       ??0TriangleMesh@Gu@physx@@QEAA@XZ 000000018002cd73 f   PhysX3CommonCHECKED_x64:PhysX3CommonCHECKED_x64.dll
 0001:0002bd79       __imp_load_?checkMeshIndicesSize@TriangleMesh@Gu@physx@@QEAAXXZ 000000018002cd79 f   PhysX3CommonCHECKED_x64:PhysX3CommonCHECKED_x64.dll
 0001:0002bd85       ?checkMeshIndicesSize@TriangleMesh@Gu@physx@@QEAAXXZ 000000018002cd85 f   PhysX3CommonCHECKED_x64:PhysX3CommonCHECKED_x64.dll
 0001:0002bd8b       __imp_load_??1TriangleMesh@Gu@physx@@UEAA@XZ 000000018002cd8b f   PhysX3CommonCHECKED_x64:PhysX3CommonCHECKED_x64.dll
 0001:0002bd97       ??1TriangleMesh@Gu@physx@@UEAA@XZ 000000018002cd97 f   PhysX3CommonCHECKED_x64:PhysX3CommonCHECKED_x64.dll
 0001:0002bd9d       __imp_load_??0HeightField@Gu@physx@@QEAA@PEAVGuMeshFactory@2@@Z 000000018002cd9d f   PhysX3CommonCHECKED_x64:PhysX3CommonCHECKED_x64.dll
 0001:0002bda9       ??0HeightField@Gu@physx@@QEAA@PEAVGuMeshFactory@2@@Z 000000018002cda9 f   PhysX3CommonCHECKED_x64:PhysX3CommonCHECKED_x64.dll
 0001:0002bdaf       __imp_load_?loadFromDesc@HeightField@Gu@physx@@QEAA_NAEBVPxHeightFieldDesc@3@_N@Z 000000018002cdaf f   PhysX3CommonCHECKED_x64:PhysX3CommonCHECKED_x64.dll
 0001:0002bdbb       ?loadFromDesc@HeightField@Gu@physx@@QEAA_NAEBVPxHeightFieldDesc@3@_N@Z 000000018002cdbb f   PhysX3CommonCHECKED_x64:PhysX3CommonCHECKED_x64.dll
 0001:0002bdc1       __imp_load_?releaseMemory@HeightField@Gu@physx@@QEAAX_N@Z 000000018002cdc1 f   PhysX3CommonCHECKED_x64:PhysX3CommonCHECKED_x64.dll
 0001:0002bdcd       ?releaseMemory@HeightField@Gu@physx@@QEAAX_N@Z 000000018002cdcd f   PhysX3CommonCHECKED_x64:PhysX3CommonCHECKED_x64.dll
 0001:0002bdd3       __imp_load_?exportExtraData@TriangleMesh@Gu@physx@@UEAAXAEAVPxSerializationContext@3@@Z 000000018002cdd3 f   PhysX3CommonCHECKED_x64:PhysX3CommonCHECKED_x64.dll
 0001:0002bddf       ?exportExtraData@TriangleMesh@Gu@physx@@UEAAXAEAVPxSerializationContext@3@@Z 000000018002cddf f   PhysX3CommonCHECKED_x64:PhysX3CommonCHECKED_x64.dll
 0001:0002bde5       __imp_load_?getConcreteTypeName@PxTriangleMesh@physx@@UEBAPEBDXZ 000000018002cde5 f   PhysX3CommonCHECKED_x64:PhysX3CommonCHECKED_x64.dll
 0001:0002bdf1       ?getConcreteTypeName@PxTriangleMesh@physx@@UEBAPEBDXZ 000000018002cdf1 f   PhysX3CommonCHECKED_x64:PhysX3CommonCHECKED_x64.dll
 0001:0002bdf7       __imp_load_?getLocalBounds@TriangleMesh@Gu@physx@@UEBA?AVPxBounds3@3@XZ 000000018002cdf7 f   PhysX3CommonCHECKED_x64:PhysX3CommonCHECKED_x64.dll
 0001:0002be03       ?getLocalBounds@TriangleMesh@Gu@physx@@UEBA?AVPxBounds3@3@XZ 000000018002ce03 f   PhysX3CommonCHECKED_x64:PhysX3CommonCHECKED_x64.dll
 0001:0002be09       __imp_load_?getNbTriangles@TriangleMesh@Gu@physx@@UEBAIXZ 000000018002ce09 f   PhysX3CommonCHECKED_x64:PhysX3CommonCHECKED_x64.dll
 0001:0002be15       ?getNbTriangles@TriangleMesh@Gu@physx@@UEBAIXZ 000000018002ce15 f   PhysX3CommonCHECKED_x64:PhysX3CommonCHECKED_x64.dll
 0001:0002be1b       __imp_load_?getNbVertices@TriangleMesh@Gu@physx@@UEBAIXZ 000000018002ce1b f   PhysX3CommonCHECKED_x64:PhysX3CommonCHECKED_x64.dll
 0001:0002be27       ?getNbVertices@TriangleMesh@Gu@physx@@UEBAIXZ 000000018002ce27 f   PhysX3CommonCHECKED_x64:PhysX3CommonCHECKED_x64.dll
 0001:0002be2d       __imp_load_?getReferenceCount@TriangleMesh@Gu@physx@@UEBAIXZ 000000018002ce2d f   PhysX3CommonCHECKED_x64:PhysX3CommonCHECKED_x64.dll
 0001:0002be39       ?getReferenceCount@TriangleMesh@Gu@physx@@UEBAIXZ 000000018002ce39 f   PhysX3CommonCHECKED_x64:PhysX3CommonCHECKED_x64.dll
 0001:0002be3f       __imp_load_?getTriangleMaterialIndex@TriangleMesh@Gu@physx@@UEBAGI@Z 000000018002ce3f f   PhysX3CommonCHECKED_x64:PhysX3CommonCHECKED_x64.dll
 0001:0002be4b       ?getTriangleMaterialIndex@TriangleMesh@Gu@physx@@UEBAGI@Z 000000018002ce4b f   PhysX3CommonCHECKED_x64:PhysX3CommonCHECKED_x64.dll
 0001:0002be51       __imp_load_?getTriangleMeshFlags@TriangleMesh@Gu@physx@@UEBA?AV?$PxFlags@W4Enum@PxTriangleMeshFlag@physx@@E@3@XZ 000000018002ce51 f   PhysX3CommonCHECKED_x64:PhysX3CommonCHECKED_x64.dll
 0001:0002be5d       ?getTriangleMeshFlags@TriangleMesh@Gu@physx@@UEBA?AV?$PxFlags@W4Enum@PxTriangleMeshFlag@physx@@E@3@XZ 000000018002ce5d f   PhysX3CommonCHECKED_x64:PhysX3CommonCHECKED_x64.dll
 0001:0002be63       __imp_load_?getTriangles@TriangleMesh@Gu@physx@@UEBAPEBXXZ 000000018002ce63 f   PhysX3CommonCHECKED_x64:PhysX3CommonCHECKED_x64.dll
 0001:0002be6f       ?getTriangles@TriangleMesh@Gu@physx@@UEBAPEBXXZ 000000018002ce6f f   PhysX3CommonCHECKED_x64:PhysX3CommonCHECKED_x64.dll
 0001:0002be75       __imp_load_?getTrianglesRemap@TriangleMesh@Gu@physx@@UEBAPEBIXZ 000000018002ce75 f   PhysX3CommonCHECKED_x64:PhysX3CommonCHECKED_x64.dll
 0001:0002be81       ?getTrianglesRemap@TriangleMesh@Gu@physx@@UEBAPEBIXZ 000000018002ce81 f   PhysX3CommonCHECKED_x64:PhysX3CommonCHECKED_x64.dll
 0001:0002be87       __imp_load_?getVertices@TriangleMesh@Gu@physx@@UEBAPEBVPxVec3@3@XZ 000000018002ce87 f   PhysX3CommonCHECKED_x64:PhysX3CommonCHECKED_x64.dll
 0001:0002be93       ?getVertices@TriangleMesh@Gu@physx@@UEBAPEBVPxVec3@3@XZ 000000018002ce93 f   PhysX3CommonCHECKED_x64:PhysX3CommonCHECKED_x64.dll
 0001:0002be99       __imp_load_?isKindOf@PxTriangleMesh@physx@@MEBA_NPEBD@Z 000000018002ce99 f   PhysX3CommonCHECKED_x64:PhysX3CommonCHECKED_x64.dll
 0001:0002bea5       ?isKindOf@PxTriangleMesh@physx@@MEBA_NPEBD@Z 000000018002cea5 f   PhysX3CommonCHECKED_x64:PhysX3CommonCHECKED_x64.dll
 0001:0002beab       __imp_load_?onRefCountZero@TriangleMesh@Gu@physx@@UEAAXXZ 000000018002ceab f   PhysX3CommonCHECKED_x64:PhysX3CommonCHECKED_x64.dll
 0001:0002beb7       ?onRefCountZero@TriangleMesh@Gu@physx@@UEAAXXZ 000000018002ceb7 f   PhysX3CommonCHECKED_x64:PhysX3CommonCHECKED_x64.dll
 0001:0002bebd       __imp_load_?release@TriangleMesh@Gu@physx@@UEAAXXZ 000000018002cebd f   PhysX3CommonCHECKED_x64:PhysX3CommonCHECKED_x64.dll
 0001:0002bec9       ?release@TriangleMesh@Gu@physx@@UEAAXXZ 000000018002cec9 f   PhysX3CommonCHECKED_x64:PhysX3CommonCHECKED_x64.dll
 0001:0002becf       __imp_load_?setupMeshInterface@InternalTriangleMesh@physx@@QEAAXXZ 000000018002cecf f   PhysX3CommonCHECKED_x64:PhysX3CommonCHECKED_x64.dll
 0001:0002bedb       ?setupMeshInterface@InternalTriangleMesh@physx@@QEAAXXZ 000000018002cedb f   PhysX3CommonCHECKED_x64:PhysX3CommonCHECKED_x64.dll
 0001:0002bee4       ??$PFromRva@PEAP6A_JXZ@@YAPEAP6A_JXZK@Z 000000018002cee4 f i delayimp:delayhlp.obj
 0001:0002bef4       ??$PFromRva@PEAPEAUHINSTANCE__@@@@YAPEAPEAUHINSTANCE__@@K@Z 000000018002cef4 f i delayimp:delayhlp.obj
 0001:0002bf04       ??$PFromRva@PEAU_IMAGE_IMPORT_BY_NAME@@@@YAPEAU_IMAGE_IMPORT_BY_NAME@@K@Z 000000018002cf04 f i delayimp:delayhlp.obj
 0001:0002bf14       ??$PFromRva@PEAU_IMAGE_THUNK_DATA64@@@@YAPEAU_IMAGE_THUNK_DATA64@@K@Z 000000018002cf14 f i delayimp:delayhlp.obj
 0001:0002bf24       ??$PFromRva@PEBD@@YAPEBDK@Z 000000018002cf24 f i delayimp:delayhlp.obj
 0001:0002bf34       ??$PFromRva@PEBUImgDelayDescr@@@@YAPEBUImgDelayDescr@@K@Z 000000018002cf34 f i delayimp:delayhlp.obj
 0001:0002bf44       ??$PFromRva@PEBU_IMAGE_THUNK_DATA64@@@@YAPEBU_IMAGE_THUNK_DATA64@@K@Z 000000018002cf44 f i delayimp:delayhlp.obj
 0001:0002bf54       ?CountOfImports@@YAIPEBU_IMAGE_THUNK_DATA64@@@Z 000000018002cf54 f i delayimp:delayhlp.obj
 0001:0002bf70       ?DloadAcquireSectionWriteAccess@@YAXXZ 000000018002cf70 f i delayimp:delayhlp.obj
 0001:0002c058       ?DloadGetSRWLockFunctionPointers@@YAEXZ 000000018002d058 f i delayimp:delayhlp.obj
 0001:0002c11c       ?DloadLock@@YAXXZ          000000018002d11c f i delayimp:delayhlp.obj
 0001:0002c184       ?DloadMakePermanentImageCommit@@YAXPEAX_K@Z 000000018002d184 f i delayimp:delayhlp.obj
 0001:0002c240       ?DloadObtainSection@@YAPEAXPEAK0@Z 000000018002d240 f i delayimp:delayhlp.obj
 0001:0002c300       ?DloadProtectSection@@YAXKPEAK@Z 000000018002d300 f i delayimp:delayhlp.obj
 0001:0002c3b4       ?DloadReleaseSectionWriteAccess@@YAXXZ 000000018002d3b4 f i delayimp:delayhlp.obj
 0001:0002c484       ?DloadUnlock@@YAXXZ        000000018002d484 f i delayimp:delayhlp.obj
 0001:0002c4e4       ?IndexFromPImgThunkData@@YAIPEBU_IMAGE_THUNK_DATA64@@0@Z 000000018002d4e4 f i delayimp:delayhlp.obj
 0001:0002c678       HRESULT_FROM_WIN32         000000018002d678 f i delayimp:delayhlp.obj
 0001:0002c68c       ReadAcquire64              000000018002d68c f i delayimp:delayhlp.obj
 0001:0002c690       ReadPointerAcquire         000000018002d690 f i delayimp:delayhlp.obj
 0001:0002c694       WritePointerRelease        000000018002d694 f i delayimp:delayhlp.obj
 0001:0002c698       WriteRelease64             000000018002d698 f i delayimp:delayhlp.obj
 0001:0002c69c       __FUnloadDelayLoadedDLL2   000000018002d69c f   delayimp:delayhlp.obj
 0001:0002c784       __HrLoadAllImportsForDll   000000018002d784 f   delayimp:delayhlp.obj
 0001:0002c814       __delayLoadHelper2         000000018002d814 f   delayimp:delayhlp.obj
 0001:0002cbcc       ??_U@YAPEAX_K@Z            000000018002dbcc f   LIBCMT:new_array.obj
 0001:0002cbd4       ??_V@YAXPEAX@Z             000000018002dbd4 f   LIBCMT:delete_array.obj
 0001:0002cbf0       __chkstk                   000000018002dbf0 f   LIBCMT:_chkstk_.obj
 0001:0002cbf0       _alloca_probe              000000018002dbf0 f   LIBCMT:_chkstk_.obj
 0001:0002cc5c       ?__scrt_initialize_type_info@@YAXXZ 000000018002dc5c f   LIBCMT:tncleanup.obj
 0001:0002cc70       ?__scrt_uninitialize_type_info@@YAXXZ 000000018002dc70 f   LIBCMT:tncleanup.obj
 0001:0002cc80       ??1type_info@@UEAA@XZ      000000018002dc80 f   LIBCMT:std_type_info_static.obj
 0001:0002cc90       ??_Etype_info@@UEAAPEAXI@Z 000000018002dc90 f i LIBCMT:std_type_info_static.obj
 0001:0002cc90       ??_Gtype_info@@UEAAPEAXI@Z 000000018002dc90 f i LIBCMT:std_type_info_static.obj
 0001:0002ccc8       ??3@YAXPEAX_K@Z            000000018002dcc8 f   LIBCMT:delete_scalar_size.obj
 0001:0002d0f0       _CRT_INIT                  000000018002e0f0 f   LIBCMT:dll_dllmain.obj
 0001:0002d0f8       _DllMainCRTStartup         000000018002e0f8 f   LIBCMT:dll_dllmain.obj
 0001:0002d144       _guard_check_icall_nop     000000018002e144 f i LIBCMT:guard_support.obj
 0001:0002d148       _guard_icall_checks_enforced 000000018002e148 f i LIBCMT:guard_support.obj
 0001:0002d164       ??2@YAPEAX_K@Z             000000018002e164 f   LIBCMT:new_scalar.obj
 0001:0002d1b0       ??3@YAXPEAX@Z              000000018002e1b0 f   LIBCMT:delete_scalar.obj
 0001:0002d1b8       ??$__crt_fast_decode_pointer@PEAP6AXXZ@@YAPEAP6AXXZQEAP6AXXZ@Z 000000018002e1b8 f i LIBCMT:utility.obj
 0001:0002d1d4       ??$__crt_fast_encode_pointer@PEAP6AXXZ@@YAPEAP6AXXZQEAP6AXXZ@Z 000000018002e1d4 f i LIBCMT:utility.obj
 0001:0002d1fc       ?__crt_rotate_pointer_value@@YA_K_KH@Z 000000018002e1fc f i LIBCMT:utility.obj
 0001:0002d208       ?configure_argv@__scrt_narrow_argv_policy@@SAHXZ 000000018002e208 f i LIBCMT:utility.obj
 0001:0002d2bc       NtCurrentTeb               000000018002e2bc f i LIBCMT:utility.obj
 0001:0002d2c8       __scrt_acquire_startup_lock 000000018002e2c8 f   LIBCMT:utility.obj
 0001:0002d310       __scrt_dllmain_after_initialize_c 000000018002e310 f   LIBCMT:utility.obj
 0001:0002d354       __scrt_dllmain_before_initialize_c 000000018002e354 f   LIBCMT:utility.obj
 0001:0002d370       __scrt_dllmain_crt_thread_attach 000000018002e370 f   LIBCMT:utility.obj
 0001:0002d3a4       __scrt_dllmain_crt_thread_detach 000000018002e3a4 f   LIBCMT:utility.obj
 0001:0002d3c0       __scrt_dllmain_exception_filter 000000018002e3c0 f   LIBCMT:utility.obj
 0001:0002d43c       __scrt_dllmain_uninitialize_c 000000018002e43c f   LIBCMT:utility.obj
 0001:0002d478       __scrt_dllmain_uninitialize_critical 000000018002e478 f   LIBCMT:utility.obj
 0001:0002d494       __scrt_initialize_crt      000000018002e494 f   LIBCMT:utility.obj
 0001:0002d4f0       __scrt_initialize_onexit_tables 000000018002e4f0 f   LIBCMT:utility.obj
 0001:0002d5ec       __scrt_is_nonwritable_in_current_image 000000018002e5ec f   LIBCMT:utility.obj
 0001:0002d6ac       __scrt_release_startup_lock 000000018002e6ac f   LIBCMT:utility.obj
 0001:0002d6dc       __scrt_uninitialize_crt    000000018002e6dc f   LIBCMT:utility.obj
 0001:0002d714       _onexit                    000000018002e714 f   LIBCMT:utility.obj
 0001:0002d778       at_quick_exit              000000018002e778 f   LIBCMT:utility.obj
 0001:0002d7bc       atexit                     000000018002e7bc f   LIBCMT:utility.obj
 0001:0002d7d8       __security_init_cookie     000000018002e7d8 f   LIBCMT:gs_support.obj
 0001:0002d8b0       DllMain                    000000018002e8b0 f   LIBCMT:dll_dllmain_stub.obj
 0001:0002d8b8       __local_stdio_scanf_options 000000018002e8b8 f i LIBCMT:default_local_stdio_options.obj
 0001:0002d8c4       __scrt_initialize_default_local_stdio_options 000000018002e8c4 f   LIBCMT:default_local_stdio_options.obj
 0001:0002d8e8       __scrt_get_dyn_tls_init_callback 000000018002e8e8 f   LIBCMT:dyn_tls_init.obj
 0001:0002d8f4       __crt_debugger_hook        000000018002e8f4 f   LIBCMT:utility_desktop.obj
 0001:0002d900       __scrt_fastfail            000000018002e900 f   LIBCMT:utility_desktop.obj
 0001:0002da98       __scrt_get_show_window_mode 000000018002ea98 f   LIBCMT:utility_desktop.obj
 0001:0002dae4       __scrt_initialize_winrt    000000018002eae4 f   LIBCMT:utility_desktop.obj
 0001:0002dae8       __scrt_is_managed_app      000000018002eae8 f   LIBCMT:utility_desktop.obj
 0001:0002db54       __scrt_set_unhandled_exception_filter 000000018002eb54 f   LIBCMT:utility_desktop.obj
 0001:0002db68       __scrt_unhandled_exception_filter 000000018002eb68 f   LIBCMT:utility_desktop.obj
 0001:0002dbb0       _RTC_Initialize            000000018002ebb0 f   LIBCMT:_initsect_.obj
 0001:0002dc0c       _RTC_Terminate             000000018002ec0c f   LIBCMT:_initsect_.obj
 0001:0002dc68       _guard_check_icall         000000018002ec68 f i LIBCMT:checkcfg.obj
 0001:0002dc70       ??0bad_alloc@std@@AEAA@QEBD@Z 000000018002ec70 f i LIBCMT:throw_bad_alloc.obj
 0001:0002dc90       ??0bad_alloc@std@@QEAA@AEBV01@@Z 000000018002ec90 f i LIBCMT:throw_bad_alloc.obj
 0001:0002dce0       ??0bad_alloc@std@@QEAA@XZ  000000018002ece0 f i LIBCMT:throw_bad_alloc.obj
 0001:0002dd08       ??0bad_array_new_length@std@@QEAA@AEBV01@@Z 000000018002ed08 f i LIBCMT:throw_bad_alloc.obj
 0001:0002dd58       ??0bad_array_new_length@std@@QEAA@XZ 000000018002ed58 f i LIBCMT:throw_bad_alloc.obj
 0001:0002dd80       ??0exception@std@@QEAA@AEBV01@@Z 000000018002ed80 f i LIBCMT:throw_bad_alloc.obj
 0001:0002ddc4       ??0exception@std@@QEAA@QEBDH@Z 000000018002edc4 f i LIBCMT:throw_bad_alloc.obj
 0001:0002dde4       ??1bad_alloc@std@@UEAA@XZ  000000018002ede4 f i LIBCMT:throw_bad_alloc.obj
 0001:0002ddfc       ??1bad_array_new_length@std@@UEAA@XZ 000000018002edfc f i LIBCMT:throw_bad_alloc.obj
 0001:0002de14       ??1exception@std@@UEAA@XZ  000000018002ee14 f i LIBCMT:throw_bad_alloc.obj
 0001:0002de2c       ??_Ebad_alloc@std@@UEAAPEAXI@Z 000000018002ee2c f i LIBCMT:throw_bad_alloc.obj
 0001:0002de2c       ??_Gbad_alloc@std@@UEAAPEAXI@Z 000000018002ee2c f i LIBCMT:throw_bad_alloc.obj
 0001:0002de80       ??_Gbad_array_new_length@std@@UEAAPEAXI@Z 000000018002ee80 f i LIBCMT:throw_bad_alloc.obj
 0001:0002de80       ??_Ebad_array_new_length@std@@UEAAPEAXI@Z 000000018002ee80 f i LIBCMT:throw_bad_alloc.obj
 0001:0002ded4       ??_Gexception@std@@UEAAPEAXI@Z 000000018002eed4 f i LIBCMT:throw_bad_alloc.obj
 0001:0002ded4       ??_Eexception@std@@UEAAPEAXI@Z 000000018002eed4 f i LIBCMT:throw_bad_alloc.obj
 0001:0002df28       ?__scrt_throw_std_bad_alloc@@YAXXZ 000000018002ef28 f   LIBCMT:throw_bad_alloc.obj
 0001:0002df50       ?__scrt_throw_std_bad_array_new_length@@YAXXZ 000000018002ef50 f   LIBCMT:throw_bad_alloc.obj
 0001:0002df78       ?what@exception@std@@UEBAPEBDXZ 000000018002ef78 f i LIBCMT:throw_bad_alloc.obj
 0001:0002df90       __isa_available_init       000000018002ef90 f   LIBCMT:_cpu_disp_.obj
 0001:0002e1c8       _get_startup_argv_mode     000000018002f1c8 f   LIBCMT:argv_mode.obj
 0001:0002e1d0       __scrt_is_ucrt_dll_in_use  000000018002f1d0 f   LIBCMT:ucrt_detection.obj
 0001:0002e1e0       strstr                     000000018002f1e0 f   libvcruntime:strstr.obj
 0001:0002e460       memset                     000000018002f460 f   libvcruntime:memset.obj
 0001:0002e680       memmove                    000000018002f680 f   libvcruntime:memcpy.obj
 0001:0002e680       memcpy                     000000018002f680 f   libvcruntime:memcpy.obj
 0001:0002ebd8       ??$?RD@__crt_internal_free_policy@@QEBAXQEBD@Z 000000018002fbd8 f i libvcruntime:std_type_info.obj
 0001:0002ebe4       ??$?RX@__crt_internal_free_policy@@QEBAXQEBX@Z 000000018002fbe4 f i libvcruntime:std_type_info.obj
 0001:0002ebf0       ??$__crt_interlocked_compare_exchange_pointer@$$CBD$$T$$T@@YAPEBDPEDSEBD$$T1@Z 000000018002fbf0 f i libvcruntime:std_type_info.obj
 0001:0002ebfc       ??$__crt_interlocked_compare_exchange_pointer@$$CBDPEAD$$T@@YAPEBDPEDSEBDQEAD$$T@Z 000000018002fbfc f i libvcruntime:std_type_info.obj
 0001:0002ec08       ??$__crt_interlocked_read_pointer@$$CBD@@YAPEBDPEDSEBD@Z 000000018002fc08 f i libvcruntime:std_type_info.obj
 0001:0002ec14       ??0?$__crt_unique_heap_ptr@DU__crt_internal_free_policy@@@@QEAA@QEAD@Z 000000018002fc14 f i libvcruntime:std_type_info.obj
 0001:0002ec1c       ??0?$__crt_unique_heap_ptr@XU__crt_internal_free_policy@@@@QEAA@QEAX@Z 000000018002fc1c f i libvcruntime:std_type_info.obj
 0001:0002ec24       ??1?$__crt_unique_heap_ptr@DU__crt_internal_free_policy@@@@QEAA@XZ 000000018002fc24 f i libvcruntime:std_type_info.obj
 0001:0002ec48       ??1?$__crt_unique_heap_ptr@XU__crt_internal_free_policy@@@@QEAA@XZ 000000018002fc48 f i libvcruntime:std_type_info.obj
 0001:0002ec84       ??B?$__crt_unique_heap_ptr@DU__crt_internal_free_policy@@@@QEBA_NXZ 000000018002fc84 f i libvcruntime:std_type_info.obj
 0001:0002ec90       ??B?$__crt_unique_heap_ptr@XU__crt_internal_free_policy@@@@QEBA_NXZ 000000018002fc90 f i libvcruntime:std_type_info.obj
 0001:0002ecb4       ?detach@?$__crt_unique_heap_ptr@XU__crt_internal_free_policy@@@@QEAAPEAXXZ 000000018002fcb4 f i libvcruntime:std_type_info.obj
 0001:0002ecc0       ?get@?$__crt_unique_heap_ptr@DU__crt_internal_free_policy@@@@QEBAPEADXZ 000000018002fcc0 f i libvcruntime:std_type_info.obj
 0001:0002ecc4       ?get@?$__crt_unique_heap_ptr@XU__crt_internal_free_policy@@@@QEBAPEAXXZ 000000018002fcc4 f i libvcruntime:std_type_info.obj
 0001:0002ecc8       ?is_valid@?$__crt_unique_heap_ptr@DU__crt_internal_free_policy@@@@QEBA_NXZ 000000018002fcc8 f i libvcruntime:std_type_info.obj
 0001:0002ecd4       ?is_valid@?$__crt_unique_heap_ptr@XU__crt_internal_free_policy@@@@QEBA_NXZ 000000018002fcd4 f i libvcruntime:std_type_info.obj
 0001:0002ece0       ?release@?$__crt_unique_heap_ptr@DU__crt_internal_free_policy@@@@QEAAXXZ 000000018002fce0 f i libvcruntime:std_type_info.obj
 0001:0002ed04       ?release@?$__crt_unique_heap_ptr@XU__crt_internal_free_policy@@@@QEAAXXZ 000000018002fd04 f i libvcruntime:std_type_info.obj
 0001:0002ed28       __std_type_info_compare    000000018002fd28 f   libvcruntime:std_type_info.obj
 0001:0002ed58       __std_type_info_destroy_list 000000018002fd58 f   libvcruntime:std_type_info.obj
 0001:0002ed8c       __std_type_info_hash       000000018002fd8c f   libvcruntime:std_type_info.obj
 0001:0002edd8       __std_type_info_name       000000018002fdd8 f   libvcruntime:std_type_info.obj
 0001:0002ef40       ??$__crt_fast_decode_pointer@P6AXXZ@@YAP6AXXZQ6AXXZ@Z 000000018002ff40 f i libvcruntime:purevirt.obj
 0001:0002ef5c       ??$__crt_fast_encode_pointer@P6AXXZ@@YAP6AXXZQ6AXXZ@Z 000000018002ff5c f i libvcruntime:purevirt.obj
 0001:0002ef84       ??$__crt_interlocked_compare_exchange_pointer@$$A6AXXZ$$T$$T@@YAP6AXXZPEDS6AXXZ$$T1@Z 000000018002ff84 f i libvcruntime:purevirt.obj
 0001:0002ef90       ??$__crt_interlocked_exchange_pointer@$$A6AXXZP6AXXZ@@YAP6AXXZPEDS6AXXZQ6AXXZ@Z 000000018002ff90 f i libvcruntime:purevirt.obj
 0001:0002ef98       ??$__crt_interlocked_read_pointer@$$A6AXXZ@@YAP6AXXZPEDS6AXXZ@Z 000000018002ff98 f i libvcruntime:purevirt.obj
 0001:0002efa4       _get_purecall_handler      000000018002ffa4 f   libvcruntime:purevirt.obj
 0001:0002efcc       _purecall                  000000018002ffcc f   libvcruntime:purevirt.obj
 0001:0002f014       _set_purecall_handler      0000000180030014 f   libvcruntime:purevirt.obj
 0001:0002f058       __C_specific_handler       0000000180030058 f   libvcruntime:_chandler_.obj
 0001:0002f2d4       __vcrt_initialize          00000001800302d4 f   libvcruntime:initialization.obj
 0001:0002f314       __vcrt_thread_attach       0000000180030314 f   libvcruntime:initialization.obj
 0001:0002f330       __vcrt_thread_detach       0000000180030330 f   libvcruntime:initialization.obj
 0001:0002f348       __vcrt_uninitialize        0000000180030348 f   libvcruntime:initialization.obj
 0001:0002f370       __vcrt_uninitialize_critical 0000000180030370 f   libvcruntime:initialization.obj
 0001:0002f388       ??$?RD@__crt_public_free_policy@@QEBAXQEBD@Z 0000000180030388 f i libvcruntime:std_exception.obj
 0001:0002f394       ??0?$__crt_unique_heap_ptr@DU__crt_public_free_policy@@@@QEAA@QEAD@Z 0000000180030394 f i libvcruntime:std_exception.obj
 0001:0002f39c       ??1?$__crt_unique_heap_ptr@DU__crt_public_free_policy@@@@QEAA@XZ 000000018003039c f i libvcruntime:std_exception.obj
 0001:0002f3c0       ??B?$__crt_unique_heap_ptr@DU__crt_public_free_policy@@@@QEBA_NXZ 00000001800303c0 f i libvcruntime:std_exception.obj
 0001:0002f3cc       ?detach@?$__crt_unique_heap_ptr@DU__crt_public_free_policy@@@@QEAAPEADXZ 00000001800303cc f i libvcruntime:std_exception.obj
 0001:0002f3d8       ?get@?$__crt_unique_heap_ptr@DU__crt_public_free_policy@@@@QEBAPEADXZ 00000001800303d8 f i libvcruntime:std_exception.obj
 0001:0002f3dc       ?is_valid@?$__crt_unique_heap_ptr@DU__crt_public_free_policy@@@@QEBA_NXZ 00000001800303dc f i libvcruntime:std_exception.obj
 0001:0002f3e8       ?release@?$__crt_unique_heap_ptr@DU__crt_public_free_policy@@@@QEAAXXZ 00000001800303e8 f i libvcruntime:std_exception.obj
 0001:0002f40c       __std_exception_copy       000000018003040c f   libvcruntime:std_exception.obj
 0001:0002f4bc       __std_exception_destroy    00000001800304bc f   libvcruntime:std_exception.obj
 0001:0002f4ec       _CxxThrowException         00000001800304ec f   libvcruntime:throw.obj
 0001:0002f5f8       ??0Block@_HeapManager@@QEAA@XZ 00000001800305f8 f i libvcruntime:undname.obj
 0001:0002f604       ??0DName@@QEAA@AEAPEBDD@Z  0000000180030604 f   libvcruntime:undname.obj
 0001:0002f71c       ??0DName@@QEAA@AEBV0@@Z    000000018003071c f i libvcruntime:undname.obj
 0001:0002f72c       ??0DName@@QEAA@D@Z         000000018003072c f   libvcruntime:undname.obj
 0001:0002f774       ??0DName@@QEAA@PEAV0@@Z    0000000180030774 f   libvcruntime:undname.obj
 0001:0002f81c       ??0DName@@QEAA@PEBD@Z      000000018003081c f   libvcruntime:undname.obj
 0001:0002f874       ??0DName@@QEAA@W4DNameStatus@@@Z 0000000180030874 f   libvcruntime:undname.obj
 0001:0002f8d8       ??0DName@@QEAA@XZ          00000001800308d8 f i libvcruntime:undname.obj
 0001:0002f8f0       ??0DName@@QEAA@_J@Z        00000001800308f0 f   libvcruntime:undname.obj
 0001:0002f9c4       ??0DName@@QEAA@_K@Z        00000001800309c4 f   libvcruntime:undname.obj
 0001:0002fa78       ??0DNameNode@@IEAA@XZ      0000000180030a78 f   libvcruntime:undname.obj
 0001:0002fa8c       ??0DNameStatusNode@@AEAA@W4DNameStatus@@@Z 0000000180030a8c f   libvcruntime:undname.obj
 0001:0002fab8       ??0Replicator@@QEAA@XZ     0000000180030ab8 f i libvcruntime:undname.obj
 0001:0002fac0       ??0UnDecorator@@QEAA@PEADPEBDHP6APEADJ@ZK@Z 0000000180030ac0 f i libvcruntime:undname.obj
 0001:0002fb50       ??0charNode@@QEAA@D@Z      0000000180030b50 f   libvcruntime:undname.obj
 0001:0002fb68       ??0pDNameNode@@QEAA@PEAVDName@@@Z 0000000180030b68 f   libvcruntime:undname.obj
 0001:0002fb98       ??0pairNode@@QEAA@PEAVDNameNode@@0@Z 0000000180030b98 f   libvcruntime:undname.obj
 0001:0002fbb8       ??0pcharNode@@QEAA@PEBDH@Z 0000000180030bb8 f   libvcruntime:undname.obj
 0001:0002fc64       ??2@YAPEAX_KAEAV_HeapManager@@H@Z 0000000180030c64 f i libvcruntime:undname.obj
 0001:0002fc78       ??4DName@@QEAAAEAV0@AEBV0@@Z 0000000180030c78 f   libvcruntime:undname.obj
 0001:0002fc88       ??4DName@@QEAAAEAV0@D@Z    0000000180030c88 f i libvcruntime:undname.obj
 0001:0002fcd0       ??4DName@@QEAAAEAV0@PEAV0@@Z 0000000180030cd0 f   libvcruntime:undname.obj
 0001:0002fd78       ??4DName@@QEAAAEAV0@PEBD@Z 0000000180030d78 f   libvcruntime:undname.obj
 0001:0002fdc4       ??4DName@@QEAAAEAV0@W4DNameStatus@@@Z 0000000180030dc4 f   libvcruntime:undname.obj
 0001:0002fe10       ??AReplicator@@QEBA?AVDName@@H@Z 0000000180030e10 f   libvcruntime:undname.obj
 0001:0002fe68       ??BUnDecorator@@QEAAPEADXZ 0000000180030e68 f i libvcruntime:undname.obj
 0001:000300fc       ??H@YA?AVDName@@DAEBV0@@Z  00000001800310fc f i libvcruntime:undname.obj
 0001:00030144       ??H@YA?AVDName@@PEBDAEBV0@@Z 0000000180031144 f i libvcruntime:undname.obj
 0001:0003018c       ??H@YA?AVDName@@W4DNameStatus@@AEBV0@@Z 000000018003118c f i libvcruntime:undname.obj
 0001:000301d4       ??HDName@@QEBA?AV0@AEBV0@@Z 00000001800311d4 f   libvcruntime:undname.obj
 0001:00030204       ??HDName@@QEBA?AV0@D@Z     0000000180031204 f   libvcruntime:undname.obj
 0001:00030234       ??HDName@@QEBA?AV0@PEAV0@@Z 0000000180031234 f   libvcruntime:undname.obj
 0001:00030264       ??HDName@@QEBA?AV0@PEBD@Z  0000000180031264 f   libvcruntime:undname.obj
 0001:00030294       ??HDName@@QEBA?AV0@W4DNameStatus@@@Z 0000000180031294 f   libvcruntime:undname.obj
 0001:000302c4       ??YDName@@QEAAAEAV0@AEBV0@@Z 00000001800312c4 f   libvcruntime:undname.obj
 0001:00030314       ??YDName@@QEAAAEAV0@D@Z    0000000180031314 f   libvcruntime:undname.obj
 0001:000303bc       ??YDName@@QEAAAEAV0@PEAV0@@Z 00000001800313bc f   libvcruntime:undname.obj
 0001:00030478       ??YDName@@QEAAAEAV0@PEBD@Z 0000000180031478 f   libvcruntime:undname.obj
 0001:00030524       ??YDName@@QEAAAEAV0@W4DNameStatus@@@Z 0000000180031524 f   libvcruntime:undname.obj
 0001:00030578       ??YReplicator@@QEAAAEAV0@AEBVDName@@@Z 0000000180031578 f   libvcruntime:undname.obj
 0001:000305f0       ??_5DName@@QEAAAEAV0@AEBV0@@Z 00000001800315f0 f   libvcruntime:undname.obj
 0001:0003060c       ?Constructor@_HeapManager@@QEAAXP6APEAX_K@ZP6AXPEAX@Z@Z 000000018003160c f i libvcruntime:undname.obj
 0001:00030628       ?Destructor@_HeapManager@@QEAAXXZ 0000000180031628 f i libvcruntime:undname.obj
 0001:00030690       ?UScore@UnDecorator@@SAPEBDW4Tokens@@@Z 0000000180031690 f   libvcruntime:undname.obj
 0001:000306b8       ?append@DName@@AEAAXPEAVDNameNode@@@Z 00000001800316b8 f   libvcruntime:undname.obj
 0001:00030734       ?composeDeclaration@UnDecorator@@CA?AVDName@@AEBV2@@Z 0000000180031734 f i libvcruntime:undname.obj
 0001:00031974       ?doAccessSpecifiers@UnDecorator@@SAHXZ 0000000180032974 f i libvcruntime:undname.obj
 0001:00031988       ?doAllocationLanguage@UnDecorator@@SAHXZ 0000000180032988 f i libvcruntime:undname.obj
 0001:0003199c       ?doAllocationModel@UnDecorator@@SAHXZ 000000018003299c f i libvcruntime:undname.obj
 0001:000319b0       ?doEcsu@UnDecorator@@SAHXZ 00000001800329b0 f i libvcruntime:undname.obj
 0001:000319c4       ?doEllipsis@UnDecorator@@SAHXZ 00000001800329c4 f i libvcruntime:undname.obj
 0001:000319d8       ?doFunctionReturns@UnDecorator@@SAHXZ 00000001800329d8 f i libvcruntime:undname.obj
 0001:000319ec       ?doMSKeywords@UnDecorator@@SAHXZ 00000001800329ec f i libvcruntime:undname.obj
 0001:00031a00       ?doMemberTypes@UnDecorator@@SAHXZ 0000000180032a00 f i libvcruntime:undname.obj
 0001:00031a14       ?doNameOnly@UnDecorator@@SAHXZ 0000000180032a14 f i libvcruntime:undname.obj
 0001:00031a24       ?doNoIdentCharCheck@UnDecorator@@SAHXZ 0000000180032a24 f i libvcruntime:undname.obj
 0001:00031a34       ?doPchar@DName@@AEAAXPEBDH@Z 0000000180032a34 f   libvcruntime:undname.obj
 0001:00031b08       ?doPtr64@UnDecorator@@SAHXZ 0000000180032b08 f i libvcruntime:undname.obj
 0001:00031b1c       ?doRestrictionSpec@UnDecorator@@SAHXZ 0000000180032b1c f i libvcruntime:undname.obj
 0001:00031b30       ?doThisTypes@UnDecorator@@SAHXZ 0000000180032b30 f i libvcruntime:undname.obj
 0001:00031b48       ?doThrowTypes@UnDecorator@@SAHXZ 0000000180032b48 f i libvcruntime:undname.obj
 0001:00031b5c       ?doTypeOnly@UnDecorator@@SAHXZ 0000000180032b5c f i libvcruntime:undname.obj
 0001:00031b6c       ?doUnderScore@UnDecorator@@SAHXZ 0000000180032b6c f i libvcruntime:undname.obj
 0001:00031b7c       ?getArgumentList@UnDecorator@@CA?AVDName@@XZ 0000000180032b7c f   libvcruntime:undname.obj
 0001:00031d10       ?getArgumentTypes@UnDecorator@@CA?AVDName@@XZ 0000000180032d10 f   libvcruntime:undname.obj
 0001:00031e48       ?getArrayType@UnDecorator@@CA?AVDName@@AEBV2@@Z 0000000180032e48 f i libvcruntime:undname.obj
 0001:00032114       ?getBasedType@UnDecorator@@CA?AVDName@@XZ 0000000180033114 f   libvcruntime:undname.obj
 0001:00032200       ?getBasicDataType@UnDecorator@@CA?AVDName@@AEBV2@@Z 0000000180033200 f   libvcruntime:undname.obj
 0001:00032754       ?getCallIndex@UnDecorator@@CA?AVDName@@XZ 0000000180033754 f i libvcruntime:undname.obj
[...]
 0005:000000c8       __imp_InterlockedFlushSList 00000001800af0c8     kernel32:KERNEL32.dll
 0005:000000d0       __imp_RtlUnwindEx          00000001800af0d0     kernel32:KERNEL32.dll
 0005:000000d8       __imp_RtlPcToFileHeader    00000001800af0d8     kernel32:KERNEL32.dll
 0005:000000e0       __imp_SetLastError         00000001800af0e0     kernel32:KERNEL32.dll
 0005:000000e8       __imp_EnterCriticalSection 00000001800af0e8     kernel32:KERNEL32.dll
 0005:000000f0       __imp_LeaveCriticalSection 00000001800af0f0     kernel32:KERNEL32.dll
 0005:000000f8       __imp_DeleteCriticalSection 00000001800af0f8     kernel32:KERNEL32.dll
 0005:00000100       __imp_InitializeCriticalSectionAndSpinCount 00000001800af100     kernel32:KERNEL32.dll
 0005:00000108       __imp_TlsAlloc             00000001800af108     kernel32:KERNEL32.dll
 0005:00000110       __imp_TlsGetValue          00000001800af110     kernel32:KERNEL32.dll
 0005:00000118       __imp_TlsSetValue          00000001800af118     kernel32:KERNEL32.dll
 0005:00000120       __imp_TlsFree              00000001800af120     kernel32:KERNEL32.dll
 0005:00000128       __imp_LoadLibraryExW       00000001800af128     kernel32:KERNEL32.dll
 0005:00000130       __imp_GetCurrentProcess    00000001800af130     kernel32:KERNEL32.dll
 0005:00000138       __imp_ExitProcess          00000001800af138     kernel32:KERNEL32.dll
 0005:00000140       __imp_TerminateProcess     00000001800af140     kernel32:KERNEL32.dll
 0005:00000148       __imp_GetModuleHandleExW   00000001800af148     kernel32:KERNEL32.dll
 0005:00000150       __imp_GetModuleFileNameW   00000001800af150     kernel32:KERNEL32.dll
 0005:00000158       __imp_MultiByteToWideChar  00000001800af158     kernel32:KERNEL32.dll
 0005:00000160       __imp_WideCharToMultiByte  00000001800af160     kernel32:KERNEL32.dll
 0005:00000168       __imp_HeapFree             00000001800af168     kernel32:KERNEL32.dll
 0005:00000170       __imp_HeapAlloc            00000001800af170     kernel32:KERNEL32.dll
 0005:00000178       __imp_GetDateFormatW       00000001800af178     kernel32:KERNEL32.dll
 0005:00000180       __imp_GetTimeFormatW       00000001800af180     kernel32:KERNEL32.dll
 0005:00000188       __imp_CompareStringW       00000001800af188     kernel32:KERNEL32.dll
 0005:00000190       __imp_LCMapStringW         00000001800af190     kernel32:KERNEL32.dll
 0005:00000198       __imp_GetLocaleInfoW       00000001800af198     kernel32:KERNEL32.dll
 0005:000001a0       __imp_IsValidLocale        00000001800af1a0     kernel32:KERNEL32.dll
 0005:000001a8       __imp_GetUserDefaultLCID   00000001800af1a8     kernel32:KERNEL32.dll
 0005:000001b0       __imp_EnumSystemLocalesW   00000001800af1b0     kernel32:KERNEL32.dll
 0005:000001b8       __imp_GetStdHandle         00000001800af1b8     kernel32:KERNEL32.dll
 0005:000001c0       __imp_GetFileType          00000001800af1c0     kernel32:KERNEL32.dll
 0005:000001c8       __imp_GetCurrentThread     00000001800af1c8     kernel32:KERNEL32.dll
 0005:000001d0       __imp_GetACP               00000001800af1d0     kernel32:KERNEL32.dll
 0005:000001d8       __imp_FindClose            00000001800af1d8     kernel32:KERNEL32.dll
 0005:000001e0       __imp_FindFirstFileExA     00000001800af1e0     kernel32:KERNEL32.dll
 0005:000001e8       __imp_FindFirstFileExW     00000001800af1e8     kernel32:KERNEL32.dll
 0005:000001f0       __imp_FindNextFileA        00000001800af1f0     kernel32:KERNEL32.dll
 0005:000001f8       __imp_FindNextFileW        00000001800af1f8     kernel32:KERNEL32.dll
 0005:00000200       __imp_IsValidCodePage      00000001800af200     kernel32:KERNEL32.dll
 0005:00000208       __imp_GetOEMCP             00000001800af208     kernel32:KERNEL32.dll
 0005:00000210       __imp_GetCPInfo            00000001800af210     kernel32:KERNEL32.dll
 0005:00000218       __imp_GetCommandLineA      00000001800af218     kernel32:KERNEL32.dll
 0005:00000220       __imp_GetCommandLineW      00000001800af220     kernel32:KERNEL32.dll
 0005:00000228       __imp_GetEnvironmentStringsW 00000001800af228     kernel32:KERNEL32.dll
 0005:00000230       __imp_FreeEnvironmentStringsW 00000001800af230     kernel32:KERNEL32.dll
 0005:00000238       __imp_SetEnvironmentVariableA 00000001800af238     kernel32:KERNEL32.dll
 0005:00000240       __imp_SetEnvironmentVariableW 00000001800af240     kernel32:KERNEL32.dll
 0005:00000248       __imp_GetProcessHeap       00000001800af248     kernel32:KERNEL32.dll
 0005:00000250       __imp_SetConsoleCtrlHandler 00000001800af250     kernel32:KERNEL32.dll
 0005:00000258       __imp_GetStringTypeW       00000001800af258     kernel32:KERNEL32.dll
 0005:00000260       __imp_FlushFileBuffers     00000001800af260     kernel32:KERNEL32.dll
 0005:00000268       __imp_WriteFile            00000001800af268     kernel32:KERNEL32.dll
 0005:00000270       __imp_GetConsoleCP         00000001800af270     kernel32:KERNEL32.dll
 0005:00000278       __imp_GetConsoleMode       00000001800af278     kernel32:KERNEL32.dll
 0005:00000280       __imp_SetStdHandle         00000001800af280     kernel32:KERNEL32.dll
 0005:00000288       __imp_HeapSize             00000001800af288     kernel32:KERNEL32.dll
 0005:00000290       __imp_HeapReAlloc          00000001800af290     kernel32:KERNEL32.dll
 0005:00000298       __imp_CloseHandle          00000001800af298     kernel32:KERNEL32.dll
 0005:000002a0       __imp_SetFilePointerEx     00000001800af2a0     kernel32:KERNEL32.dll
 0005:000002a8       __imp_WriteConsoleW        00000001800af2a8     kernel32:KERNEL32.dll
 0005:000002b0       __imp_CreateFileW          00000001800af2b0     kernel32:KERNEL32.dll
 0005:000002b8       __imp_OutputDebugStringA   00000001800af2b8     kernel32:KERNEL32.dll
 0005:000002c0       __imp_OutputDebugStringW   00000001800af2c0     kernel32:KERNEL32.dll
 0005:000002c8       __imp_WaitForSingleObjectEx 00000001800af2c8     kernel32:KERNEL32.dll
 0005:000002d0       __imp_CreateThread         00000001800af2d0     kernel32:KERNEL32.dll
 0005:000002d8       \177KERNEL32_NULL_THUNK_DATA 00000001800af2d8     kernel32:KERNEL32.dll
 0005:000003c0       __IMPORT_DESCRIPTOR_KERNEL32 00000001800af3c0     kernel32:KERNEL32.dll
 0005:000003d4       __NULL_IMPORT_DESCRIPTOR   00000001800af3d4     kernel32:KERNEL32.dll
 0006:00000000       __DELAY_IMPORT_DESCRIPTOR_PhysX3CommonCHECKED_x64_dll 00000001800b1000     PhysX3CommonCHECKED_x64:PhysX3CommonCHECKED_x64.dll
 0006:00000020       __NULL_DELAY_IMPORT_DESCRIPTOR 00000001800b1020     PhysX3CommonCHECKED_x64:PhysX3CommonCHECKED_x64.dll
 0006:000002e8       \177PhysX3CommonCHECKED_x64_NULL_THUNK_DATA_DLN 00000001800b12e8     PhysX3CommonCHECKED_x64:PhysX3CommonCHECKED_x64.dll
 0006:000003c8       __imp_?writeWord@physx@@YAXG_NAEAVPxOutputStream@1@@Z 00000001800b13c8     PhysX3CommonCHECKED_x64:PhysX3CommonCHECKED_x64.dll
 0006:000003d0       __imp_?writeDword@physx@@YAXI_NAEAVPxOutputStream@1@@Z 00000001800b13d0     PhysX3CommonCHECKED_x64:PhysX3CommonCHECKED_x64.dll
 0006:000003d8       __imp_?writeFloat@physx@@YAXM_NAEAVPxOutputStream@1@@Z 00000001800b13d8     PhysX3CommonCHECKED_x64:PhysX3CommonCHECKED_x64.dll
 0006:000003e0       __imp_?writeHeader@physx@@YA_NCCCCI_NAEAVPxOutputStream@1@@Z 00000001800b13e0     PhysX3CommonCHECKED_x64:PhysX3CommonCHECKED_x64.dll
 0006:000003e8       __imp_?allocate@Allocator@shdfnd@physx@@QEAAPEAX_KPEBDH@Z 00000001800b13e8     PhysX3CommonCHECKED_x64:PhysX3CommonCHECKED_x64.dll
 0006:000003f0       __imp_??0NamedAllocator@shdfnd@physx@@QEAA@PEBD@Z 00000001800b13f0     PhysX3CommonCHECKED_x64:PhysX3CommonCHECKED_x64.dll
 0006:000003f8       __imp_??0NamedAllocator@shdfnd@physx@@QEAA@AEBV012@@Z 00000001800b13f8     PhysX3CommonCHECKED_x64:PhysX3CommonCHECKED_x64.dll
 0006:00000400       __imp_??1NamedAllocator@shdfnd@physx@@QEAA@XZ 00000001800b1400     PhysX3CommonCHECKED_x64:PhysX3CommonCHECKED_x64.dll
 0006:00000408       __imp_?allocate@NamedAllocator@shdfnd@physx@@QEAAPEAX_KPEBDH@Z 00000001800b1408     PhysX3CommonCHECKED_x64:PhysX3CommonCHECKED_x64.dll
 0006:00000410       __imp_?deallocate@NamedAllocator@shdfnd@physx@@QEAAXPEAX@Z 00000001800b1410     PhysX3CommonCHECKED_x64:PhysX3CommonCHECKED_x64.dll
 0006:00000418       __imp_?allocate@TempAllocator@shdfnd@physx@@QEAAPEAX_KPEBDH@Z 00000001800b1418     PhysX3CommonCHECKED_x64:PhysX3CommonCHECKED_x64.dll
 0006:00000420       __imp_?deallocate@TempAllocator@shdfnd@physx@@QEAAXPEAX@Z 00000001800b1420     PhysX3CommonCHECKED_x64:PhysX3CommonCHECKED_x64.dll
 0006:00000428       __imp_?computeBoundsAroundVertices@Gu@physx@@YAXAEAVPxBounds3@2@IPEIBVPxVec3@2@@Z 00000001800b1428     PhysX3CommonCHECKED_x64:PhysX3CommonCHECKED_x64.dll
 0006:00000430       __imp_PxGetFoundation      00000001800b1430     PhysX3CommonCHECKED_x64:PhysX3CommonCHECKED_x64.dll
 0006:00000438       __imp_?getAllocator@shdfnd@physx@@YAAEAVPxAllocatorCallback@2@XZ 00000001800b1438     PhysX3CommonCHECKED_x64:PhysX3CommonCHECKED_x64.dll
 0006:00000440       __imp_?deallocate@Allocator@shdfnd@physx@@QEAAXPEAX@Z 00000001800b1440     PhysX3CommonCHECKED_x64:PhysX3CommonCHECKED_x64.dll
 0006:00000448       __imp_?getInstance@Foundation@shdfnd@physx@@SAAEAV123@XZ 00000001800b1448     PhysX3CommonCHECKED_x64:PhysX3CommonCHECKED_x64.dll
 0006:00000450       __imp_?error@Foundation@shdfnd@physx@@QEAAXW4Enum@PxErrorCode@3@PEBDH1ZZ 00000001800b1450     PhysX3CommonCHECKED_x64:PhysX3CommonCHECKED_x64.dll
 0006:00000458       __imp_?save@RTree@Gu@physx@@QEBA_NAEAVPxOutputStream@3@@Z 00000001800b1458     PhysX3CommonCHECKED_x64:PhysX3CommonCHECKED_x64.dll
 0006:00000460       __imp_?release@InternalTriangleMesh@physx@@QEAAXXZ 00000001800b1460     PhysX3CommonCHECKED_x64:PhysX3CommonCHECKED_x64.dll
 0006:00000468       __imp_?allocateVertices@InternalTriangleMesh@physx@@QEAAPEAVPxVec3@2@I@Z 00000001800b1468     PhysX3CommonCHECKED_x64:PhysX3CommonCHECKED_x64.dll
 0006:00000470       __imp_?allocateTriangles@InternalTriangleMesh@physx@@QEAAPEAXI_N@Z 00000001800b1470     PhysX3CommonCHECKED_x64:PhysX3CommonCHECKED_x64.dll
 0006:00000478       __imp_?allocateMaterials@InternalTriangleMesh@physx@@QEAAPEAGXZ 00000001800b1478     PhysX3CommonCHECKED_x64:PhysX3CommonCHECKED_x64.dll
 0006:00000480       __imp_?writeWordBuffer@physx@@YAXPEBGI_NAEAVPxOutputStream@1@@Z 00000001800b1480     PhysX3CommonCHECKED_x64:PhysX3CommonCHECKED_x64.dll
 0006:00000488       __imp_?writeFloatBuffer@physx@@YAXPEBMI_NAEAVPxOutputStream@1@@Z 00000001800b1488     PhysX3CommonCHECKED_x64:PhysX3CommonCHECKED_x64.dll
 0006:00000490       __imp_?computeMaxIndex@physx@@YAIPEBII@Z 00000001800b1490     PhysX3CommonCHECKED_x64:PhysX3CommonCHECKED_x64.dll
 0006:00000498       __imp_?storeIndices@physx@@YAXIIPEBIAEAVPxOutputStream@1@_N@Z 00000001800b1498     PhysX3CommonCHECKED_x64:PhysX3CommonCHECKED_x64.dll
 0006:000004a0       __imp_?computeMaxIndex@physx@@YAGPEBGI@Z 00000001800b14a0     PhysX3CommonCHECKED_x64:PhysX3CommonCHECKED_x64.dll
 0006:000004a8       __imp_?WriteHeader@Gu@physx@@YA_NEEEEI_NAEAVPxOutputStream@2@@Z 00000001800b14a8     PhysX3CommonCHECKED_x64:PhysX3CommonCHECKED_x64.dll
 0006:000004b0       __imp_?StoreIndices@Gu@physx@@YAXGIPEBGAEAVPxOutputStream@2@_N@Z 00000001800b14b0     PhysX3CommonCHECKED_x64:PhysX3CommonCHECKED_x64.dll
 0006:000004b8       __imp_?CreateOffsets@BigConvexData@physx@@IEAAXXZ 00000001800b14b8     PhysX3CommonCHECKED_x64:PhysX3CommonCHECKED_x64.dll
 0006:000004c0       __imp_??0RadixSortBuffered@Gu@physx@@QEAA@XZ 00000001800b14c0     PhysX3CommonCHECKED_x64:PhysX3CommonCHECKED_x64.dll
 0006:000004c8       __imp_??1RadixSortBuffered@Gu@physx@@UEAA@XZ 00000001800b14c8     PhysX3CommonCHECKED_x64:PhysX3CommonCHECKED_x64.dll
 0006:000004d0       __imp_?Sort@RadixSortBuffered@Gu@physx@@QEAAAEAV123@PEBIIW4RadixHint@23@@Z 00000001800b14d0     PhysX3CommonCHECKED_x64:PhysX3CommonCHECKED_x64.dll
 0006:000004d8       __imp_??0Container@Gu@physx@@QEAA@XZ 00000001800b14d8     PhysX3CommonCHECKED_x64:PhysX3CommonCHECKED_x64.dll
 0006:000004e0       __imp_??0Container@Gu@physx@@QEAA@AEBV012@@Z 00000001800b14e0     PhysX3CommonCHECKED_x64:PhysX3CommonCHECKED_x64.dll
 0006:000004e8       __imp_??1Container@Gu@physx@@QEAA@XZ 00000001800b14e8     PhysX3CommonCHECKED_x64:PhysX3CommonCHECKED_x64.dll
 0006:000004f0       __imp_?Empty@Container@Gu@physx@@QEAAAEAV123@XZ 00000001800b14f0     PhysX3CommonCHECKED_x64:PhysX3CommonCHECKED_x64.dll
 0006:000004f8       __imp_?Contains@Container@Gu@physx@@QEBA_NIPEAI@Z 00000001800b14f8     PhysX3CommonCHECKED_x64:PhysX3CommonCHECKED_x64.dll
 0006:00000500       __imp_??4Container@Gu@physx@@QEAAXAEBV012@@Z 00000001800b1500     PhysX3CommonCHECKED_x64:PhysX3CommonCHECKED_x64.dll
 0006:00000508       __imp_?Resize@Container@Gu@physx@@AEAA_NI@Z 00000001800b1508     PhysX3CommonCHECKED_x64:PhysX3CommonCHECKED_x64.dll
 0006:00000510       __imp_??0ConvexMesh@Gu@physx@@QEAA@XZ 00000001800b1510     PhysX3CommonCHECKED_x64:PhysX3CommonCHECKED_x64.dll
 0006:00000518       __imp_??1ConvexMesh@Gu@physx@@UEAA@XZ 00000001800b1518     PhysX3CommonCHECKED_x64:PhysX3CommonCHECKED_x64.dll
 0006:00000520       __imp_??0BigConvexData@physx@@QEAA@XZ 00000001800b1520     PhysX3CommonCHECKED_x64:PhysX3CommonCHECKED_x64.dll
 0006:00000528       __imp_??1BigConvexData@physx@@QEAA@XZ 00000001800b1528     PhysX3CommonCHECKED_x64:PhysX3CommonCHECKED_x64.dll
 0006:00000530       __imp_?exportExtraData@ConvexMesh@Gu@physx@@UEAAXAEAVPxSerializationContext@3@@Z 00000001800b1530     PhysX3CommonCHECKED_x64:PhysX3CommonCHECKED_x64.dll
 0006:00000538       __imp_?getConcreteTypeName@PxConvexMesh@physx@@UEBAPEBDXZ 00000001800b1538     PhysX3CommonCHECKED_x64:PhysX3CommonCHECKED_x64.dll
 0006:00000540       __imp_?getIndexBuffer@ConvexMesh@Gu@physx@@UEBAPEBEXZ 00000001800b1540     PhysX3CommonCHECKED_x64:PhysX3CommonCHECKED_x64.dll
 0006:00000548       __imp_?getLocalBounds@ConvexMesh@Gu@physx@@UEBA?AVPxBounds3@3@XZ 00000001800b1548     PhysX3CommonCHECKED_x64:PhysX3CommonCHECKED_x64.dll
 0006:00000550       __imp_?getMassInformation@ConvexMesh@Gu@physx@@UEBAXAEAMAEAVPxMat33@3@AEAVPxVec3@3@@Z 00000001800b1550     PhysX3CommonCHECKED_x64:PhysX3CommonCHECKED_x64.dll
 0006:00000558       __imp_?getNbPolygons@ConvexMesh@Gu@physx@@UEBAIXZ 00000001800b1558     PhysX3CommonCHECKED_x64:PhysX3CommonCHECKED_x64.dll
 0006:00000560       __imp_?getNbVertices@ConvexMesh@Gu@physx@@UEBAIXZ 00000001800b1560     PhysX3CommonCHECKED_x64:PhysX3CommonCHECKED_x64.dll
 0006:00000568       __imp_?getPolygonData@ConvexMesh@Gu@physx@@UEBA_NIAEAUPxHullPolygon@3@@Z 00000001800b1568     PhysX3CommonCHECKED_x64:PhysX3CommonCHECKED_x64.dll
 0006:00000570       __imp_?getReferenceCount@ConvexMesh@Gu@physx@@UEBAIXZ 00000001800b1570     PhysX3CommonCHECKED_x64:PhysX3CommonCHECKED_x64.dll
 0006:00000578       __imp_?getVertices@ConvexMesh@Gu@physx@@UEBAPEBVPxVec3@3@XZ 00000001800b1578     PhysX3CommonCHECKED_x64:PhysX3CommonCHECKED_x64.dll
 0006:00000580       __imp_?isKindOf@PxConvexMesh@physx@@MEBA_NPEBD@Z 00000001800b1580     PhysX3CommonCHECKED_x64:PhysX3CommonCHECKED_x64.dll
 0006:00000588       __imp_?onRefCountZero@ConvexMesh@Gu@physx@@UEAAXXZ 00000001800b1588     PhysX3CommonCHECKED_x64:PhysX3CommonCHECKED_x64.dll
 0006:00000590       __imp_?release@ConvexMesh@Gu@physx@@UEAAXXZ 00000001800b1590     PhysX3CommonCHECKED_x64:PhysX3CommonCHECKED_x64.dll
 0006:00000598       __imp_?readDword@physx@@YAI_NAEAVPxInputStream@1@@Z 00000001800b1598     PhysX3CommonCHECKED_x64:PhysX3CommonCHECKED_x64.dll
 0006:000005a0       __imp_?ReadHeader@Gu@physx@@YA_NEEEEAEAIAEA_NAEAVPxInputStream@2@@Z 00000001800b15a0     PhysX3CommonCHECKED_x64:PhysX3CommonCHECKED_x64.dll
 0006:000005a8       __imp_??0FPUGuard@shdfnd@physx@@QEAA@XZ 00000001800b15a8     PhysX3CommonCHECKED_x64:PhysX3CommonCHECKED_x64.dll
 0006:000005b0       __imp_??1FPUGuard@shdfnd@physx@@QEAA@XZ 00000001800b15b0     PhysX3CommonCHECKED_x64:PhysX3CommonCHECKED_x64.dll
 0006:000005b8       __imp_?incRefCount@Foundation@shdfnd@physx@@SAXXZ 00000001800b15b8     PhysX3CommonCHECKED_x64:PhysX3CommonCHECKED_x64.dll
 0006:000005c0       __imp_?decRefCount@Foundation@shdfnd@physx@@SAXXZ 00000001800b15c0     PhysX3CommonCHECKED_x64:PhysX3CommonCHECKED_x64.dll
 0006:000005c8       __imp_??0TriangleMesh@Gu@physx@@QEAA@XZ 00000001800b15c8     PhysX3CommonCHECKED_x64:PhysX3CommonCHECKED_x64.dll
 0006:000005d0       __imp_?checkMeshIndicesSize@TriangleMesh@Gu@physx@@QEAAXXZ 00000001800b15d0     PhysX3CommonCHECKED_x64:PhysX3CommonCHECKED_x64.dll
 0006:000005d8       __imp_??1TriangleMesh@Gu@physx@@UEAA@XZ 00000001800b15d8     PhysX3CommonCHECKED_x64:PhysX3CommonCHECKED_x64.dll
 0006:000005e0       __imp_??0HeightField@Gu@physx@@QEAA@PEAVGuMeshFactory@2@@Z 00000001800b15e0     PhysX3CommonCHECKED_x64:PhysX3CommonCHECKED_x64.dll
 0006:000005e8       __imp_?loadFromDesc@HeightField@Gu@physx@@QEAA_NAEBVPxHeightFieldDesc@3@_N@Z 00000001800b15e8     PhysX3CommonCHECKED_x64:PhysX3CommonCHECKED_x64.dll
 0006:000005f0       __imp_?releaseMemory@HeightField@Gu@physx@@QEAAX_N@Z 00000001800b15f0     PhysX3CommonCHECKED_x64:PhysX3CommonCHECKED_x64.dll
 0006:000005f8       __imp_?exportExtraData@TriangleMesh@Gu@physx@@UEAAXAEAVPxSerializationContext@3@@Z 00000001800b15f8     PhysX3CommonCHECKED_x64:PhysX3CommonCHECKED_x64.dll
 0006:00000600       __imp_?getConcreteTypeName@PxTriangleMesh@physx@@UEBAPEBDXZ 00000001800b1600     PhysX3CommonCHECKED_x64:PhysX3CommonCHECKED_x64.dll
 0006:00000608       __imp_?getLocalBounds@TriangleMesh@Gu@physx@@UEBA?AVPxBounds3@3@XZ 00000001800b1608     PhysX3CommonCHECKED_x64:PhysX3CommonCHECKED_x64.dll
 0006:00000610       __imp_?getNbTriangles@TriangleMesh@Gu@physx@@UEBAIXZ 00000001800b1610     PhysX3CommonCHECKED_x64:PhysX3CommonCHECKED_x64.dll
 0006:00000618       __imp_?getNbVertices@TriangleMesh@Gu@physx@@UEBAIXZ 00000001800b1618     PhysX3CommonCHECKED_x64:PhysX3CommonCHECKED_x64.dll
 0006:00000620       __imp_?getReferenceCount@TriangleMesh@Gu@physx@@UEBAIXZ 00000001800b1620     PhysX3CommonCHECKED_x64:PhysX3CommonCHECKED_x64.dll
 0006:00000628       __imp_?getTriangleMaterialIndex@TriangleMesh@Gu@physx@@UEBAGI@Z 00000001800b1628     PhysX3CommonCHECKED_x64:PhysX3CommonCHECKED_x64.dll
 0006:00000630       __imp_?getTriangleMeshFlags@TriangleMesh@Gu@physx@@UEBA?AV?$PxFlags@W4Enum@PxTriangleMeshFlag@physx@@E@3@XZ 00000001800b1630     PhysX3CommonCHECKED_x64:PhysX3CommonCHECKED_x64.dll
 0006:00000638       __imp_?getTriangles@TriangleMesh@Gu@physx@@UEBAPEBXXZ 00000001800b1638     PhysX3CommonCHECKED_x64:PhysX3CommonCHECKED_x64.dll
 0006:00000640       __imp_?getTrianglesRemap@TriangleMesh@Gu@physx@@UEBAPEBIXZ 00000001800b1640     PhysX3CommonCHECKED_x64:PhysX3CommonCHECKED_x64.dll
 0006:00000648       __imp_?getVertices@TriangleMesh@Gu@physx@@UEBAPEBVPxVec3@3@XZ 00000001800b1648     PhysX3CommonCHECKED_x64:PhysX3CommonCHECKED_x64.dll
 0006:00000650       __imp_?isKindOf@PxTriangleMesh@physx@@MEBA_NPEBD@Z 00000001800b1650     PhysX3CommonCHECKED_x64:PhysX3CommonCHECKED_x64.dll
 0006:00000658       __imp_?onRefCountZero@TriangleMesh@Gu@physx@@UEAAXXZ 00000001800b1658     PhysX3CommonCHECKED_x64:PhysX3CommonCHECKED_x64.dll
 0006:00000660       __imp_?release@TriangleMesh@Gu@physx@@UEAAXXZ 00000001800b1660     PhysX3CommonCHECKED_x64:PhysX3CommonCHECKED_x64.dll
 0006:00000668       __imp_?setupMeshInterface@InternalTriangleMesh@physx@@QEAAXXZ 00000001800b1668     PhysX3CommonCHECKED_x64:PhysX3CommonCHECKED_x64.dll
 0006:00000670       \177PhysX3CommonCHECKED_x64_NULL_THUNK_DATA_DLA 00000001800b1670     PhysX3CommonCHECKED_x64:PhysX3CommonCHECKED_x64.dll
 0006:00001b78       \177PhysX3CommonCHECKED_x64_NULL_THUNK_DATA_DLB 00000001800b2b78     PhysX3CommonCHECKED_x64:PhysX3CommonCHECKED_x64.dll
 0008:00000000       __guard_check_icall_fptr   00000001800b4000     LIBCMT:guard_support.obj
 0008:00000010       __guard_dispatch_icall_fptr 00000001800b4010     LIBCMT:guard_support.obj
